2026-07-28T22:31:40-04:00 dcwasof2nexvue01 systemd[1]: Starting nexvue-encode@1.service - NexVUE encoder channel 1 (DeckLink -> MediaMTX)...
2026-07-28T22:31:40-04:00 dcwasof2nexvue01 systemd[1]: Started nexvue-encode@1.service - NexVUE encoder channel 1 (DeckLink -> MediaMTX).
2026-07-28T22:31:41-04:00 dcwasof2nexvue01 bash[2369006]: [nexvue-encode] starting: device=1 path=ch1 deint=top hi=4000kbps lo=true(500kbps) audio=true layout=stereo(8ch@128000bps embeds=1,2) captions=true enc=vah264enc
2026-07-28T22:31:41-04:00 dcwasof2nexvue01 bash[2369006]: [nexvue-encode] publishing HI to rtsp://127.0.0.1:8554/ch1?jwt=eyJhbGciOiJSUzI1NiIsInR5cCI6IkpXVCIsImtpZCI6Ikk4TXU0UzdHbW9BIn0.eyJpYXQiOjE3ODUyOTAxNzAsImV4cCI6MjEwMDY1MDE3MCwiaXNzIjoibmV4dnVlLWVkZ2UiLCJzdWIiOiJuZXh2dWUtZW5jb2RlIiwibWVkaWFtdHhfcGVybWlzc2lvbnMiOlt7ImFjdGlvbiI6InB1Ymxpc2giLCJwYXRoIjoiIn0seyJhY3Rpb24iOiJhcGkifV19.dGbo3znxmuXcs3_azRaYNG80pB1vp-oq7x4cflOpM5QYkUzd8QIhtnHFL9y1IZRQ9Yrm_eop48Fb8PuJU8CS3nhVThA02zuUiLwqFsWDJupZg5IUsTOdymybYfqvifwH8QZj66_uFC83Abjt6JCJhKBSMLqpKWNdAPDUl3elTsQ9UGzLUc0ScesumgW11t_cp6cxGWwVb96bnfGv8lt3GnawjEwchpEGMQjkJRKsgM4L_xpqDzwseUjti8CSDsUZWuIku-Qct7UOnd7PX1e5OhXLclURiq_8VXssuw22t2UxgZzHLL7D0-7XwJ4bVobLrG3unzbiNepAGrAvtyNn1w, LO to rtsp://127.0.0.1:8554/ch1lo?jwt=eyJhbGciOiJSUzI1NiIsInR5cCI6IkpXVCIsImtpZCI6Ikk4TXU0UzdHbW9BIn0.eyJpYXQiOjE3ODUyOTAxNzAsImV4cCI6MjEwMDY1MDE3MCwiaXNzIjoibmV4dnVlLWVkZ2UiLCJzdWIiOiJuZXh2dWUtZW5jb2RlIiwibWVkaWFtdHhfcGVybWlzc2lvbnMiOlt7ImFjdGlvbiI6InB1Ymxpc2giLCJwYXRoIjoiIn0seyJhY3Rpb24iOiJhcGkifV19.dGbo3znxmuXcs3_azRaYNG80pB1vp-oq7x4cflOpM5QYkUzd8QIhtnHFL9y1IZRQ9Yrm_eop48Fb8PuJU8CS3nhVThA02zuUiLwqFsWDJupZg5IUsTOdymybYfqvifwH8QZj66_uFC83Abjt6JCJhKBSMLqpKWNdAPDUl3elTsQ9UGzLUc0ScesumgW11t_cp6cxGWwVb96bnfGv8lt3GnawjEwchpEGMQjkJRKsgM4L_xpqDzwseUjti8CSDsUZWuIku-Qct7UOnd7PX1e5OhXLclURiq_8VXssuw22t2UxgZzHLL7D0-7XwJ4bVobLrG3unzbiNepAGrAvtyNn1w
2026-07-28T22:31:41-04:00 dcwasof2nexvue01 bash[2369106]: Setting pipeline to PAUSED ...
2026-07-28T22:31:41-04:00 dcwasof2nexvue01 bash[2369106]: Pipeline is live and does not need PREROLL ...
2026-07-28T22:31:41-04:00 dcwasof2nexvue01 bash[2369106]: Got context from element 'vah264enc1': gst.va.display.handle=context, gst-display=(GstObject)"\(GstVaDisplayDrm\)\ vadisplaydrm2", description=(string)"Intel\(R\)\ Gen\ Graphics", path=(string)/dev/dri/renderD128;
2026-07-28T22:31:41-04:00 dcwasof2nexvue01 bash[2369106]: Progress: (open) Opening Stream
2026-07-28T22:31:41-04:00 dcwasof2nexvue01 bash[2369106]: Progress: (open) Opening Stream
2026-07-28T22:31:41-04:00 dcwasof2nexvue01 bash[2369106]: Progress: (connect) Connecting to rtsp://127.0.0.1:8554/ch1lo?jwt=eyJhbGciOiJSUzI1NiIsInR5cCI6IkpXVCIsImtpZCI6Ikk4TXU0UzdHbW9BIn0.eyJpYXQiOjE3ODUyOTAxNzAsImV4cCI6MjEwMDY1MDE3MCwiaXNzIjoibmV4dnVlLWVkZ2UiLCJzdWIiOiJuZXh2dWUtZW5jb2RlIiwibWVkaWFtdHhfcGVybWlzc2lvbnMiOlt7ImFjdGlvbiI6InB1Ymxpc2giLCJwYXRoIjoiIn0seyJhY3Rpb24iOiJhcGkifV19.dGbo3znxmuXcs3_azRaYNG80pB1vp-oq7x4cflOpM5QYkUzd8QIhtnHFL9y1IZRQ9Yrm_eop48Fb8PuJU8CS3nhVThA02zuUiLwqFsWDJupZg5IUsTOdymybYfqvifwH8QZj66_uFC83Abjt6JCJhKBSMLqpKWNdAPDUl3elTsQ9UGzLUc0ScesumgW11t_cp6cxGWwVb96bnfGv8lt3GnawjEwchpEGMQjkJRKsgM4L_xpqDzwseUjti8CSDsUZWuIku-Qct7UOnd7PX1e5OhXLclURiq_8VXssuw22t2UxgZzHLL7D0-7XwJ4bVobLrG3unzbiNepAGrAvtyNn1w
2026-07-28T22:31:41-04:00 dcwasof2nexvue01 bash[2369106]: Progress: (connect) Connecting to rtsp://127.0.0.1:8554/ch1?jwt=eyJhbGciOiJSUzI1NiIsInR5cCI6IkpXVCIsImtpZCI6Ikk4TXU0UzdHbW9BIn0.eyJpYXQiOjE3ODUyOTAxNzAsImV4cCI6MjEwMDY1MDE3MCwiaXNzIjoibmV4dnVlLWVkZ2UiLCJzdWIiOiJuZXh2dWUtZW5jb2RlIiwibWVkaWFtdHhfcGVybWlzc2lvbnMiOlt7ImFjdGlvbiI6InB1Ymxpc2giLCJwYXRoIjoiIn0seyJhY3Rpb24iOiJhcGkifV19.dGbo3znxmuXcs3_azRaYNG80pB1vp-oq7x4cflOpM5QYkUzd8QIhtnHFL9y1IZRQ9Yrm_eop48Fb8PuJU8CS3nhVThA02zuUiLwqFsWDJupZg5IUsTOdymybYfqvifwH8QZj66_uFC83Abjt6JCJhKBSMLqpKWNdAPDUl3elTsQ9UGzLUc0ScesumgW11t_cp6cxGWwVb96bnfGv8lt3GnawjEwchpEGMQjkJRKsgM4L_xpqDzwseUjti8CSDsUZWuIku-Qct7UOnd7PX1e5OhXLclURiq_8VXssuw22t2UxgZzHLL7D0-7XwJ4bVobLrG3unzbiNepAGrAvtyNn1w
2026-07-28T22:31:41-04:00 dcwasof2nexvue01 bash[2369106]: Pipeline is PREROLLED ...
2026-07-28T22:31:41-04:00 dcwasof2nexvue01 bash[2369106]: Prerolled, waiting for progress to finish...
2026-07-28T22:31:41-04:00 dcwasof2nexvue01 bash[2369106]: Progress: (open) Retrieving server options
2026-07-28T22:31:41-04:00 dcwasof2nexvue01 bash[2369106]: Progress: (open) Retrieving server options
2026-07-28T22:31:41-04:00 dcwasof2nexvue01 bash[2369106]: Progress: (open) Opened Stream
2026-07-28T22:31:41-04:00 dcwasof2nexvue01 bash[2369106]: Setting pipeline to PLAYING ...
2026-07-28T22:31:41-04:00 dcwasof2nexvue01 bash[2369106]: New clock: GstSystemClock
2026-07-28T22:31:41-04:00 dcwasof2nexvue01 bash[2369106]: Progress: (request) Sending RECORD request
2026-07-28T22:31:41-04:00 dcwasof2nexvue01 bash[2369106]: Progress: (request) Sending RECORD request
2026-07-28T22:31:41-04:00 dcwasof2nexvue01 bash[2369106]: Progress: (open) Opened Stream
2026-07-28T22:31:41-04:00 dcwasof2nexvue01 bash[2369106]: WARNING: from element /GstPipeline:pipeline0/GstDecklinkVideoSrc:decklinkvideosrc0: Signal lost
2026-07-28T22:31:41-04:00 dcwasof2nexvue01 bash[2369106]: Additional debug info:
2026-07-28T22:31:41-04:00 dcwasof2nexvue01 bash[2369106]: ../sys/decklink/gstdecklinkvideosrc.cpp(1283): gst_decklink_video_src_create (): /GstPipeline:pipeline0/GstDecklinkVideoSrc:decklinkvideosrc0:
2026-07-28T22:31:41-04:00 dcwasof2nexvue01 bash[2369106]: No input source was detected - video frames invalid
2026-07-28T22:31:41-04:00 dcwasof2nexvue01 bash[2369106]: Redistribute latency...
2026-07-28T22:31:41-04:00 dcwasof2nexvue01 bash[2369106]: Redistribute latency...
2026-07-28T22:31:41-04:00 dcwasof2nexvue01 bash[2369106]: Redistribute latency...
2026-07-28T22:31:41-04:00 dcwasof2nexvue01 bash[2369106]: Progress: (record) Sending server stream info
2026-07-28T22:31:41-04:00 dcwasof2nexvue01 bash[2369106]: Progress: (request) SETUP stream 1
2026-07-28T22:31:41-04:00 dcwasof2nexvue01 bash[2369106]: Redistribute latency...
2026-07-28T22:31:41-04:00 dcwasof2nexvue01 bash[2369106]: Redistribute latency...
2026-07-28T22:31:41-04:00 dcwasof2nexvue01 bash[2369106]: Redistribute latency...
2026-07-28T22:31:41-04:00 dcwasof2nexvue01 bash[2369106]: Progress: (record) Sending server stream info
2026-07-28T22:31:41-04:00 dcwasof2nexvue01 bash[2369106]: Progress: (request) SETUP stream 1
2026-07-28T22:31:41-04:00 dcwasof2nexvue01 bash[2369106]: Redistribute latency...
2026-07-28T22:31:41-04:00 dcwasof2nexvue01 bash[2369106]: Redistribute latency...
2026-07-28T22:31:41-04:00 dcwasof2nexvue01 bash[2369106]: INFO:
2026-07-28T22:31:41-04:00 dcwasof2nexvue01 bash[2369106]: ../sys/decklink/gstdecklinkvideosrc.cpp(1300): gst_decklink_video_src_create (): /GstPipeline:pipeline0/GstDecklinkVideoSrc:decklinkvideosrc0:
2026-07-28T22:31:41-04:00 dcwasof2nexvue01 bash[2369106]: Input source detected
2026-07-28T22:31:41-04:00 dcwasof2nexvue01 bash[2369106]: Redistribute latency...
2026-07-28T22:31:42-04:00 dcwasof2nexvue01 bash[2369106]: Progress: (request) SETUP stream 0
2026-07-28T22:31:42-04:00 dcwasof2nexvue01 bash[2369106]: Redistribute latency...
2026-07-28T22:31:42-04:00 dcwasof2nexvue01 bash[2369106]: Redistribute latency...
2026-07-28T22:31:42-04:00 dcwasof2nexvue01 bash[2369106]: Progress: (request) SETUP stream 0
2026-07-28T22:31:42-04:00 dcwasof2nexvue01 bash[2369106]: Redistribute latency...
2026-07-28T22:31:42-04:00 dcwasof2nexvue01 bash[2369106]: Redistribute latency...
2026-07-28T22:31:43-04:00 dcwasof2nexvue01 bash[2369106]: Progress: (record) Starting recording
2026-07-28T22:31:43-04:00 dcwasof2nexvue01 bash[2369106]: Redistribute latency...
2026-07-28T22:31:43-04:00 dcwasof2nexvue01 bash[2369106]: Progress: (record) Starting recording
2026-07-28T22:31:43-04:00 dcwasof2nexvue01 bash[2369106]: Redistribute latency...
2026-07-28T22:31:43-04:00 dcwasof2nexvue01 bash[2369106]: WARNING: from element /GstPipeline:pipeline0/GstDecklinkVideoSrc:decklinkvideosrc0: Dropped 31 old frames from 0:00:01.212669421 to 0:00:02.213669421
2026-07-28T22:31:43-04:00 dcwasof2nexvue01 bash[2369106]: Additional debug info:
2026-07-28T22:31:43-04:00 dcwasof2nexvue01 bash[2369106]: ../sys/decklink/gstdecklinkvideosrc.cpp(925): gst_decklink_video_src_got_frame (): /GstPipeline:pipeline0/GstDecklinkVideoSrc:decklinkvideosrc0
2026-07-28T22:31:44-04:00 dcwasof2nexvue01 bash[2369106]: Redistribute latency...
2026-07-28T22:31:45-04:00 dcwasof2nexvue01 bash[2369106]: Redistribute latency...
2026-07-28T22:31:46-04:00 dcwasof2nexvue01 bash[2369106]: Redistribute latency...
2026-07-28T22:31:46-04:00 dcwasof2nexvue01 bash[2369106]: Redistribute latency...
2026-07-28T22:34:39-04:00 dcwasof2nexvue01 systemd[1]: Stopping nexvue-encode@1.service - NexVUE encoder channel 1 (DeckLink -> MediaMTX)...
2026-07-28T22:34:39-04:00 dcwasof2nexvue01 bash[2369006]: Terminated
2026-07-28T22:34:39-04:00 dcwasof2nexvue01 systemd[1]: nexvue-encode@1.service: Main process exited, code=exited, status=143/n/a
2026-07-28T22:34:39-04:00 dcwasof2nexvue01 systemd[1]: nexvue-encode@1.service: Failed with result 'exit-code'.
2026-07-28T22:34:39-04:00 dcwasof2nexvue01 systemd[1]: Stopped nexvue-encode@1.service - NexVUE encoder channel 1 (DeckLink -> MediaMTX).
2026-07-28T22:34:39-04:00 dcwasof2nexvue01 systemd[1]: nexvue-encode@1.service: Consumed 1min 48.759s CPU time.
-- Boot 7dc65741f33b4e2ba2f12ad984e68e0d --
2026-07-28T22:35:00-04:00 dcwasof2nexvue01 systemd[1]: Starting nexvue-encode@1.service - NexVUE encoder channel 1 (DeckLink -> MediaMTX)...
2026-07-28T22:35:00-04:00 dcwasof2nexvue01 systemd[1]: Started nexvue-encode@1.service - NexVUE encoder channel 1 (DeckLink -> MediaMTX).
2026-07-28T22:35:01-04:00 dcwasof2nexvue01 bash[2092]: [nexvue-encode] starting: device=1 path=ch1 deint=top hi=4000kbps lo=true(500kbps) audio=true layout=stereo(8ch@128000bps embeds=1,2) captions=true enc=vah264enc
2026-07-28T22:35:01-04:00 dcwasof2nexvue01 bash[2092]: [nexvue-encode] publishing HI to rtsp://127.0.0.1:8554/ch1?jwt=eyJhbGciOiJSUzI1NiIsInR5cCI6IkpXVCIsImtpZCI6Ikk4TXU0UzdHbW9BIn0.eyJpYXQiOjE3ODUyOTAxNzAsImV4cCI6MjEwMDY1MDE3MCwiaXNzIjoibmV4dnVlLWVkZ2UiLCJzdWIiOiJuZXh2dWUtZW5jb2RlIiwibWVkaWFtdHhfcGVybWlzc2lvbnMiOlt7ImFjdGlvbiI6InB1Ymxpc2giLCJwYXRoIjoiIn0seyJhY3Rpb24iOiJhcGkifV19.dGbo3znxmuXcs3_azRaYNG80pB1vp-oq7x4cflOpM5QYkUzd8QIhtnHFL9y1IZRQ9Yrm_eop48Fb8PuJU8CS3nhVThA02zuUiLwqFsWDJupZg5IUsTOdymybYfqvifwH8QZj66_uFC83Abjt6JCJhKBSMLqpKWNdAPDUl3elTsQ9UGzLUc0ScesumgW11t_cp6cxGWwVb96bnfGv8lt3GnawjEwchpEGMQjkJRKsgM4L_xpqDzwseUjti8CSDsUZWuIku-Qct7UOnd7PX1e5OhXLclURiq_8VXssuw22t2UxgZzHLL7D0-7XwJ4bVobLrG3unzbiNepAGrAvtyNn1w, LO to rtsp://127.0.0.1:8554/ch1lo?jwt=eyJhbGciOiJSUzI1NiIsInR5cCI6IkpXVCIsImtpZCI6Ikk4TXU0UzdHbW9BIn0.eyJpYXQiOjE3ODUyOTAxNzAsImV4cCI6MjEwMDY1MDE3MCwiaXNzIjoibmV4dnVlLWVkZ2UiLCJzdWIiOiJuZXh2dWUtZW5jb2RlIiwibWVkaWFtdHhfcGVybWlzc2lvbnMiOlt7ImFjdGlvbiI6InB1Ymxpc2giLCJwYXRoIjoiIn0seyJhY3Rpb24iOiJhcGkifV19.dGbo3znxmuXcs3_azRaYNG80pB1vp-oq7x4cflOpM5QYkUzd8QIhtnHFL9y1IZRQ9Yrm_eop48Fb8PuJU8CS3nhVThA02zuUiLwqFsWDJupZg5IUsTOdymybYfqvifwH8QZj66_uFC83Abjt6JCJhKBSMLqpKWNdAPDUl3elTsQ9UGzLUc0ScesumgW11t_cp6cxGWwVb96bnfGv8lt3GnawjEwchpEGMQjkJRKsgM4L_xpqDzwseUjti8CSDsUZWuIku-Qct7UOnd7PX1e5OhXLclURiq_8VXssuw22t2UxgZzHLL7D0-7XwJ4bVobLrG3unzbiNepAGrAvtyNn1w
2026-07-28T22:35:01-04:00 dcwasof2nexvue01 bash[2585]: Setting pipeline to PAUSED ...
2026-07-28T22:35:01-04:00 dcwasof2nexvue01 bash[2585]: Pipeline is live and does not need PREROLL ...
2026-07-28T22:35:01-04:00 dcwasof2nexvue01 bash[2585]: Got context from element 'vah264enc1': gst.va.display.handle=context, gst-display=(GstObject)"\(GstVaDisplayDrm\)\ vadisplaydrm2", description=(string)"Intel\(R\)\ Gen\ Graphics", path=(string)/dev/dri/renderD128;
2026-07-28T22:35:01-04:00 dcwasof2nexvue01 bash[2585]: Progress: (open) Opening Stream
2026-07-28T22:35:01-04:00 dcwasof2nexvue01 bash[2585]: Progress: (open) Opening Stream
2026-07-28T22:35:01-04:00 dcwasof2nexvue01 bash[2585]: Progress: (connect) Connecting to rtsp://127.0.0.1:8554/ch1lo?jwt=eyJhbGciOiJSUzI1NiIsInR5cCI6IkpXVCIsImtpZCI6Ikk4TXU0UzdHbW9BIn0.eyJpYXQiOjE3ODUyOTAxNzAsImV4cCI6MjEwMDY1MDE3MCwiaXNzIjoibmV4dnVlLWVkZ2UiLCJzdWIiOiJuZXh2dWUtZW5jb2RlIiwibWVkaWFtdHhfcGVybWlzc2lvbnMiOlt7ImFjdGlvbiI6InB1Ymxpc2giLCJwYXRoIjoiIn0seyJhY3Rpb24iOiJhcGkifV19.dGbo3znxmuXcs3_azRaYNG80pB1vp-oq7x4cflOpM5QYkUzd8QIhtnHFL9y1IZRQ9Yrm_eop48Fb8PuJU8CS3nhVThA02zuUiLwqFsWDJupZg5IUsTOdymybYfqvifwH8QZj66_uFC83Abjt6JCJhKBSMLqpKWNdAPDUl3elTsQ9UGzLUc0ScesumgW11t_cp6cxGWwVb96bnfGv8lt3GnawjEwchpEGMQjkJRKsgM4L_xpqDzwseUjti8CSDsUZWuIku-Qct7UOnd7PX1e5OhXLclURiq_8VXssuw22t2UxgZzHLL7D0-7XwJ4bVobLrG3unzbiNepAGrAvtyNn1w
2026-07-28T22:35:01-04:00 dcwasof2nexvue01 bash[2585]: Progress: (connect) Connecting to rtsp://127.0.0.1:8554/ch1?jwt=eyJhbGciOiJSUzI1NiIsInR5cCI6IkpXVCIsImtpZCI6Ikk4TXU0UzdHbW9BIn0.eyJpYXQiOjE3ODUyOTAxNzAsImV4cCI6MjEwMDY1MDE3MCwiaXNzIjoibmV4dnVlLWVkZ2UiLCJzdWIiOiJuZXh2dWUtZW5jb2RlIiwibWVkaWFtdHhfcGVybWlzc2lvbnMiOlt7ImFjdGlvbiI6InB1Ymxpc2giLCJwYXRoIjoiIn0seyJhY3Rpb24iOiJhcGkifV19.dGbo3znxmuXcs3_azRaYNG80pB1vp-oq7x4cflOpM5QYkUzd8QIhtnHFL9y1IZRQ9Yrm_eop48Fb8PuJU8CS3nhVThA02zuUiLwqFsWDJupZg5IUsTOdymybYfqvifwH8QZj66_uFC83Abjt6JCJhKBSMLqpKWNdAPDUl3elTsQ9UGzLUc0ScesumgW11t_cp6cxGWwVb96bnfGv8lt3GnawjEwchpEGMQjkJRKsgM4L_xpqDzwseUjti8CSDsUZWuIku-Qct7UOnd7PX1e5OhXLclURiq_8VXssuw22t2UxgZzHLL7D0-7XwJ4bVobLrG3unzbiNepAGrAvtyNn1w
2026-07-28T22:35:01-04:00 dcwasof2nexvue01 bash[2585]: Pipeline is PREROLLED ...
2026-07-28T22:35:01-04:00 dcwasof2nexvue01 bash[2585]: Prerolled, waiting for progress to finish...
2026-07-28T22:35:01-04:00 dcwasof2nexvue01 bash[2585]: Progress: (open) Retrieving server options
2026-07-28T22:35:01-04:00 dcwasof2nexvue01 bash[2585]: Progress: (open) Retrieving server options
2026-07-28T22:35:01-04:00 dcwasof2nexvue01 bash[2585]: Progress: (open) Opened Stream
2026-07-28T22:35:01-04:00 dcwasof2nexvue01 bash[2585]: Setting pipeline to PLAYING ...
2026-07-28T22:35:01-04:00 dcwasof2nexvue01 bash[2585]: New clock: GstSystemClock
2026-07-28T22:35:01-04:00 dcwasof2nexvue01 bash[2585]: Progress: (request) Sending RECORD request
2026-07-28T22:35:01-04:00 dcwasof2nexvue01 bash[2585]: Progress: (request) Sending RECORD request
2026-07-28T22:35:01-04:00 dcwasof2nexvue01 bash[2585]: Progress: (open) Opened Stream
2026-07-28T22:35:01-04:00 dcwasof2nexvue01 bash[2585]: WARNING: from element /GstPipeline:pipeline0/GstDecklinkVideoSrc:decklinkvideosrc0: Signal lost
2026-07-28T22:35:01-04:00 dcwasof2nexvue01 bash[2585]: Additional debug info:
2026-07-28T22:35:01-04:00 dcwasof2nexvue01 bash[2585]: ../sys/decklink/gstdecklinkvideosrc.cpp(1283): gst_decklink_video_src_create (): /GstPipeline:pipeline0/GstDecklinkVideoSrc:decklinkvideosrc0:
2026-07-28T22:35:01-04:00 dcwasof2nexvue01 bash[2585]: No input source was detected - video frames invalid
2026-07-28T22:35:01-04:00 dcwasof2nexvue01 bash[2585]: Redistribute latency...
2026-07-28T22:35:01-04:00 dcwasof2nexvue01 bash[2585]: Redistribute latency...
2026-07-28T22:35:01-04:00 dcwasof2nexvue01 bash[2585]: Redistribute latency...
2026-07-28T22:35:01-04:00 dcwasof2nexvue01 bash[2585]: Progress: (record) Sending server stream info
2026-07-28T22:35:01-04:00 dcwasof2nexvue01 bash[2585]: Progress: (request) SETUP stream 1
2026-07-28T22:35:01-04:00 dcwasof2nexvue01 bash[2585]: Redistribute latency...
2026-07-28T22:35:01-04:00 dcwasof2nexvue01 bash[2585]: Redistribute latency...
2026-07-28T22:35:01-04:00 dcwasof2nexvue01 bash[2585]: Redistribute latency...
2026-07-28T22:35:01-04:00 dcwasof2nexvue01 bash[2585]: Progress: (record) Sending server stream info
2026-07-28T22:35:01-04:00 dcwasof2nexvue01 bash[2585]: Progress: (request) SETUP stream 1
2026-07-28T22:35:01-04:00 dcwasof2nexvue01 bash[2585]: Redistribute latency...
2026-07-28T22:35:01-04:00 dcwasof2nexvue01 bash[2585]: Redistribute latency...
2026-07-28T22:35:02-04:00 dcwasof2nexvue01 bash[2585]: INFO:
2026-07-28T22:35:02-04:00 dcwasof2nexvue01 bash[2585]: ../sys/decklink/gstdecklinkvideosrc.cpp(1300): gst_decklink_video_src_create (): /GstPipeline:pipeline0/GstDecklinkVideoSrc:decklinkvideosrc0:
2026-07-28T22:35:02-04:00 dcwasof2nexvue01 bash[2585]: Input source detected
2026-07-28T22:35:02-04:00 dcwasof2nexvue01 bash[2585]: Redistribute latency...
2026-07-28T22:35:02-04:00 dcwasof2nexvue01 bash[2585]: Progress: (request) SETUP stream 0
2026-07-28T22:35:02-04:00 dcwasof2nexvue01 bash[2585]: Redistribute latency...
2026-07-28T22:35:02-04:00 dcwasof2nexvue01 bash[2585]: Redistribute latency...
2026-07-28T22:35:02-04:00 dcwasof2nexvue01 bash[2585]: Progress: (request) SETUP stream 0
2026-07-28T22:35:02-04:00 dcwasof2nexvue01 bash[2585]: Redistribute latency...
2026-07-28T22:35:02-04:00 dcwasof2nexvue01 bash[2585]: Redistribute latency...
2026-07-28T22:35:03-04:00 dcwasof2nexvue01 bash[2585]: Progress: (record) Starting recording
2026-07-28T22:35:03-04:00 dcwasof2nexvue01 bash[2585]: Redistribute latency...
2026-07-28T22:35:03-04:00 dcwasof2nexvue01 bash[2585]: Progress: (record) Starting recording
2026-07-28T22:35:03-04:00 dcwasof2nexvue01 bash[2585]: Redistribute latency...
2026-07-28T22:35:04-04:00 dcwasof2nexvue01 bash[2585]: WARNING: from element /GstPipeline:pipeline0/GstDecklinkVideoSrc:decklinkvideosrc0: Dropped 34 old frames from 0:00:01.238728420 to 0:00:02.339828420
2026-07-28T22:35:04-04:00 dcwasof2nexvue01 bash[2585]: Additional debug info:
2026-07-28T22:35:04-04:00 dcwasof2nexvue01 bash[2585]: ../sys/decklink/gstdecklinkvideosrc.cpp(925): gst_decklink_video_src_got_frame (): /GstPipeline:pipeline0/GstDecklinkVideoSrc:decklinkvideosrc0
2026-07-28T22:35:04-04:00 dcwasof2nexvue01 bash[2585]: WARNING: from element /GstPipeline:pipeline0/GstDecklinkVideoSrc:decklinkvideosrc0: Dropped 3 old frames from 0:00:02.406561753 to 0:00:02.473295086
2026-07-28T22:35:04-04:00 dcwasof2nexvue01 bash[2585]: Additional debug info:
2026-07-28T22:35:04-04:00 dcwasof2nexvue01 bash[2585]: ../sys/decklink/gstdecklinkvideosrc.cpp(925): gst_decklink_video_src_got_frame (): /GstPipeline:pipeline0/GstDecklinkVideoSrc:decklinkvideosrc0
2026-07-28T22:35:05-04:00 dcwasof2nexvue01 bash[2585]: Redistribute latency...
2026-07-28T22:35:05-04:00 dcwasof2nexvue01 bash[2585]: Redistribute latency...
2026-07-28T22:35:05-04:00 dcwasof2nexvue01 bash[2585]: Redistribute latency...
2026-07-28T22:35:06-04:00 dcwasof2nexvue01 bash[2585]: Redistribute latency...
2026-07-28T22:37:02-04:00 dcwasof2nexvue01 systemd[1]: Stopping nexvue-encode@1.service - NexVUE encoder channel 1 (DeckLink -> MediaMTX)...
2026-07-28T22:37:02-04:00 dcwasof2nexvue01 bash[2092]: Terminated
2026-07-28T22:37:02-04:00 dcwasof2nexvue01 systemd[1]: nexvue-encode@1.service: Main process exited, code=exited, status=143/n/a
2026-07-28T22:37:02-04:00 dcwasof2nexvue01 systemd[1]: nexvue-encode@1.service: Failed with result 'exit-code'.
2026-07-28T22:37:02-04:00 dcwasof2nexvue01 systemd[1]: Stopped nexvue-encode@1.service - NexVUE encoder channel 1 (DeckLink -> MediaMTX).
2026-07-28T22:37:02-04:00 dcwasof2nexvue01 systemd[1]: nexvue-encode@1.service: Consumed 1min 12.330s CPU time.
2026-07-28T22:37:02-04:00 dcwasof2nexvue01 systemd[1]: Starting nexvue-encode@1.service - NexVUE encoder channel 1 (DeckLink -> MediaMTX)...
2026-07-28T22:37:02-04:00 dcwasof2nexvue01 systemd[1]: Started nexvue-encode@1.service - NexVUE encoder channel 1 (DeckLink -> MediaMTX).
2026-07-28T22:37:02-04:00 dcwasof2nexvue01 bash[4524]: [nexvue-encode] starting: device=1 path=ch1 deint=all hi=5000kbps lo=false(1200kbps) audio=true layout=51_sap(8ch@384000bps embeds=1,2,3,4,5,6,7,8) captions=true enc=vah264enc
2026-07-28T22:37:02-04:00 dcwasof2nexvue01 bash[4524]: [nexvue-encode] publishing HI to rtsp://127.0.0.1:8554/ch1?jwt=eyJhbGciOiJSUzI1NiIsInR5cCI6IkpXVCIsImtpZCI6Ikk4TXU0UzdHbW9BIn0.eyJpYXQiOjE3ODUyOTAxNzAsImV4cCI6MjEwMDY1MDE3MCwiaXNzIjoibmV4dnVlLWVkZ2UiLCJzdWIiOiJuZXh2dWUtZW5jb2RlIiwibWVkaWFtdHhfcGVybWlzc2lvbnMiOlt7ImFjdGlvbiI6InB1Ymxpc2giLCJwYXRoIjoiIn0seyJhY3Rpb24iOiJhcGkifV19.dGbo3znxmuXcs3_azRaYNG80pB1vp-oq7x4cflOpM5QYkUzd8QIhtnHFL9y1IZRQ9Yrm_eop48Fb8PuJU8CS3nhVThA02zuUiLwqFsWDJupZg5IUsTOdymybYfqvifwH8QZj66_uFC83Abjt6JCJhKBSMLqpKWNdAPDUl3elTsQ9UGzLUc0ScesumgW11t_cp6cxGWwVb96bnfGv8lt3GnawjEwchpEGMQjkJRKsgM4L_xpqDzwseUjti8CSDsUZWuIku-Qct7UOnd7PX1e5OhXLclURiq_8VXssuw22t2UxgZzHLL7D0-7XwJ4bVobLrG3unzbiNepAGrAvtyNn1w
2026-07-28T22:37:02-04:00 dcwasof2nexvue01 bash[4646]: Setting pipeline to PAUSED ...
2026-07-28T22:37:02-04:00 dcwasof2nexvue01 bash[4646]: Pipeline is live and does not need PREROLL ...
2026-07-28T22:37:02-04:00 dcwasof2nexvue01 bash[4646]: Got context from element 'vah264enc0': gst.va.display.handle=context, gst-display=(GstObject)"\(GstVaDisplayDrm\)\ vadisplaydrm2", description=(string)"Intel\(R\)\ Gen\ Graphics", path=(string)/dev/dri/renderD128;
2026-07-28T22:37:02-04:00 dcwasof2nexvue01 bash[4646]: Progress: (open) Opening Stream
2026-07-28T22:37:02-04:00 dcwasof2nexvue01 bash[4646]: Progress: (connect) Connecting to rtsp://127.0.0.1:8554/ch1?jwt=eyJhbGciOiJSUzI1NiIsInR5cCI6IkpXVCIsImtpZCI6Ikk4TXU0UzdHbW9BIn0.eyJpYXQiOjE3ODUyOTAxNzAsImV4cCI6MjEwMDY1MDE3MCwiaXNzIjoibmV4dnVlLWVkZ2UiLCJzdWIiOiJuZXh2dWUtZW5jb2RlIiwibWVkaWFtdHhfcGVybWlzc2lvbnMiOlt7ImFjdGlvbiI6InB1Ymxpc2giLCJwYXRoIjoiIn0seyJhY3Rpb24iOiJhcGkifV19.dGbo3znxmuXcs3_azRaYNG80pB1vp-oq7x4cflOpM5QYkUzd8QIhtnHFL9y1IZRQ9Yrm_eop48Fb8PuJU8CS3nhVThA02zuUiLwqFsWDJupZg5IUsTOdymybYfqvifwH8QZj66_uFC83Abjt6JCJhKBSMLqpKWNdAPDUl3elTsQ9UGzLUc0ScesumgW11t_cp6cxGWwVb96bnfGv8lt3GnawjEwchpEGMQjkJRKsgM4L_xpqDzwseUjti8CSDsUZWuIku-Qct7UOnd7PX1e5OhXLclURiq_8VXssuw22t2UxgZzHLL7D0-7XwJ4bVobLrG3unzbiNepAGrAvtyNn1w
2026-07-28T22:37:02-04:00 dcwasof2nexvue01 bash[4646]: Pipeline is PREROLLED ...
2026-07-28T22:37:02-04:00 dcwasof2nexvue01 bash[4646]: Prerolled, waiting for progress to finish...
2026-07-28T22:37:02-04:00 dcwasof2nexvue01 bash[4646]: Progress: (open) Retrieving server options
2026-07-28T22:37:02-04:00 dcwasof2nexvue01 bash[4646]: Progress: (open) Opened Stream
2026-07-28T22:37:02-04:00 dcwasof2nexvue01 bash[4646]: Setting pipeline to PLAYING ...
2026-07-28T22:37:02-04:00 dcwasof2nexvue01 bash[4646]: New clock: GstSystemClock
2026-07-28T22:37:02-04:00 dcwasof2nexvue01 bash[4646]: Progress: (request) Sending RECORD request
2026-07-28T22:37:02-04:00 dcwasof2nexvue01 bash[4646]: WARNING: from element /GstPipeline:pipeline0/GstDecklinkVideoSrc:decklinkvideosrc0: Signal lost
2026-07-28T22:37:02-04:00 dcwasof2nexvue01 bash[4646]: Additional debug info:
2026-07-28T22:37:02-04:00 dcwasof2nexvue01 bash[4646]: ../sys/decklink/gstdecklinkvideosrc.cpp(1283): gst_decklink_video_src_create (): /GstPipeline:pipeline0/GstDecklinkVideoSrc:decklinkvideosrc0:
2026-07-28T22:37:02-04:00 dcwasof2nexvue01 bash[4646]: No input source was detected - video frames invalid
2026-07-28T22:37:02-04:00 dcwasof2nexvue01 bash[4646]: Redistribute latency...
2026-07-28T22:37:02-04:00 dcwasof2nexvue01 bash[4646]: Redistribute latency...
2026-07-28T22:37:02-04:00 dcwasof2nexvue01 bash[4646]: Redistribute latency...
2026-07-28T22:37:02-04:00 dcwasof2nexvue01 bash[4646]: Progress: (record) Sending server stream info
2026-07-28T22:37:02-04:00 dcwasof2nexvue01 bash[4646]: Progress: (request) SETUP stream 1
2026-07-28T22:37:02-04:00 dcwasof2nexvue01 bash[4646]: Redistribute latency...
2026-07-28T22:37:02-04:00 dcwasof2nexvue01 bash[4646]: Redistribute latency...
2026-07-28T22:37:03-04:00 dcwasof2nexvue01 bash[4646]: Progress: (request) SETUP stream 0
2026-07-28T22:37:03-04:00 dcwasof2nexvue01 bash[4646]: Redistribute latency...
2026-07-28T22:37:03-04:00 dcwasof2nexvue01 bash[4646]: Redistribute latency...
2026-07-28T22:37:04-04:00 dcwasof2nexvue01 bash[4646]: Progress: (record) Starting recording
2026-07-28T22:37:04-04:00 dcwasof2nexvue01 bash[4646]: Redistribute latency...
2026-07-28T22:37:04-04:00 dcwasof2nexvue01 bash[4646]: INFO:
2026-07-28T22:37:04-04:00 dcwasof2nexvue01 bash[4646]: ../sys/decklink/gstdecklinkvideosrc.cpp(1300): gst_decklink_video_src_create (): /GstPipeline:pipeline0/GstDecklinkVideoSrc:decklinkvideosrc0:
2026-07-28T22:37:04-04:00 dcwasof2nexvue01 bash[4646]: Input source detected
2026-07-28T22:37:04-04:00 dcwasof2nexvue01 bash[4646]: Redistribute latency...
2026-07-28T22:37:04-04:00 dcwasof2nexvue01 bash[4646]: WARNING: from element /GstPipeline:pipeline0/GstDecklinkVideoSrc:decklinkvideosrc0: Dropped 58 old frames from 0:00:00.134112990 to 0:00:02.074969148
2026-07-28T22:37:04-04:00 dcwasof2nexvue01 bash[4646]: Additional debug info:
2026-07-28T22:37:04-04:00 dcwasof2nexvue01 bash[4646]: ../sys/decklink/gstdecklinkvideosrc.cpp(925): gst_decklink_video_src_got_frame (): /GstPipeline:pipeline0/GstDecklinkVideoSrc:decklinkvideosrc0
2026-07-28T22:37:07-04:00 dcwasof2nexvue01 bash[4646]: Redistribute latency...
2026-07-28T22:37:07-04:00 dcwasof2nexvue01 bash[4646]: Redistribute latency...
2026-07-28T22:39:02-04:00 dcwasof2nexvue01 systemd[1]: Stopping nexvue-encode@1.service - NexVUE encoder channel 1 (DeckLink -> MediaMTX)...
2026-07-28T22:39:02-04:00 dcwasof2nexvue01 bash[4524]: Terminated
2026-07-28T22:39:02-04:00 dcwasof2nexvue01 systemd[1]: nexvue-encode@1.service: Main process exited, code=exited, status=143/n/a
2026-07-28T22:39:02-04:00 dcwasof2nexvue01 systemd[1]: nexvue-encode@1.service: Failed with result 'exit-code'.
2026-07-28T22:39:02-04:00 dcwasof2nexvue01 systemd[1]: Stopped nexvue-encode@1.service - NexVUE encoder channel 1 (DeckLink -> MediaMTX).
2026-07-28T22:39:02-04:00 dcwasof2nexvue01 systemd[1]: nexvue-encode@1.service: Consumed 54.807s CPU time.
2026-07-28T22:40:26-04:00 dcwasof2nexvue01 systemd[1]: Starting nexvue-encode@1.service - NexVUE encoder channel 1 (DeckLink -> MediaMTX)...
2026-07-28T22:40:26-04:00 dcwasof2nexvue01 systemd[1]: Started nexvue-encode@1.service - NexVUE encoder channel 1 (DeckLink -> MediaMTX).
2026-07-28T22:40:26-04:00 dcwasof2nexvue01 bash[11618]: [nexvue-encode] starting: device=1 path=ch1 deint=all hi=5000kbps lo=false(1200kbps) audio=true layout=51_sap(8ch@384000bps embeds=1,2,3,4,5,6,7,8) captions=true enc=vah264enc
2026-07-28T22:40:26-04:00 dcwasof2nexvue01 bash[11618]: [nexvue-encode] publishing HI to rtsp://127.0.0.1:8554/ch1?jwt=eyJhbGciOiJSUzI1NiIsInR5cCI6IkpXVCIsImtpZCI6Ikk4TXU0UzdHbW9BIn0.eyJpYXQiOjE3ODUyOTAxNzAsImV4cCI6MjEwMDY1MDE3MCwiaXNzIjoibmV4dnVlLWVkZ2UiLCJzdWIiOiJuZXh2dWUtZW5jb2RlIiwibWVkaWFtdHhfcGVybWlzc2lvbnMiOlt7ImFjdGlvbiI6InB1Ymxpc2giLCJwYXRoIjoiIn0seyJhY3Rpb24iOiJhcGkifV19.dGbo3znxmuXcs3_azRaYNG80pB1vp-oq7x4cflOpM5QYkUzd8QIhtnHFL9y1IZRQ9Yrm_eop48Fb8PuJU8CS3nhVThA02zuUiLwqFsWDJupZg5IUsTOdymybYfqvifwH8QZj66_uFC83Abjt6JCJhKBSMLqpKWNdAPDUl3elTsQ9UGzLUc0ScesumgW11t_cp6cxGWwVb96bnfGv8lt3GnawjEwchpEGMQjkJRKsgM4L_xpqDzwseUjti8CSDsUZWuIku-Qct7UOnd7PX1e5OhXLclURiq_8VXssuw22t2UxgZzHLL7D0-7XwJ4bVobLrG3unzbiNepAGrAvtyNn1w
2026-07-28T22:40:26-04:00 dcwasof2nexvue01 bash[11746]: Setting pipeline to PAUSED ...
2026-07-28T22:40:27-04:00 dcwasof2nexvue01 bash[11746]: Pipeline is live and does not need PREROLL ...
2026-07-28T22:40:27-04:00 dcwasof2nexvue01 bash[11746]: Got context from element 'vah264enc0': gst.va.display.handle=context, gst-display=(GstObject)"\(GstVaDisplayDrm\)\ vadisplaydrm2", description=(string)"Intel\(R\)\ Gen\ Graphics", path=(string)/dev/dri/renderD128;
2026-07-28T22:40:27-04:00 dcwasof2nexvue01 bash[11746]: Progress: (open) Opening Stream
2026-07-28T22:40:27-04:00 dcwasof2nexvue01 bash[11746]: Progress: (connect) Connecting to rtsp://127.0.0.1:8554/ch1?jwt=eyJhbGciOiJSUzI1NiIsInR5cCI6IkpXVCIsImtpZCI6Ikk4TXU0UzdHbW9BIn0.eyJpYXQiOjE3ODUyOTAxNzAsImV4cCI6MjEwMDY1MDE3MCwiaXNzIjoibmV4dnVlLWVkZ2UiLCJzdWIiOiJuZXh2dWUtZW5jb2RlIiwibWVkaWFtdHhfcGVybWlzc2lvbnMiOlt7ImFjdGlvbiI6InB1Ymxpc2giLCJwYXRoIjoiIn0seyJhY3Rpb24iOiJhcGkifV19.dGbo3znxmuXcs3_azRaYNG80pB1vp-oq7x4cflOpM5QYkUzd8QIhtnHFL9y1IZRQ9Yrm_eop48Fb8PuJU8CS3nhVThA02zuUiLwqFsWDJupZg5IUsTOdymybYfqvifwH8QZj66_uFC83Abjt6JCJhKBSMLqpKWNdAPDUl3elTsQ9UGzLUc0ScesumgW11t_cp6cxGWwVb96bnfGv8lt3GnawjEwchpEGMQjkJRKsgM4L_xpqDzwseUjti8CSDsUZWuIku-Qct7UOnd7PX1e5OhXLclURiq_8VXssuw22t2UxgZzHLL7D0-7XwJ4bVobLrG3unzbiNepAGrAvtyNn1w
2026-07-28T22:40:27-04:00 dcwasof2nexvue01 bash[11746]: Pipeline is PREROLLED ...
2026-07-28T22:40:27-04:00 dcwasof2nexvue01 bash[11746]: Prerolled, waiting for progress to finish...
2026-07-28T22:40:27-04:00 dcwasof2nexvue01 bash[11746]: Progress: (open) Retrieving server options
2026-07-28T22:40:27-04:00 dcwasof2nexvue01 bash[11746]: Progress: (open) Opened Stream
2026-07-28T22:40:27-04:00 dcwasof2nexvue01 bash[11746]: Setting pipeline to PLAYING ...
2026-07-28T22:40:27-04:00 dcwasof2nexvue01 bash[11746]: New clock: GstSystemClock
2026-07-28T22:40:27-04:00 dcwasof2nexvue01 bash[11746]: Progress: (request) Sending RECORD request
2026-07-28T22:40:27-04:00 dcwasof2nexvue01 bash[11746]: WARNING: from element /GstPipeline:pipeline0/GstDecklinkVideoSrc:decklinkvideosrc0: Signal lost
2026-07-28T22:40:27-04:00 dcwasof2nexvue01 bash[11746]: Additional debug info:
2026-07-28T22:40:27-04:00 dcwasof2nexvue01 bash[11746]: ../sys/decklink/gstdecklinkvideosrc.cpp(1283): gst_decklink_video_src_create (): /GstPipeline:pipeline0/GstDecklinkVideoSrc:decklinkvideosrc0:
2026-07-28T22:40:27-04:00 dcwasof2nexvue01 bash[11746]: No input source was detected - video frames invalid
2026-07-28T22:40:27-04:00 dcwasof2nexvue01 bash[11746]: Redistribute latency...
2026-07-28T22:40:27-04:00 dcwasof2nexvue01 bash[11746]: Redistribute latency...
2026-07-28T22:40:27-04:00 dcwasof2nexvue01 bash[11746]: Redistribute latency...
2026-07-28T22:40:27-04:00 dcwasof2nexvue01 bash[11746]: Progress: (record) Sending server stream info
2026-07-28T22:40:27-04:00 dcwasof2nexvue01 bash[11746]: Progress: (request) SETUP stream 1
2026-07-28T22:40:27-04:00 dcwasof2nexvue01 bash[11746]: Redistribute latency...
2026-07-28T22:40:27-04:00 dcwasof2nexvue01 bash[11746]: Redistribute latency...
2026-07-28T22:40:28-04:00 dcwasof2nexvue01 bash[11746]: Progress: (request) SETUP stream 0
2026-07-28T22:40:28-04:00 dcwasof2nexvue01 bash[11746]: Redistribute latency...
2026-07-28T22:40:28-04:00 dcwasof2nexvue01 bash[11746]: Redistribute latency...
2026-07-28T22:40:29-04:00 dcwasof2nexvue01 bash[11746]: Progress: (record) Starting recording
2026-07-28T22:40:29-04:00 dcwasof2nexvue01 bash[11746]: Redistribute latency...
2026-07-28T22:40:29-04:00 dcwasof2nexvue01 bash[11746]: INFO:
2026-07-28T22:40:29-04:00 dcwasof2nexvue01 bash[11746]: ../sys/decklink/gstdecklinkvideosrc.cpp(1300): gst_decklink_video_src_create (): /GstPipeline:pipeline0/GstDecklinkVideoSrc:decklinkvideosrc0:
2026-07-28T22:40:29-04:00 dcwasof2nexvue01 bash[11746]: Input source detected
2026-07-28T22:40:29-04:00 dcwasof2nexvue01 bash[11746]: Redistribute latency...
2026-07-28T22:40:29-04:00 dcwasof2nexvue01 bash[11746]: WARNING: from element /GstPipeline:pipeline0/GstDecklinkVideoSrc:decklinkvideosrc0: Dropped 59 old frames from 0:00:00.150351808 to 0:00:02.123226614
2026-07-28T22:40:29-04:00 dcwasof2nexvue01 bash[11746]: Additional debug info:
2026-07-28T22:40:29-04:00 dcwasof2nexvue01 bash[11746]: ../sys/decklink/gstdecklinkvideosrc.cpp(925): gst_decklink_video_src_got_frame (): /GstPipeline:pipeline0/GstDecklinkVideoSrc:decklinkvideosrc0
2026-07-28T22:40:30-04:00 dcwasof2nexvue01 bash[11746]: Redistribute latency...
2026-07-28T22:40:31-04:00 dcwasof2nexvue01 bash[11746]: Redistribute latency...
2026-07-28T22:43:05-04:00 dcwasof2nexvue01 bash[11746]: WARNING: from element /GstPipeline:pipeline0/GstRTSPClientSink:sink: Could not read from resource.
2026-07-28T22:43:05-04:00 dcwasof2nexvue01 bash[11746]: Additional debug info:
2026-07-28T22:43:05-04:00 dcwasof2nexvue01 bash[11746]: ../gst/rtsp-sink/gstrtspclientsink.c(2330): gst_rtsp_client_sink_loop_rx (): /GstPipeline:pipeline0/GstRTSPClientSink:sink:
2026-07-28T22:43:05-04:00 dcwasof2nexvue01 bash[11746]: The server closed the connection.
2026-07-28T22:43:05-04:00 dcwasof2nexvue01 bash[11746]: ERROR: from element /GstPipeline:pipeline0/GstRTSPClientSink:sink: Could not open resource for reading and writing.
2026-07-28T22:43:05-04:00 dcwasof2nexvue01 bash[11746]: Additional debug info:
2026-07-28T22:43:05-04:00 dcwasof2nexvue01 bash[11746]: ../gst/rtsp-sink/gstrtspclientsink.c(2405): gst_rtsp_client_sink_loop_rx (): /GstPipeline:pipeline0/GstRTSPClientSink:sink:
2026-07-28T22:43:05-04:00 dcwasof2nexvue01 bash[11746]: Could not connect to server. (Generic error)
2026-07-28T22:43:05-04:00 dcwasof2nexvue01 bash[11746]: Execution ended after 0:02:37.999481492
2026-07-28T22:43:05-04:00 dcwasof2nexvue01 bash[11746]: Setting pipeline to NULL ...
2026-07-28T22:43:05-04:00 dcwasof2nexvue01 bash[11746]: Freeing pipeline ...
2026-07-28T22:43:05-04:00 dcwasof2nexvue01 systemd[1]: nexvue-encode@1.service: Main process exited, code=exited, status=1/FAILURE
2026-07-28T22:43:05-04:00 dcwasof2nexvue01 systemd[1]: nexvue-encode@1.service: Failed with result 'exit-code'.
2026-07-28T22:43:05-04:00 dcwasof2nexvue01 systemd[1]: nexvue-encode@1.service: Consumed 1min 5.133s CPU time.
2026-07-28T22:43:08-04:00 dcwasof2nexvue01 systemd[1]: nexvue-encode@1.service: Scheduled restart job, restart counter is at 1.
2026-07-28T22:43:08-04:00 dcwasof2nexvue01 systemd[1]: Starting nexvue-encode@1.service - NexVUE encoder channel 1 (DeckLink -> MediaMTX)...
2026-07-28T22:43:08-04:00 dcwasof2nexvue01 systemd[1]: Started nexvue-encode@1.service - NexVUE encoder channel 1 (DeckLink -> MediaMTX).
2026-07-28T22:43:08-04:00 dcwasof2nexvue01 bash[17704]: [nexvue-encode] starting: device=1 path=ch1 deint=all hi=5000kbps lo=false(1200kbps) audio=true layout=51_sap(8ch@384000bps embeds=1,2,3,4,5,6,7,8) captions=true enc=vah264enc
2026-07-28T22:43:08-04:00 dcwasof2nexvue01 bash[17704]: [nexvue-encode] publishing HI to rtsp://127.0.0.1:8554/ch1?jwt=eyJhbGciOiJSUzI1NiIsInR5cCI6IkpXVCIsImtpZCI6Ikk4TXU0UzdHbW9BIn0.eyJpYXQiOjE3ODUyOTAxNzAsImV4cCI6MjEwMDY1MDE3MCwiaXNzIjoibmV4dnVlLWVkZ2UiLCJzdWIiOiJuZXh2dWUtZW5jb2RlIiwibWVkaWFtdHhfcGVybWlzc2lvbnMiOlt7ImFjdGlvbiI6InB1Ymxpc2giLCJwYXRoIjoiIn0seyJhY3Rpb24iOiJhcGkifV19.dGbo3znxmuXcs3_azRaYNG80pB1vp-oq7x4cflOpM5QYkUzd8QIhtnHFL9y1IZRQ9Yrm_eop48Fb8PuJU8CS3nhVThA02zuUiLwqFsWDJupZg5IUsTOdymybYfqvifwH8QZj66_uFC83Abjt6JCJhKBSMLqpKWNdAPDUl3elTsQ9UGzLUc0ScesumgW11t_cp6cxGWwVb96bnfGv8lt3GnawjEwchpEGMQjkJRKsgM4L_xpqDzwseUjti8CSDsUZWuIku-Qct7UOnd7PX1e5OhXLclURiq_8VXssuw22t2UxgZzHLL7D0-7XwJ4bVobLrG3unzbiNepAGrAvtyNn1w
2026-07-28T22:43:08-04:00 dcwasof2nexvue01 bash[17966]: Setting pipeline to PAUSED ...
2026-07-28T22:43:09-04:00 dcwasof2nexvue01 bash[17966]: Pipeline is live and does not need PREROLL ...
2026-07-28T22:43:09-04:00 dcwasof2nexvue01 bash[17966]: Got context from element 'vah264enc0': gst.va.display.handle=context, gst-display=(GstObject)"\(GstVaDisplayDrm\)\ vadisplaydrm2", description=(string)"Intel\(R\)\ Gen\ Graphics", path=(string)/dev/dri/renderD128;
2026-07-28T22:43:09-04:00 dcwasof2nexvue01 bash[17966]: Progress: (open) Opening Stream
2026-07-28T22:43:09-04:00 dcwasof2nexvue01 bash[17966]: Progress: (connect) Connecting to rtsp://127.0.0.1:8554/ch1?jwt=eyJhbGciOiJSUzI1NiIsInR5cCI6IkpXVCIsImtpZCI6Ikk4TXU0UzdHbW9BIn0.eyJpYXQiOjE3ODUyOTAxNzAsImV4cCI6MjEwMDY1MDE3MCwiaXNzIjoibmV4dnVlLWVkZ2UiLCJzdWIiOiJuZXh2dWUtZW5jb2RlIiwibWVkaWFtdHhfcGVybWlzc2lvbnMiOlt7ImFjdGlvbiI6InB1Ymxpc2giLCJwYXRoIjoiIn0seyJhY3Rpb24iOiJhcGkifV19.dGbo3znxmuXcs3_azRaYNG80pB1vp-oq7x4cflOpM5QYkUzd8QIhtnHFL9y1IZRQ9Yrm_eop48Fb8PuJU8CS3nhVThA02zuUiLwqFsWDJupZg5IUsTOdymybYfqvifwH8QZj66_uFC83Abjt6JCJhKBSMLqpKWNdAPDUl3elTsQ9UGzLUc0ScesumgW11t_cp6cxGWwVb96bnfGv8lt3GnawjEwchpEGMQjkJRKsgM4L_xpqDzwseUjti8CSDsUZWuIku-Qct7UOnd7PX1e5OhXLclURiq_8VXssuw22t2UxgZzHLL7D0-7XwJ4bVobLrG3unzbiNepAGrAvtyNn1w
2026-07-28T22:43:09-04:00 dcwasof2nexvue01 bash[17966]: Pipeline is PREROLLED ...
2026-07-28T22:43:09-04:00 dcwasof2nexvue01 bash[17966]: Prerolled, waiting for progress to finish...
2026-07-28T22:43:09-04:00 dcwasof2nexvue01 bash[17966]: Progress: (open) Retrieving server options
2026-07-28T22:43:09-04:00 dcwasof2nexvue01 bash[17966]: Progress: (open) Opened Stream
2026-07-28T22:43:09-04:00 dcwasof2nexvue01 bash[17966]: Setting pipeline to PLAYING ...
2026-07-28T22:43:09-04:00 dcwasof2nexvue01 bash[17966]: New clock: GstSystemClock
2026-07-28T22:43:09-04:00 dcwasof2nexvue01 bash[17966]: Progress: (request) Sending RECORD request
2026-07-28T22:43:09-04:00 dcwasof2nexvue01 bash[17966]: WARNING: from element /GstPipeline:pipeline0/GstDecklinkVideoSrc:decklinkvideosrc0: Signal lost
2026-07-28T22:43:09-04:00 dcwasof2nexvue01 bash[17966]: Additional debug info:
2026-07-28T22:43:09-04:00 dcwasof2nexvue01 bash[17966]: ../sys/decklink/gstdecklinkvideosrc.cpp(1283): gst_decklink_video_src_create (): /GstPipeline:pipeline0/GstDecklinkVideoSrc:decklinkvideosrc0:
2026-07-28T22:43:09-04:00 dcwasof2nexvue01 bash[17966]: No input source was detected - video frames invalid
2026-07-28T22:43:09-04:00 dcwasof2nexvue01 bash[17966]: Redistribute latency...
2026-07-28T22:43:09-04:00 dcwasof2nexvue01 bash[17966]: Redistribute latency...
2026-07-28T22:43:09-04:00 dcwasof2nexvue01 bash[17966]: Redistribute latency...
2026-07-28T22:43:09-04:00 dcwasof2nexvue01 bash[17966]: Progress: (record) Sending server stream info
2026-07-28T22:43:09-04:00 dcwasof2nexvue01 bash[17966]: Progress: (request) SETUP stream 1
2026-07-28T22:43:09-04:00 dcwasof2nexvue01 bash[17966]: Redistribute latency...
2026-07-28T22:43:09-04:00 dcwasof2nexvue01 bash[17966]: Redistribute latency...
2026-07-28T22:43:10-04:00 dcwasof2nexvue01 bash[17966]: Progress: (request) SETUP stream 0
2026-07-28T22:43:10-04:00 dcwasof2nexvue01 bash[17966]: Redistribute latency...
2026-07-28T22:43:10-04:00 dcwasof2nexvue01 bash[17966]: Redistribute latency...
2026-07-28T22:43:11-04:00 dcwasof2nexvue01 bash[17966]: Progress: (record) Starting recording
2026-07-28T22:43:11-04:00 dcwasof2nexvue01 bash[17966]: Redistribute latency...
2026-07-28T22:43:11-04:00 dcwasof2nexvue01 bash[17966]: INFO:
2026-07-28T22:43:11-04:00 dcwasof2nexvue01 bash[17966]: ../sys/decklink/gstdecklinkvideosrc.cpp(1300): gst_decklink_video_src_create (): /GstPipeline:pipeline0/GstDecklinkVideoSrc:decklinkvideosrc0:
2026-07-28T22:43:11-04:00 dcwasof2nexvue01 bash[17966]: Input source detected
2026-07-28T22:43:11-04:00 dcwasof2nexvue01 bash[17966]: Redistribute latency...
2026-07-28T22:43:11-04:00 dcwasof2nexvue01 bash[17966]: WARNING: from element /GstPipeline:pipeline0/GstDecklinkVideoSrc:decklinkvideosrc0: Dropped 58 old frames from 0:00:00.124749920 to 0:00:02.062550455
2026-07-28T22:43:11-04:00 dcwasof2nexvue01 bash[17966]: Additional debug info:
2026-07-28T22:43:11-04:00 dcwasof2nexvue01 bash[17966]: ../sys/decklink/gstdecklinkvideosrc.cpp(925): gst_decklink_video_src_got_frame (): /GstPipeline:pipeline0/GstDecklinkVideoSrc:decklinkvideosrc0
2026-07-28T22:43:13-04:00 dcwasof2nexvue01 bash[17966]: Redistribute latency...
2026-07-28T22:43:13-04:00 dcwasof2nexvue01 bash[17966]: Redistribute latency...
