2026-07-28T22:31:39-04:00 dcwasof2nexvue01 systemd[1]: Starting nexvue-encode@0.service - NexVUE encoder channel 0 (DeckLink -> MediaMTX)...
2026-07-28T22:31:39-04:00 dcwasof2nexvue01 systemd[1]: Started nexvue-encode@0.service - NexVUE encoder channel 0 (DeckLink -> MediaMTX).
2026-07-28T22:31:40-04:00 dcwasof2nexvue01 bash[2368891]: [nexvue-encode] starting: device=0 path=ch0 deint=all hi=4000kbps lo=false(500kbps) audio=true layout=51_sap(8ch@384000bps embeds=1,2,3,4,5,6,7,8) captions=true enc=vah264enc
2026-07-28T22:31:40-04:00 dcwasof2nexvue01 bash[2368891]: [nexvue-encode] publishing HI to rtsp://127.0.0.1:8554/ch0?jwt=eyJhbGciOiJSUzI1NiIsInR5cCI6IkpXVCIsImtpZCI6Ikk4TXU0UzdHbW9BIn0.eyJpYXQiOjE3ODUyOTAxNzAsImV4cCI6MjEwMDY1MDE3MCwiaXNzIjoibmV4dnVlLWVkZ2UiLCJzdWIiOiJuZXh2dWUtZW5jb2RlIiwibWVkaWFtdHhfcGVybWlzc2lvbnMiOlt7ImFjdGlvbiI6InB1Ymxpc2giLCJwYXRoIjoiIn0seyJhY3Rpb24iOiJhcGkifV19.dGbo3znxmuXcs3_azRaYNG80pB1vp-oq7x4cflOpM5QYkUzd8QIhtnHFL9y1IZRQ9Yrm_eop48Fb8PuJU8CS3nhVThA02zuUiLwqFsWDJupZg5IUsTOdymybYfqvifwH8QZj66_uFC83Abjt6JCJhKBSMLqpKWNdAPDUl3elTsQ9UGzLUc0ScesumgW11t_cp6cxGWwVb96bnfGv8lt3GnawjEwchpEGMQjkJRKsgM4L_xpqDzwseUjti8CSDsUZWuIku-Qct7UOnd7PX1e5OhXLclURiq_8VXssuw22t2UxgZzHLL7D0-7XwJ4bVobLrG3unzbiNepAGrAvtyNn1w
2026-07-28T22:31:40-04:00 dcwasof2nexvue01 bash[2368950]: Setting pipeline to PAUSED ...
2026-07-28T22:31:40-04:00 dcwasof2nexvue01 bash[2368950]: Pipeline is live and does not need PREROLL ...
2026-07-28T22:31:40-04:00 dcwasof2nexvue01 bash[2368950]: Got context from element 'vah264enc0': gst.va.display.handle=context, gst-display=(GstObject)"\(GstVaDisplayDrm\)\ vadisplaydrm2", description=(string)"Intel\(R\)\ Gen\ Graphics", path=(string)/dev/dri/renderD128;
2026-07-28T22:31:40-04:00 dcwasof2nexvue01 bash[2368950]: Progress: (open) Opening Stream
2026-07-28T22:31:40-04:00 dcwasof2nexvue01 bash[2368950]: Progress: (connect) Connecting to rtsp://127.0.0.1:8554/ch0?jwt=eyJhbGciOiJSUzI1NiIsInR5cCI6IkpXVCIsImtpZCI6Ikk4TXU0UzdHbW9BIn0.eyJpYXQiOjE3ODUyOTAxNzAsImV4cCI6MjEwMDY1MDE3MCwiaXNzIjoibmV4dnVlLWVkZ2UiLCJzdWIiOiJuZXh2dWUtZW5jb2RlIiwibWVkaWFtdHhfcGVybWlzc2lvbnMiOlt7ImFjdGlvbiI6InB1Ymxpc2giLCJwYXRoIjoiIn0seyJhY3Rpb24iOiJhcGkifV19.dGbo3znxmuXcs3_azRaYNG80pB1vp-oq7x4cflOpM5QYkUzd8QIhtnHFL9y1IZRQ9Yrm_eop48Fb8PuJU8CS3nhVThA02zuUiLwqFsWDJupZg5IUsTOdymybYfqvifwH8QZj66_uFC83Abjt6JCJhKBSMLqpKWNdAPDUl3elTsQ9UGzLUc0ScesumgW11t_cp6cxGWwVb96bnfGv8lt3GnawjEwchpEGMQjkJRKsgM4L_xpqDzwseUjti8CSDsUZWuIku-Qct7UOnd7PX1e5OhXLclURiq_8VXssuw22t2UxgZzHLL7D0-7XwJ4bVobLrG3unzbiNepAGrAvtyNn1w
2026-07-28T22:31:40-04:00 dcwasof2nexvue01 bash[2368950]: Pipeline is PREROLLED ...
2026-07-28T22:31:40-04:00 dcwasof2nexvue01 bash[2368950]: Prerolled, waiting for progress to finish...
2026-07-28T22:31:40-04:00 dcwasof2nexvue01 bash[2368950]: Progress: (open) Retrieving server options
2026-07-28T22:31:40-04:00 dcwasof2nexvue01 bash[2368950]: Progress: (open) Opened Stream
2026-07-28T22:31:40-04:00 dcwasof2nexvue01 bash[2368950]: Setting pipeline to PLAYING ...
2026-07-28T22:31:40-04:00 dcwasof2nexvue01 bash[2368950]: New clock: GstSystemClock
2026-07-28T22:31:40-04:00 dcwasof2nexvue01 bash[2368950]: Progress: (request) Sending RECORD request
2026-07-28T22:31:40-04:00 dcwasof2nexvue01 bash[2368950]: WARNING: from element /GstPipeline:pipeline0/GstDecklinkVideoSrc:decklinkvideosrc0: Signal lost
2026-07-28T22:31:40-04:00 dcwasof2nexvue01 bash[2368950]: Additional debug info:
2026-07-28T22:31:40-04:00 dcwasof2nexvue01 bash[2368950]: ../sys/decklink/gstdecklinkvideosrc.cpp(1283): gst_decklink_video_src_create (): /GstPipeline:pipeline0/GstDecklinkVideoSrc:decklinkvideosrc0:
2026-07-28T22:31:40-04:00 dcwasof2nexvue01 bash[2368950]: No input source was detected - video frames invalid
2026-07-28T22:31:40-04:00 dcwasof2nexvue01 bash[2368950]: Redistribute latency...
2026-07-28T22:31:40-04:00 dcwasof2nexvue01 bash[2368950]: Redistribute latency...
2026-07-28T22:31:40-04:00 dcwasof2nexvue01 bash[2368950]: Redistribute latency...
2026-07-28T22:31:40-04:00 dcwasof2nexvue01 bash[2368950]: Progress: (record) Sending server stream info
2026-07-28T22:31:40-04:00 dcwasof2nexvue01 bash[2368950]: Progress: (request) SETUP stream 1
2026-07-28T22:31:40-04:00 dcwasof2nexvue01 bash[2368950]: Redistribute latency...
2026-07-28T22:31:40-04:00 dcwasof2nexvue01 bash[2368950]: Redistribute latency...
2026-07-28T22:31:41-04:00 dcwasof2nexvue01 bash[2368950]: Progress: (request) SETUP stream 0
2026-07-28T22:31:41-04:00 dcwasof2nexvue01 bash[2368950]: Redistribute latency...
2026-07-28T22:31:41-04:00 dcwasof2nexvue01 bash[2368950]: Redistribute latency...
2026-07-28T22:31:42-04:00 dcwasof2nexvue01 bash[2368950]: Progress: (record) Starting recording
2026-07-28T22:31:42-04:00 dcwasof2nexvue01 bash[2368950]: Redistribute latency...
2026-07-28T22:31:42-04:00 dcwasof2nexvue01 bash[2368950]: WARNING: from element /GstPipeline:pipeline0/GstDecklinkVideoSrc:decklinkvideosrc0: Dropped 60 old frames from 0:00:00.163171849 to 0:00:02.131805182
2026-07-28T22:31:42-04:00 dcwasof2nexvue01 bash[2368950]: Additional debug info:
2026-07-28T22:31:42-04:00 dcwasof2nexvue01 bash[2368950]: ../sys/decklink/gstdecklinkvideosrc.cpp(925): gst_decklink_video_src_got_frame (): /GstPipeline:pipeline0/GstDecklinkVideoSrc:decklinkvideosrc0
2026-07-28T22:31:43-04:00 dcwasof2nexvue01 bash[2368950]: Redistribute latency...
2026-07-28T22:31:43-04:00 dcwasof2nexvue01 bash[2368950]: Redistribute latency...
2026-07-28T22:34:39-04:00 dcwasof2nexvue01 systemd[1]: Stopping nexvue-encode@0.service - NexVUE encoder channel 0 (DeckLink -> MediaMTX)...
2026-07-28T22:34:39-04:00 dcwasof2nexvue01 bash[2368891]: Terminated
2026-07-28T22:34:39-04:00 dcwasof2nexvue01 systemd[1]: nexvue-encode@0.service: Main process exited, code=exited, status=143/n/a
2026-07-28T22:34:39-04:00 dcwasof2nexvue01 systemd[1]: nexvue-encode@0.service: Failed with result 'exit-code'.
2026-07-28T22:34:39-04:00 dcwasof2nexvue01 systemd[1]: Stopped nexvue-encode@0.service - NexVUE encoder channel 0 (DeckLink -> MediaMTX).
2026-07-28T22:34:39-04:00 dcwasof2nexvue01 systemd[1]: nexvue-encode@0.service: Consumed 1min 22.675s CPU time.
-- Boot 7dc65741f33b4e2ba2f12ad984e68e0d --
2026-07-28T22:35:00-04:00 dcwasof2nexvue01 systemd[1]: Starting nexvue-encode@0.service - NexVUE encoder channel 0 (DeckLink -> MediaMTX)...
2026-07-28T22:35:00-04:00 dcwasof2nexvue01 systemd[1]: Started nexvue-encode@0.service - NexVUE encoder channel 0 (DeckLink -> MediaMTX).
2026-07-28T22:35:01-04:00 dcwasof2nexvue01 bash[2091]: [nexvue-encode] starting: device=0 path=ch0 deint=all hi=4000kbps lo=false(500kbps) audio=true layout=51_sap(8ch@384000bps embeds=1,2,3,4,5,6,7,8) captions=true enc=vah264enc
2026-07-28T22:35:01-04:00 dcwasof2nexvue01 bash[2091]: [nexvue-encode] publishing HI to rtsp://127.0.0.1:8554/ch0?jwt=eyJhbGciOiJSUzI1NiIsInR5cCI6IkpXVCIsImtpZCI6Ikk4TXU0UzdHbW9BIn0.eyJpYXQiOjE3ODUyOTAxNzAsImV4cCI6MjEwMDY1MDE3MCwiaXNzIjoibmV4dnVlLWVkZ2UiLCJzdWIiOiJuZXh2dWUtZW5jb2RlIiwibWVkaWFtdHhfcGVybWlzc2lvbnMiOlt7ImFjdGlvbiI6InB1Ymxpc2giLCJwYXRoIjoiIn0seyJhY3Rpb24iOiJhcGkifV19.dGbo3znxmuXcs3_azRaYNG80pB1vp-oq7x4cflOpM5QYkUzd8QIhtnHFL9y1IZRQ9Yrm_eop48Fb8PuJU8CS3nhVThA02zuUiLwqFsWDJupZg5IUsTOdymybYfqvifwH8QZj66_uFC83Abjt6JCJhKBSMLqpKWNdAPDUl3elTsQ9UGzLUc0ScesumgW11t_cp6cxGWwVb96bnfGv8lt3GnawjEwchpEGMQjkJRKsgM4L_xpqDzwseUjti8CSDsUZWuIku-Qct7UOnd7PX1e5OhXLclURiq_8VXssuw22t2UxgZzHLL7D0-7XwJ4bVobLrG3unzbiNepAGrAvtyNn1w
2026-07-28T22:35:01-04:00 dcwasof2nexvue01 bash[2616]: Setting pipeline to PAUSED ...
2026-07-28T22:35:01-04:00 dcwasof2nexvue01 bash[2616]: Pipeline is live and does not need PREROLL ...
2026-07-28T22:35:01-04:00 dcwasof2nexvue01 bash[2616]: Got context from element 'vah264enc0': gst.va.display.handle=context, gst-display=(GstObject)"\(GstVaDisplayDrm\)\ vadisplaydrm2", description=(string)"Intel\(R\)\ Gen\ Graphics", path=(string)/dev/dri/renderD128;
2026-07-28T22:35:01-04:00 dcwasof2nexvue01 bash[2616]: Progress: (open) Opening Stream
2026-07-28T22:35:01-04:00 dcwasof2nexvue01 bash[2616]: Progress: (connect) Connecting to rtsp://127.0.0.1:8554/ch0?jwt=eyJhbGciOiJSUzI1NiIsInR5cCI6IkpXVCIsImtpZCI6Ikk4TXU0UzdHbW9BIn0.eyJpYXQiOjE3ODUyOTAxNzAsImV4cCI6MjEwMDY1MDE3MCwiaXNzIjoibmV4dnVlLWVkZ2UiLCJzdWIiOiJuZXh2dWUtZW5jb2RlIiwibWVkaWFtdHhfcGVybWlzc2lvbnMiOlt7ImFjdGlvbiI6InB1Ymxpc2giLCJwYXRoIjoiIn0seyJhY3Rpb24iOiJhcGkifV19.dGbo3znxmuXcs3_azRaYNG80pB1vp-oq7x4cflOpM5QYkUzd8QIhtnHFL9y1IZRQ9Yrm_eop48Fb8PuJU8CS3nhVThA02zuUiLwqFsWDJupZg5IUsTOdymybYfqvifwH8QZj66_uFC83Abjt6JCJhKBSMLqpKWNdAPDUl3elTsQ9UGzLUc0ScesumgW11t_cp6cxGWwVb96bnfGv8lt3GnawjEwchpEGMQjkJRKsgM4L_xpqDzwseUjti8CSDsUZWuIku-Qct7UOnd7PX1e5OhXLclURiq_8VXssuw22t2UxgZzHLL7D0-7XwJ4bVobLrG3unzbiNepAGrAvtyNn1w
2026-07-28T22:35:01-04:00 dcwasof2nexvue01 bash[2616]: Pipeline is PREROLLED ...
2026-07-28T22:35:01-04:00 dcwasof2nexvue01 bash[2616]: Prerolled, waiting for progress to finish...
2026-07-28T22:35:01-04:00 dcwasof2nexvue01 bash[2616]: Progress: (open) Retrieving server options
2026-07-28T22:35:01-04:00 dcwasof2nexvue01 bash[2616]: Progress: (open) Opened Stream
2026-07-28T22:35:01-04:00 dcwasof2nexvue01 bash[2616]: Setting pipeline to PLAYING ...
2026-07-28T22:35:01-04:00 dcwasof2nexvue01 bash[2616]: New clock: GstSystemClock
2026-07-28T22:35:01-04:00 dcwasof2nexvue01 bash[2616]: Progress: (request) Sending RECORD request
2026-07-28T22:35:01-04:00 dcwasof2nexvue01 bash[2616]: WARNING: from element /GstPipeline:pipeline0/GstDecklinkVideoSrc:decklinkvideosrc0: Signal lost
2026-07-28T22:35:01-04:00 dcwasof2nexvue01 bash[2616]: Additional debug info:
2026-07-28T22:35:01-04:00 dcwasof2nexvue01 bash[2616]: ../sys/decklink/gstdecklinkvideosrc.cpp(1283): gst_decklink_video_src_create (): /GstPipeline:pipeline0/GstDecklinkVideoSrc:decklinkvideosrc0:
2026-07-28T22:35:01-04:00 dcwasof2nexvue01 bash[2616]: No input source was detected - video frames invalid
2026-07-28T22:35:01-04:00 dcwasof2nexvue01 bash[2616]: Redistribute latency...
2026-07-28T22:35:01-04:00 dcwasof2nexvue01 bash[2616]: Redistribute latency...
2026-07-28T22:35:01-04:00 dcwasof2nexvue01 bash[2616]: Redistribute latency...
2026-07-28T22:35:01-04:00 dcwasof2nexvue01 bash[2616]: Progress: (record) Sending server stream info
2026-07-28T22:35:01-04:00 dcwasof2nexvue01 bash[2616]: Progress: (request) SETUP stream 1
2026-07-28T22:35:01-04:00 dcwasof2nexvue01 bash[2616]: Redistribute latency...
2026-07-28T22:35:01-04:00 dcwasof2nexvue01 bash[2616]: Redistribute latency...
2026-07-28T22:35:02-04:00 dcwasof2nexvue01 bash[2616]: Progress: (request) SETUP stream 0
2026-07-28T22:35:02-04:00 dcwasof2nexvue01 bash[2616]: Redistribute latency...
2026-07-28T22:35:02-04:00 dcwasof2nexvue01 bash[2616]: Redistribute latency...
2026-07-28T22:35:03-04:00 dcwasof2nexvue01 bash[2616]: Progress: (record) Starting recording
2026-07-28T22:35:03-04:00 dcwasof2nexvue01 bash[2616]: Redistribute latency...
2026-07-28T22:35:04-04:00 dcwasof2nexvue01 bash[2616]: WARNING: from element /GstPipeline:pipeline0/GstDecklinkVideoSrc:decklinkvideosrc0: Dropped 61 old frames from 0:00:00.127321962 to 0:00:02.129321962
2026-07-28T22:35:04-04:00 dcwasof2nexvue01 bash[2616]: Additional debug info:
2026-07-28T22:35:04-04:00 dcwasof2nexvue01 bash[2616]: ../sys/decklink/gstdecklinkvideosrc.cpp(925): gst_decklink_video_src_got_frame (): /GstPipeline:pipeline0/GstDecklinkVideoSrc:decklinkvideosrc0
2026-07-28T22:35:05-04:00 dcwasof2nexvue01 bash[2616]: Redistribute latency...
2026-07-28T22:35:05-04:00 dcwasof2nexvue01 bash[2616]: Redistribute latency...
2026-07-28T22:36:57-04:00 dcwasof2nexvue01 systemd[1]: Stopping nexvue-encode@0.service - NexVUE encoder channel 0 (DeckLink -> MediaMTX)...
2026-07-28T22:36:57-04:00 dcwasof2nexvue01 bash[2091]: Terminated
2026-07-28T22:36:57-04:00 dcwasof2nexvue01 systemd[1]: nexvue-encode@0.service: Main process exited, code=exited, status=143/n/a
2026-07-28T22:36:57-04:00 dcwasof2nexvue01 systemd[1]: nexvue-encode@0.service: Failed with result 'exit-code'.
2026-07-28T22:36:57-04:00 dcwasof2nexvue01 systemd[1]: Stopped nexvue-encode@0.service - NexVUE encoder channel 0 (DeckLink -> MediaMTX).
2026-07-28T22:36:57-04:00 dcwasof2nexvue01 systemd[1]: nexvue-encode@0.service: Consumed 1min 159ms CPU time.
2026-07-28T22:36:57-04:00 dcwasof2nexvue01 systemd[1]: Starting nexvue-encode@0.service - NexVUE encoder channel 0 (DeckLink -> MediaMTX)...
2026-07-28T22:36:57-04:00 dcwasof2nexvue01 systemd[1]: Started nexvue-encode@0.service - NexVUE encoder channel 0 (DeckLink -> MediaMTX).
2026-07-28T22:36:57-04:00 dcwasof2nexvue01 bash[4253]: [nexvue-encode] starting: device=0 path=ch0 deint=all hi=5000kbps lo=false(1200kbps) audio=true layout=51_sap(8ch@384000bps embeds=1,2,3,4,5,6,7,8) captions=true enc=vah264enc
2026-07-28T22:36:57-04:00 dcwasof2nexvue01 bash[4253]: [nexvue-encode] publishing HI to rtsp://127.0.0.1:8554/ch0?jwt=eyJhbGciOiJSUzI1NiIsInR5cCI6IkpXVCIsImtpZCI6Ikk4TXU0UzdHbW9BIn0.eyJpYXQiOjE3ODUyOTAxNzAsImV4cCI6MjEwMDY1MDE3MCwiaXNzIjoibmV4dnVlLWVkZ2UiLCJzdWIiOiJuZXh2dWUtZW5jb2RlIiwibWVkaWFtdHhfcGVybWlzc2lvbnMiOlt7ImFjdGlvbiI6InB1Ymxpc2giLCJwYXRoIjoiIn0seyJhY3Rpb24iOiJhcGkifV19.dGbo3znxmuXcs3_azRaYNG80pB1vp-oq7x4cflOpM5QYkUzd8QIhtnHFL9y1IZRQ9Yrm_eop48Fb8PuJU8CS3nhVThA02zuUiLwqFsWDJupZg5IUsTOdymybYfqvifwH8QZj66_uFC83Abjt6JCJhKBSMLqpKWNdAPDUl3elTsQ9UGzLUc0ScesumgW11t_cp6cxGWwVb96bnfGv8lt3GnawjEwchpEGMQjkJRKsgM4L_xpqDzwseUjti8CSDsUZWuIku-Qct7UOnd7PX1e5OhXLclURiq_8VXssuw22t2UxgZzHLL7D0-7XwJ4bVobLrG3unzbiNepAGrAvtyNn1w
2026-07-28T22:36:57-04:00 dcwasof2nexvue01 bash[4375]: Setting pipeline to PAUSED ...
2026-07-28T22:36:58-04:00 dcwasof2nexvue01 bash[4375]: Pipeline is live and does not need PREROLL ...
2026-07-28T22:36:58-04:00 dcwasof2nexvue01 bash[4375]: Got context from element 'vah264enc0': gst.va.display.handle=context, gst-display=(GstObject)"\(GstVaDisplayDrm\)\ vadisplaydrm2", description=(string)"Intel\(R\)\ Gen\ Graphics", path=(string)/dev/dri/renderD128;
2026-07-28T22:36:58-04:00 dcwasof2nexvue01 bash[4375]: Progress: (open) Opening Stream
2026-07-28T22:36:58-04:00 dcwasof2nexvue01 bash[4375]: Progress: (connect) Connecting to rtsp://127.0.0.1:8554/ch0?jwt=eyJhbGciOiJSUzI1NiIsInR5cCI6IkpXVCIsImtpZCI6Ikk4TXU0UzdHbW9BIn0.eyJpYXQiOjE3ODUyOTAxNzAsImV4cCI6MjEwMDY1MDE3MCwiaXNzIjoibmV4dnVlLWVkZ2UiLCJzdWIiOiJuZXh2dWUtZW5jb2RlIiwibWVkaWFtdHhfcGVybWlzc2lvbnMiOlt7ImFjdGlvbiI6InB1Ymxpc2giLCJwYXRoIjoiIn0seyJhY3Rpb24iOiJhcGkifV19.dGbo3znxmuXcs3_azRaYNG80pB1vp-oq7x4cflOpM5QYkUzd8QIhtnHFL9y1IZRQ9Yrm_eop48Fb8PuJU8CS3nhVThA02zuUiLwqFsWDJupZg5IUsTOdymybYfqvifwH8QZj66_uFC83Abjt6JCJhKBSMLqpKWNdAPDUl3elTsQ9UGzLUc0ScesumgW11t_cp6cxGWwVb96bnfGv8lt3GnawjEwchpEGMQjkJRKsgM4L_xpqDzwseUjti8CSDsUZWuIku-Qct7UOnd7PX1e5OhXLclURiq_8VXssuw22t2UxgZzHLL7D0-7XwJ4bVobLrG3unzbiNepAGrAvtyNn1w
2026-07-28T22:36:58-04:00 dcwasof2nexvue01 bash[4375]: Pipeline is PREROLLED ...
2026-07-28T22:36:58-04:00 dcwasof2nexvue01 bash[4375]: Prerolled, waiting for progress to finish...
2026-07-28T22:36:58-04:00 dcwasof2nexvue01 bash[4375]: Progress: (open) Retrieving server options
2026-07-28T22:36:58-04:00 dcwasof2nexvue01 bash[4375]: Progress: (open) Opened Stream
2026-07-28T22:36:58-04:00 dcwasof2nexvue01 bash[4375]: Setting pipeline to PLAYING ...
2026-07-28T22:36:58-04:00 dcwasof2nexvue01 bash[4375]: New clock: GstSystemClock
2026-07-28T22:36:58-04:00 dcwasof2nexvue01 bash[4375]: Progress: (request) Sending RECORD request
2026-07-28T22:36:58-04:00 dcwasof2nexvue01 bash[4375]: WARNING: from element /GstPipeline:pipeline0/GstDecklinkVideoSrc:decklinkvideosrc0: Signal lost
2026-07-28T22:36:58-04:00 dcwasof2nexvue01 bash[4375]: Additional debug info:
2026-07-28T22:36:58-04:00 dcwasof2nexvue01 bash[4375]: ../sys/decklink/gstdecklinkvideosrc.cpp(1283): gst_decklink_video_src_create (): /GstPipeline:pipeline0/GstDecklinkVideoSrc:decklinkvideosrc0:
2026-07-28T22:36:58-04:00 dcwasof2nexvue01 bash[4375]: No input source was detected - video frames invalid
2026-07-28T22:36:58-04:00 dcwasof2nexvue01 bash[4375]: Redistribute latency...
2026-07-28T22:36:58-04:00 dcwasof2nexvue01 bash[4375]: Redistribute latency...
2026-07-28T22:36:58-04:00 dcwasof2nexvue01 bash[4375]: Redistribute latency...
2026-07-28T22:36:58-04:00 dcwasof2nexvue01 bash[4375]: Progress: (record) Sending server stream info
2026-07-28T22:36:58-04:00 dcwasof2nexvue01 bash[4375]: Progress: (request) SETUP stream 1
2026-07-28T22:36:58-04:00 dcwasof2nexvue01 bash[4375]: Redistribute latency...
2026-07-28T22:36:58-04:00 dcwasof2nexvue01 bash[4375]: Redistribute latency...
2026-07-28T22:36:59-04:00 dcwasof2nexvue01 bash[4375]: Progress: (request) SETUP stream 0
2026-07-28T22:36:59-04:00 dcwasof2nexvue01 bash[4375]: Redistribute latency...
2026-07-28T22:36:59-04:00 dcwasof2nexvue01 bash[4375]: Redistribute latency...
2026-07-28T22:37:00-04:00 dcwasof2nexvue01 bash[4375]: Progress: (record) Starting recording
2026-07-28T22:37:00-04:00 dcwasof2nexvue01 bash[4375]: Redistribute latency...
2026-07-28T22:37:00-04:00 dcwasof2nexvue01 bash[4375]: WARNING: from element /GstPipeline:pipeline0/GstDecklinkVideoSrc:decklinkvideosrc0: Dropped 60 old frames from 0:00:00.128060338 to 0:00:02.096693671
2026-07-28T22:37:00-04:00 dcwasof2nexvue01 bash[4375]: Additional debug info:
2026-07-28T22:37:00-04:00 dcwasof2nexvue01 bash[4375]: ../sys/decklink/gstdecklinkvideosrc.cpp(925): gst_decklink_video_src_got_frame (): /GstPipeline:pipeline0/GstDecklinkVideoSrc:decklinkvideosrc0
2026-07-28T22:37:01-04:00 dcwasof2nexvue01 bash[4375]: Redistribute latency...
2026-07-28T22:37:02-04:00 dcwasof2nexvue01 bash[4375]: Redistribute latency...
2026-07-28T22:38:54-04:00 dcwasof2nexvue01 systemd[1]: Stopping nexvue-encode@0.service - NexVUE encoder channel 0 (DeckLink -> MediaMTX)...
2026-07-28T22:38:54-04:00 dcwasof2nexvue01 bash[4253]: Terminated
2026-07-28T22:38:54-04:00 dcwasof2nexvue01 systemd[1]: nexvue-encode@0.service: Main process exited, code=exited, status=143/n/a
2026-07-28T22:38:54-04:00 dcwasof2nexvue01 systemd[1]: nexvue-encode@0.service: Failed with result 'exit-code'.
2026-07-28T22:38:54-04:00 dcwasof2nexvue01 systemd[1]: Stopped nexvue-encode@0.service - NexVUE encoder channel 0 (DeckLink -> MediaMTX).
2026-07-28T22:38:54-04:00 dcwasof2nexvue01 systemd[1]: nexvue-encode@0.service: Consumed 53.176s CPU time.
2026-07-28T22:51:41-04:00 dcwasof2nexvue01 systemd[1]: Starting nexvue-encode@0.service - NexVUE encoder channel 0 (DeckLink -> MediaMTX)...
2026-07-28T22:51:41-04:00 dcwasof2nexvue01 systemd[1]: Started nexvue-encode@0.service - NexVUE encoder channel 0 (DeckLink -> MediaMTX).
2026-07-28T22:51:42-04:00 dcwasof2nexvue01 bash[25337]: [nexvue-encode] starting: device=0 path=ch0 deint=all hi=5000kbps lo=false(1200kbps) audio=true layout=51_sap(8ch@384000bps embeds=1,2,3,4,5,6,7,8) captions=true enc=vah264enc
2026-07-28T22:51:42-04:00 dcwasof2nexvue01 bash[25337]: [nexvue-encode] publishing HI to rtsp://127.0.0.1:8554/ch0?jwt=eyJhbGciOiJSUzI1NiIsInR5cCI6IkpXVCIsImtpZCI6Ikk4TXU0UzdHbW9BIn0.eyJpYXQiOjE3ODUyOTAxNzAsImV4cCI6MjEwMDY1MDE3MCwiaXNzIjoibmV4dnVlLWVkZ2UiLCJzdWIiOiJuZXh2dWUtZW5jb2RlIiwibWVkaWFtdHhfcGVybWlzc2lvbnMiOlt7ImFjdGlvbiI6InB1Ymxpc2giLCJwYXRoIjoiIn0seyJhY3Rpb24iOiJhcGkifV19.dGbo3znxmuXcs3_azRaYNG80pB1vp-oq7x4cflOpM5QYkUzd8QIhtnHFL9y1IZRQ9Yrm_eop48Fb8PuJU8CS3nhVThA02zuUiLwqFsWDJupZg5IUsTOdymybYfqvifwH8QZj66_uFC83Abjt6JCJhKBSMLqpKWNdAPDUl3elTsQ9UGzLUc0ScesumgW11t_cp6cxGWwVb96bnfGv8lt3GnawjEwchpEGMQjkJRKsgM4L_xpqDzwseUjti8CSDsUZWuIku-Qct7UOnd7PX1e5OhXLclURiq_8VXssuw22t2UxgZzHLL7D0-7XwJ4bVobLrG3unzbiNepAGrAvtyNn1w
2026-07-28T22:51:42-04:00 dcwasof2nexvue01 bash[25466]: Setting pipeline to PAUSED ...
2026-07-28T22:51:42-04:00 dcwasof2nexvue01 bash[25466]: Pipeline is live and does not need PREROLL ...
2026-07-28T22:51:42-04:00 dcwasof2nexvue01 bash[25466]: Got context from element 'vah264enc0': gst.va.display.handle=context, gst-display=(GstObject)"\(GstVaDisplayDrm\)\ vadisplaydrm2", description=(string)"Intel\(R\)\ Gen\ Graphics", path=(string)/dev/dri/renderD128;
2026-07-28T22:51:42-04:00 dcwasof2nexvue01 bash[25466]: Progress: (open) Opening Stream
2026-07-28T22:51:42-04:00 dcwasof2nexvue01 bash[25466]: Progress: (connect) Connecting to rtsp://127.0.0.1:8554/ch0?jwt=eyJhbGciOiJSUzI1NiIsInR5cCI6IkpXVCIsImtpZCI6Ikk4TXU0UzdHbW9BIn0.eyJpYXQiOjE3ODUyOTAxNzAsImV4cCI6MjEwMDY1MDE3MCwiaXNzIjoibmV4dnVlLWVkZ2UiLCJzdWIiOiJuZXh2dWUtZW5jb2RlIiwibWVkaWFtdHhfcGVybWlzc2lvbnMiOlt7ImFjdGlvbiI6InB1Ymxpc2giLCJwYXRoIjoiIn0seyJhY3Rpb24iOiJhcGkifV19.dGbo3znxmuXcs3_azRaYNG80pB1vp-oq7x4cflOpM5QYkUzd8QIhtnHFL9y1IZRQ9Yrm_eop48Fb8PuJU8CS3nhVThA02zuUiLwqFsWDJupZg5IUsTOdymybYfqvifwH8QZj66_uFC83Abjt6JCJhKBSMLqpKWNdAPDUl3elTsQ9UGzLUc0ScesumgW11t_cp6cxGWwVb96bnfGv8lt3GnawjEwchpEGMQjkJRKsgM4L_xpqDzwseUjti8CSDsUZWuIku-Qct7UOnd7PX1e5OhXLclURiq_8VXssuw22t2UxgZzHLL7D0-7XwJ4bVobLrG3unzbiNepAGrAvtyNn1w
2026-07-28T22:51:42-04:00 dcwasof2nexvue01 bash[25466]: Pipeline is PREROLLED ...
2026-07-28T22:51:42-04:00 dcwasof2nexvue01 bash[25466]: Prerolled, waiting for progress to finish...
2026-07-28T22:51:42-04:00 dcwasof2nexvue01 bash[25466]: Progress: (open) Retrieving server options
2026-07-28T22:51:42-04:00 dcwasof2nexvue01 bash[25466]: Progress: (open) Opened Stream
2026-07-28T22:51:42-04:00 dcwasof2nexvue01 bash[25466]: Setting pipeline to PLAYING ...
2026-07-28T22:51:42-04:00 dcwasof2nexvue01 bash[25466]: New clock: GstSystemClock
2026-07-28T22:51:42-04:00 dcwasof2nexvue01 bash[25466]: Progress: (request) Sending RECORD request
2026-07-28T22:51:42-04:00 dcwasof2nexvue01 bash[25466]: ERROR: from element /GstPipeline:pipeline0/GstDecklinkVideoSrc:decklinkvideosrc0: Internal data stream error.
2026-07-28T22:51:42-04:00 dcwasof2nexvue01 bash[25466]: Additional debug info:
2026-07-28T22:51:42-04:00 dcwasof2nexvue01 bash[25466]: ../libs/gst/base/gstbasesrc.c(3177): gst_base_src_loop (): /GstPipeline:pipeline0/GstDecklinkVideoSrc:decklinkvideosrc0:
2026-07-28T22:51:42-04:00 dcwasof2nexvue01 bash[25466]: streaming stopped, reason not-negotiated (-4)
2026-07-28T22:51:42-04:00 dcwasof2nexvue01 bash[25466]: Execution ended after 0:00:00.000197393
2026-07-28T22:51:42-04:00 dcwasof2nexvue01 bash[25466]: Setting pipeline to NULL ...
2026-07-28T22:51:42-04:00 dcwasof2nexvue01 bash[25466]: ERROR: from element /GstPipeline:pipeline0/GstDecklinkVideoSrc:decklinkvideosrc0: GStreamer encountered a general stream error.
2026-07-28T22:51:42-04:00 dcwasof2nexvue01 bash[25466]: Additional debug info:
2026-07-28T22:51:42-04:00 dcwasof2nexvue01 bash[25466]: ../sys/decklink/gstdecklinkvideosrc.cpp(1746): gst_decklink_video_src_change_state (): /GstPipeline:pipeline0/GstDecklinkVideoSrc:decklinkvideosrc0:
2026-07-28T22:51:42-04:00 dcwasof2nexvue01 bash[25466]: Failed to stop streams: 0xffffffff80000009
2026-07-28T22:51:42-04:00 dcwasof2nexvue01 bash[25466]: Freeing pipeline ...
2026-07-28T22:51:42-04:00 dcwasof2nexvue01 gst-launch-1.0[25466]: 
                                                                  Trying to dispose element pipeline0, but it is in PAUSED instead of the NULL state.
                                                                  You need to explicitly set elements to the NULL state before
                                                                  dropping the final reference, to allow them to clean up.
                                                                  This problem may also be caused by a refcounting bug in the
                                                                  application or some element.
