2026-07-28T22:31:45-04:00 dcwasof2nexvue01 systemd[1]: Starting nexvue-encode@6.service - NexVUE encoder channel 6 (DeckLink -> MediaMTX)...
2026-07-28T22:31:45-04:00 dcwasof2nexvue01 systemd[1]: Started nexvue-encode@6.service - NexVUE encoder channel 6 (DeckLink -> MediaMTX).
2026-07-28T22:31:46-04:00 dcwasof2nexvue01 bash[2369848]: [nexvue-encode] starting: device=6 path=ch6 deint=all hi=5000kbps lo=true(700kbps) audio=true layout=51_sap(8ch@384000bps embeds=1,2,3,4,5,6,7,8) captions=true enc=vah264enc
2026-07-28T22:31:46-04:00 dcwasof2nexvue01 bash[2369848]: [nexvue-encode] publishing HI to rtsp://127.0.0.1:8554/ch6?jwt=eyJhbGciOiJSUzI1NiIsInR5cCI6IkpXVCIsImtpZCI6Ikk4TXU0UzdHbW9BIn0.eyJpYXQiOjE3ODUyOTAxNzAsImV4cCI6MjEwMDY1MDE3MCwiaXNzIjoibmV4dnVlLWVkZ2UiLCJzdWIiOiJuZXh2dWUtZW5jb2RlIiwibWVkaWFtdHhfcGVybWlzc2lvbnMiOlt7ImFjdGlvbiI6InB1Ymxpc2giLCJwYXRoIjoiIn0seyJhY3Rpb24iOiJhcGkifV19.dGbo3znxmuXcs3_azRaYNG80pB1vp-oq7x4cflOpM5QYkUzd8QIhtnHFL9y1IZRQ9Yrm_eop48Fb8PuJU8CS3nhVThA02zuUiLwqFsWDJupZg5IUsTOdymybYfqvifwH8QZj66_uFC83Abjt6JCJhKBSMLqpKWNdAPDUl3elTsQ9UGzLUc0ScesumgW11t_cp6cxGWwVb96bnfGv8lt3GnawjEwchpEGMQjkJRKsgM4L_xpqDzwseUjti8CSDsUZWuIku-Qct7UOnd7PX1e5OhXLclURiq_8VXssuw22t2UxgZzHLL7D0-7XwJ4bVobLrG3unzbiNepAGrAvtyNn1w, LO to rtsp://127.0.0.1:8554/ch6lo?jwt=eyJhbGciOiJSUzI1NiIsInR5cCI6IkpXVCIsImtpZCI6Ikk4TXU0UzdHbW9BIn0.eyJpYXQiOjE3ODUyOTAxNzAsImV4cCI6MjEwMDY1MDE3MCwiaXNzIjoibmV4dnVlLWVkZ2UiLCJzdWIiOiJuZXh2dWUtZW5jb2RlIiwibWVkaWFtdHhfcGVybWlzc2lvbnMiOlt7ImFjdGlvbiI6InB1Ymxpc2giLCJwYXRoIjoiIn0seyJhY3Rpb24iOiJhcGkifV19.dGbo3znxmuXcs3_azRaYNG80pB1vp-oq7x4cflOpM5QYkUzd8QIhtnHFL9y1IZRQ9Yrm_eop48Fb8PuJU8CS3nhVThA02zuUiLwqFsWDJupZg5IUsTOdymybYfqvifwH8QZj66_uFC83Abjt6JCJhKBSMLqpKWNdAPDUl3elTsQ9UGzLUc0ScesumgW11t_cp6cxGWwVb96bnfGv8lt3GnawjEwchpEGMQjkJRKsgM4L_xpqDzwseUjti8CSDsUZWuIku-Qct7UOnd7PX1e5OhXLclURiq_8VXssuw22t2UxgZzHLL7D0-7XwJ4bVobLrG3unzbiNepAGrAvtyNn1w
2026-07-28T22:31:46-04:00 dcwasof2nexvue01 bash[2369907]: Setting pipeline to PAUSED ...
2026-07-28T22:31:46-04:00 dcwasof2nexvue01 bash[2369907]: Pipeline is live and does not need PREROLL ...
2026-07-28T22:31:46-04:00 dcwasof2nexvue01 bash[2369907]: Got context from element 'vah264enc1': gst.va.display.handle=context, gst-display=(GstObject)"\(GstVaDisplayDrm\)\ vadisplaydrm2", description=(string)"Intel\(R\)\ Gen\ Graphics", path=(string)/dev/dri/renderD128;
2026-07-28T22:31:46-04:00 dcwasof2nexvue01 bash[2369907]: Progress: (open) Opening Stream
2026-07-28T22:31:46-04:00 dcwasof2nexvue01 bash[2369907]: Progress: (open) Opening Stream
2026-07-28T22:31:46-04:00 dcwasof2nexvue01 bash[2369907]: Progress: (connect) Connecting to rtsp://127.0.0.1:8554/ch6lo?jwt=eyJhbGciOiJSUzI1NiIsInR5cCI6IkpXVCIsImtpZCI6Ikk4TXU0UzdHbW9BIn0.eyJpYXQiOjE3ODUyOTAxNzAsImV4cCI6MjEwMDY1MDE3MCwiaXNzIjoibmV4dnVlLWVkZ2UiLCJzdWIiOiJuZXh2dWUtZW5jb2RlIiwibWVkaWFtdHhfcGVybWlzc2lvbnMiOlt7ImFjdGlvbiI6InB1Ymxpc2giLCJwYXRoIjoiIn0seyJhY3Rpb24iOiJhcGkifV19.dGbo3znxmuXcs3_azRaYNG80pB1vp-oq7x4cflOpM5QYkUzd8QIhtnHFL9y1IZRQ9Yrm_eop48Fb8PuJU8CS3nhVThA02zuUiLwqFsWDJupZg5IUsTOdymybYfqvifwH8QZj66_uFC83Abjt6JCJhKBSMLqpKWNdAPDUl3elTsQ9UGzLUc0ScesumgW11t_cp6cxGWwVb96bnfGv8lt3GnawjEwchpEGMQjkJRKsgM4L_xpqDzwseUjti8CSDsUZWuIku-Qct7UOnd7PX1e5OhXLclURiq_8VXssuw22t2UxgZzHLL7D0-7XwJ4bVobLrG3unzbiNepAGrAvtyNn1w
2026-07-28T22:31:46-04:00 dcwasof2nexvue01 bash[2369907]: Progress: (connect) Connecting to rtsp://127.0.0.1:8554/ch6?jwt=eyJhbGciOiJSUzI1NiIsInR5cCI6IkpXVCIsImtpZCI6Ikk4TXU0UzdHbW9BIn0.eyJpYXQiOjE3ODUyOTAxNzAsImV4cCI6MjEwMDY1MDE3MCwiaXNzIjoibmV4dnVlLWVkZ2UiLCJzdWIiOiJuZXh2dWUtZW5jb2RlIiwibWVkaWFtdHhfcGVybWlzc2lvbnMiOlt7ImFjdGlvbiI6InB1Ymxpc2giLCJwYXRoIjoiIn0seyJhY3Rpb24iOiJhcGkifV19.dGbo3znxmuXcs3_azRaYNG80pB1vp-oq7x4cflOpM5QYkUzd8QIhtnHFL9y1IZRQ9Yrm_eop48Fb8PuJU8CS3nhVThA02zuUiLwqFsWDJupZg5IUsTOdymybYfqvifwH8QZj66_uFC83Abjt6JCJhKBSMLqpKWNdAPDUl3elTsQ9UGzLUc0ScesumgW11t_cp6cxGWwVb96bnfGv8lt3GnawjEwchpEGMQjkJRKsgM4L_xpqDzwseUjti8CSDsUZWuIku-Qct7UOnd7PX1e5OhXLclURiq_8VXssuw22t2UxgZzHLL7D0-7XwJ4bVobLrG3unzbiNepAGrAvtyNn1w
2026-07-28T22:31:46-04:00 dcwasof2nexvue01 bash[2369907]: Pipeline is PREROLLED ...
2026-07-28T22:31:46-04:00 dcwasof2nexvue01 bash[2369907]: Prerolled, waiting for progress to finish...
2026-07-28T22:31:46-04:00 dcwasof2nexvue01 bash[2369907]: Progress: (open) Retrieving server options
2026-07-28T22:31:46-04:00 dcwasof2nexvue01 bash[2369907]: Progress: (open) Opened Stream
2026-07-28T22:31:46-04:00 dcwasof2nexvue01 bash[2369907]: Setting pipeline to PLAYING ...
2026-07-28T22:31:46-04:00 dcwasof2nexvue01 bash[2369907]: New clock: GstSystemClock
2026-07-28T22:31:46-04:00 dcwasof2nexvue01 bash[2369907]: Progress: (request) Sending RECORD request
2026-07-28T22:31:46-04:00 dcwasof2nexvue01 bash[2369907]: Progress: (request) Sending RECORD request
2026-07-28T22:31:46-04:00 dcwasof2nexvue01 bash[2369907]: Progress: (open) Retrieving server options
2026-07-28T22:31:46-04:00 dcwasof2nexvue01 bash[2369907]: Progress: (open) Opened Stream
2026-07-28T22:31:46-04:00 dcwasof2nexvue01 bash[2369907]: WARNING: from element /GstPipeline:pipeline0/GstDecklinkVideoSrc:decklinkvideosrc0: Signal lost
2026-07-28T22:31:46-04:00 dcwasof2nexvue01 bash[2369907]: Additional debug info:
2026-07-28T22:31:46-04:00 dcwasof2nexvue01 bash[2369907]: ../sys/decklink/gstdecklinkvideosrc.cpp(1283): gst_decklink_video_src_create (): /GstPipeline:pipeline0/GstDecklinkVideoSrc:decklinkvideosrc0:
2026-07-28T22:31:46-04:00 dcwasof2nexvue01 bash[2369907]: No input source was detected - video frames invalid
2026-07-28T22:31:46-04:00 dcwasof2nexvue01 bash[2369907]: Redistribute latency...
2026-07-28T22:31:46-04:00 dcwasof2nexvue01 bash[2369907]: Redistribute latency...
2026-07-28T22:31:46-04:00 dcwasof2nexvue01 bash[2369907]: Redistribute latency...
2026-07-28T22:31:46-04:00 dcwasof2nexvue01 bash[2369907]: Progress: (record) Sending server stream info
2026-07-28T22:31:46-04:00 dcwasof2nexvue01 bash[2369907]: Redistribute latency...
2026-07-28T22:31:46-04:00 dcwasof2nexvue01 bash[2369907]: Progress: (request) SETUP stream 1
2026-07-28T22:31:46-04:00 dcwasof2nexvue01 bash[2369907]: Progress: (record) Sending server stream info
2026-07-28T22:31:46-04:00 dcwasof2nexvue01 bash[2369907]: Progress: (request) SETUP stream 1
2026-07-28T22:31:46-04:00 dcwasof2nexvue01 bash[2369907]: Redistribute latency...
2026-07-28T22:31:46-04:00 dcwasof2nexvue01 bash[2369907]: Redistribute latency...
2026-07-28T22:31:46-04:00 dcwasof2nexvue01 bash[2369907]: Redistribute latency...
2026-07-28T22:31:46-04:00 dcwasof2nexvue01 bash[2369907]: Redistribute latency...
2026-07-28T22:31:47-04:00 dcwasof2nexvue01 bash[2369907]: INFO:
2026-07-28T22:31:47-04:00 dcwasof2nexvue01 bash[2369907]: ../sys/decklink/gstdecklinkvideosrc.cpp(1300): gst_decklink_video_src_create (): /GstPipeline:pipeline0/GstDecklinkVideoSrc:decklinkvideosrc0:
2026-07-28T22:31:47-04:00 dcwasof2nexvue01 bash[2369907]: Input source detected
2026-07-28T22:31:47-04:00 dcwasof2nexvue01 bash[2369907]: Redistribute latency...
2026-07-28T22:31:47-04:00 dcwasof2nexvue01 bash[2369907]: Progress: (request) SETUP stream 0
2026-07-28T22:31:47-04:00 dcwasof2nexvue01 bash[2369907]: Progress: (request) SETUP stream 0
2026-07-28T22:31:47-04:00 dcwasof2nexvue01 bash[2369907]: Redistribute latency...
2026-07-28T22:31:47-04:00 dcwasof2nexvue01 bash[2369907]: Redistribute latency...
2026-07-28T22:31:47-04:00 dcwasof2nexvue01 bash[2369907]: Redistribute latency...
2026-07-28T22:31:47-04:00 dcwasof2nexvue01 bash[2369907]: Redistribute latency...
2026-07-28T22:31:48-04:00 dcwasof2nexvue01 bash[2369907]: Progress: (record) Starting recording
2026-07-28T22:31:48-04:00 dcwasof2nexvue01 bash[2369907]: Progress: (record) Starting recording
2026-07-28T22:31:48-04:00 dcwasof2nexvue01 bash[2369907]: Redistribute latency...
2026-07-28T22:31:48-04:00 dcwasof2nexvue01 bash[2369907]: Redistribute latency...
2026-07-28T22:31:48-04:00 dcwasof2nexvue01 bash[2369907]: WARNING: from element /GstPipeline:pipeline0/GstDecklinkVideoSrc:decklinkvideosrc0: Dropped 31 old frames from 0:00:01.184200881 to 0:00:02.185200881
2026-07-28T22:31:48-04:00 dcwasof2nexvue01 bash[2369907]: Additional debug info:
2026-07-28T22:31:48-04:00 dcwasof2nexvue01 bash[2369907]: ../sys/decklink/gstdecklinkvideosrc.cpp(925): gst_decklink_video_src_got_frame (): /GstPipeline:pipeline0/GstDecklinkVideoSrc:decklinkvideosrc0
2026-07-28T22:31:50-04:00 dcwasof2nexvue01 bash[2369907]: Redistribute latency...
2026-07-28T22:31:50-04:00 dcwasof2nexvue01 bash[2369907]: Redistribute latency...
2026-07-28T22:31:51-04:00 dcwasof2nexvue01 bash[2369907]: Redistribute latency...
2026-07-28T22:31:51-04:00 dcwasof2nexvue01 bash[2369907]: Redistribute latency...
2026-07-28T22:34:39-04:00 dcwasof2nexvue01 systemd[1]: Stopping nexvue-encode@6.service - NexVUE encoder channel 6 (DeckLink -> MediaMTX)...
2026-07-28T22:34:39-04:00 dcwasof2nexvue01 bash[2369848]: Terminated
2026-07-28T22:34:39-04:00 dcwasof2nexvue01 systemd[1]: nexvue-encode@6.service: Main process exited, code=exited, status=143/n/a
2026-07-28T22:34:39-04:00 dcwasof2nexvue01 systemd[1]: nexvue-encode@6.service: Failed with result 'exit-code'.
2026-07-28T22:34:39-04:00 dcwasof2nexvue01 systemd[1]: Stopped nexvue-encode@6.service - NexVUE encoder channel 6 (DeckLink -> MediaMTX).
2026-07-28T22:34:39-04:00 dcwasof2nexvue01 systemd[1]: nexvue-encode@6.service: Consumed 2min 16.371s CPU time.
-- Boot 7dc65741f33b4e2ba2f12ad984e68e0d --
2026-07-28T22:35:00-04:00 dcwasof2nexvue01 systemd[1]: Starting nexvue-encode@6.service - NexVUE encoder channel 6 (DeckLink -> MediaMTX)...
2026-07-28T22:35:00-04:00 dcwasof2nexvue01 systemd[1]: Started nexvue-encode@6.service - NexVUE encoder channel 6 (DeckLink -> MediaMTX).
2026-07-28T22:35:01-04:00 dcwasof2nexvue01 bash[2097]: [nexvue-encode] starting: device=6 path=ch6 deint=all hi=5000kbps lo=true(700kbps) audio=true layout=51_sap(8ch@384000bps embeds=1,2,3,4,5,6,7,8) captions=true enc=vah264enc
2026-07-28T22:35:01-04:00 dcwasof2nexvue01 bash[2097]: [nexvue-encode] publishing HI to rtsp://127.0.0.1:8554/ch6?jwt=eyJhbGciOiJSUzI1NiIsInR5cCI6IkpXVCIsImtpZCI6Ikk4TXU0UzdHbW9BIn0.eyJpYXQiOjE3ODUyOTAxNzAsImV4cCI6MjEwMDY1MDE3MCwiaXNzIjoibmV4dnVlLWVkZ2UiLCJzdWIiOiJuZXh2dWUtZW5jb2RlIiwibWVkaWFtdHhfcGVybWlzc2lvbnMiOlt7ImFjdGlvbiI6InB1Ymxpc2giLCJwYXRoIjoiIn0seyJhY3Rpb24iOiJhcGkifV19.dGbo3znxmuXcs3_azRaYNG80pB1vp-oq7x4cflOpM5QYkUzd8QIhtnHFL9y1IZRQ9Yrm_eop48Fb8PuJU8CS3nhVThA02zuUiLwqFsWDJupZg5IUsTOdymybYfqvifwH8QZj66_uFC83Abjt6JCJhKBSMLqpKWNdAPDUl3elTsQ9UGzLUc0ScesumgW11t_cp6cxGWwVb96bnfGv8lt3GnawjEwchpEGMQjkJRKsgM4L_xpqDzwseUjti8CSDsUZWuIku-Qct7UOnd7PX1e5OhXLclURiq_8VXssuw22t2UxgZzHLL7D0-7XwJ4bVobLrG3unzbiNepAGrAvtyNn1w, LO to rtsp://127.0.0.1:8554/ch6lo?jwt=eyJhbGciOiJSUzI1NiIsInR5cCI6IkpXVCIsImtpZCI6Ikk4TXU0UzdHbW9BIn0.eyJpYXQiOjE3ODUyOTAxNzAsImV4cCI6MjEwMDY1MDE3MCwiaXNzIjoibmV4dnVlLWVkZ2UiLCJzdWIiOiJuZXh2dWUtZW5jb2RlIiwibWVkaWFtdHhfcGVybWlzc2lvbnMiOlt7ImFjdGlvbiI6InB1Ymxpc2giLCJwYXRoIjoiIn0seyJhY3Rpb24iOiJhcGkifV19.dGbo3znxmuXcs3_azRaYNG80pB1vp-oq7x4cflOpM5QYkUzd8QIhtnHFL9y1IZRQ9Yrm_eop48Fb8PuJU8CS3nhVThA02zuUiLwqFsWDJupZg5IUsTOdymybYfqvifwH8QZj66_uFC83Abjt6JCJhKBSMLqpKWNdAPDUl3elTsQ9UGzLUc0ScesumgW11t_cp6cxGWwVb96bnfGv8lt3GnawjEwchpEGMQjkJRKsgM4L_xpqDzwseUjti8CSDsUZWuIku-Qct7UOnd7PX1e5OhXLclURiq_8VXssuw22t2UxgZzHLL7D0-7XwJ4bVobLrG3unzbiNepAGrAvtyNn1w
2026-07-28T22:35:01-04:00 dcwasof2nexvue01 bash[2586]: Setting pipeline to PAUSED ...
2026-07-28T22:35:01-04:00 dcwasof2nexvue01 bash[2586]: Pipeline is live and does not need PREROLL ...
2026-07-28T22:35:01-04:00 dcwasof2nexvue01 bash[2586]: Got context from element 'vah264enc1': gst.va.display.handle=context, gst-display=(GstObject)"\(GstVaDisplayDrm\)\ vadisplaydrm2", description=(string)"Intel\(R\)\ Gen\ Graphics", path=(string)/dev/dri/renderD128;
2026-07-28T22:35:01-04:00 dcwasof2nexvue01 bash[2586]: Progress: (open) Opening Stream
2026-07-28T22:35:01-04:00 dcwasof2nexvue01 bash[2586]: Progress: (open) Opening Stream
2026-07-28T22:35:01-04:00 dcwasof2nexvue01 bash[2586]: Progress: (connect) Connecting to rtsp://127.0.0.1:8554/ch6lo?jwt=eyJhbGciOiJSUzI1NiIsInR5cCI6IkpXVCIsImtpZCI6Ikk4TXU0UzdHbW9BIn0.eyJpYXQiOjE3ODUyOTAxNzAsImV4cCI6MjEwMDY1MDE3MCwiaXNzIjoibmV4dnVlLWVkZ2UiLCJzdWIiOiJuZXh2dWUtZW5jb2RlIiwibWVkaWFtdHhfcGVybWlzc2lvbnMiOlt7ImFjdGlvbiI6InB1Ymxpc2giLCJwYXRoIjoiIn0seyJhY3Rpb24iOiJhcGkifV19.dGbo3znxmuXcs3_azRaYNG80pB1vp-oq7x4cflOpM5QYkUzd8QIhtnHFL9y1IZRQ9Yrm_eop48Fb8PuJU8CS3nhVThA02zuUiLwqFsWDJupZg5IUsTOdymybYfqvifwH8QZj66_uFC83Abjt6JCJhKBSMLqpKWNdAPDUl3elTsQ9UGzLUc0ScesumgW11t_cp6cxGWwVb96bnfGv8lt3GnawjEwchpEGMQjkJRKsgM4L_xpqDzwseUjti8CSDsUZWuIku-Qct7UOnd7PX1e5OhXLclURiq_8VXssuw22t2UxgZzHLL7D0-7XwJ4bVobLrG3unzbiNepAGrAvtyNn1w
2026-07-28T22:35:01-04:00 dcwasof2nexvue01 bash[2586]: Progress: (connect) Connecting to rtsp://127.0.0.1:8554/ch6?jwt=eyJhbGciOiJSUzI1NiIsInR5cCI6IkpXVCIsImtpZCI6Ikk4TXU0UzdHbW9BIn0.eyJpYXQiOjE3ODUyOTAxNzAsImV4cCI6MjEwMDY1MDE3MCwiaXNzIjoibmV4dnVlLWVkZ2UiLCJzdWIiOiJuZXh2dWUtZW5jb2RlIiwibWVkaWFtdHhfcGVybWlzc2lvbnMiOlt7ImFjdGlvbiI6InB1Ymxpc2giLCJwYXRoIjoiIn0seyJhY3Rpb24iOiJhcGkifV19.dGbo3znxmuXcs3_azRaYNG80pB1vp-oq7x4cflOpM5QYkUzd8QIhtnHFL9y1IZRQ9Yrm_eop48Fb8PuJU8CS3nhVThA02zuUiLwqFsWDJupZg5IUsTOdymybYfqvifwH8QZj66_uFC83Abjt6JCJhKBSMLqpKWNdAPDUl3elTsQ9UGzLUc0ScesumgW11t_cp6cxGWwVb96bnfGv8lt3GnawjEwchpEGMQjkJRKsgM4L_xpqDzwseUjti8CSDsUZWuIku-Qct7UOnd7PX1e5OhXLclURiq_8VXssuw22t2UxgZzHLL7D0-7XwJ4bVobLrG3unzbiNepAGrAvtyNn1w
2026-07-28T22:35:01-04:00 dcwasof2nexvue01 bash[2586]: Pipeline is PREROLLED ...
2026-07-28T22:35:01-04:00 dcwasof2nexvue01 bash[2586]: Prerolled, waiting for progress to finish...
2026-07-28T22:35:01-04:00 dcwasof2nexvue01 bash[2586]: Progress: (open) Retrieving server options
2026-07-28T22:35:01-04:00 dcwasof2nexvue01 bash[2586]: Progress: (open) Retrieving server options
2026-07-28T22:35:01-04:00 dcwasof2nexvue01 bash[2586]: Progress: (open) Opened Stream
2026-07-28T22:35:01-04:00 dcwasof2nexvue01 bash[2586]: Setting pipeline to PLAYING ...
2026-07-28T22:35:01-04:00 dcwasof2nexvue01 bash[2586]: New clock: GstSystemClock
2026-07-28T22:35:01-04:00 dcwasof2nexvue01 bash[2586]: Progress: (request) Sending RECORD request
2026-07-28T22:35:01-04:00 dcwasof2nexvue01 bash[2586]: Progress: (request) Sending RECORD request
2026-07-28T22:35:01-04:00 dcwasof2nexvue01 bash[2586]: Progress: (open) Opened Stream
2026-07-28T22:35:01-04:00 dcwasof2nexvue01 bash[2586]: WARNING: from element /GstPipeline:pipeline0/GstDecklinkVideoSrc:decklinkvideosrc0: Signal lost
2026-07-28T22:35:01-04:00 dcwasof2nexvue01 bash[2586]: Additional debug info:
2026-07-28T22:35:01-04:00 dcwasof2nexvue01 bash[2586]: ../sys/decklink/gstdecklinkvideosrc.cpp(1283): gst_decklink_video_src_create (): /GstPipeline:pipeline0/GstDecklinkVideoSrc:decklinkvideosrc0:
2026-07-28T22:35:01-04:00 dcwasof2nexvue01 bash[2586]: No input source was detected - video frames invalid
2026-07-28T22:35:01-04:00 dcwasof2nexvue01 bash[2586]: Redistribute latency...
2026-07-28T22:35:01-04:00 dcwasof2nexvue01 bash[2586]: Redistribute latency...
2026-07-28T22:35:01-04:00 dcwasof2nexvue01 bash[2586]: Redistribute latency...
2026-07-28T22:35:01-04:00 dcwasof2nexvue01 bash[2586]: Progress: (record) Sending server stream info
2026-07-28T22:35:01-04:00 dcwasof2nexvue01 bash[2586]: Progress: (request) SETUP stream 1
2026-07-28T22:35:01-04:00 dcwasof2nexvue01 bash[2586]: Redistribute latency...
2026-07-28T22:35:01-04:00 dcwasof2nexvue01 bash[2586]: Redistribute latency...
2026-07-28T22:35:01-04:00 dcwasof2nexvue01 bash[2586]: Progress: (record) Sending server stream info
2026-07-28T22:35:01-04:00 dcwasof2nexvue01 bash[2586]: Redistribute latency...
2026-07-28T22:35:01-04:00 dcwasof2nexvue01 bash[2586]: Progress: (request) SETUP stream 1
2026-07-28T22:35:01-04:00 dcwasof2nexvue01 bash[2586]: Redistribute latency...
2026-07-28T22:35:01-04:00 dcwasof2nexvue01 bash[2586]: Redistribute latency...
2026-07-28T22:35:02-04:00 dcwasof2nexvue01 bash[2586]: INFO:
2026-07-28T22:35:02-04:00 dcwasof2nexvue01 bash[2586]: ../sys/decklink/gstdecklinkvideosrc.cpp(1300): gst_decklink_video_src_create (): /GstPipeline:pipeline0/GstDecklinkVideoSrc:decklinkvideosrc0:
2026-07-28T22:35:02-04:00 dcwasof2nexvue01 bash[2586]: Input source detected
2026-07-28T22:35:02-04:00 dcwasof2nexvue01 bash[2586]: Redistribute latency...
2026-07-28T22:35:02-04:00 dcwasof2nexvue01 bash[2586]: Progress: (request) SETUP stream 0
2026-07-28T22:35:02-04:00 dcwasof2nexvue01 bash[2586]: Progress: (request) SETUP stream 0
2026-07-28T22:35:02-04:00 dcwasof2nexvue01 bash[2586]: Redistribute latency...
2026-07-28T22:35:02-04:00 dcwasof2nexvue01 bash[2586]: Redistribute latency...
2026-07-28T22:35:02-04:00 dcwasof2nexvue01 bash[2586]: Redistribute latency...
2026-07-28T22:35:02-04:00 dcwasof2nexvue01 bash[2586]: Redistribute latency...
2026-07-28T22:35:03-04:00 dcwasof2nexvue01 bash[2586]: Progress: (record) Starting recording
2026-07-28T22:35:03-04:00 dcwasof2nexvue01 bash[2586]: Progress: (record) Starting recording
2026-07-28T22:35:03-04:00 dcwasof2nexvue01 bash[2586]: Redistribute latency...
2026-07-28T22:35:03-04:00 dcwasof2nexvue01 bash[2586]: Redistribute latency...
2026-07-28T22:35:04-04:00 dcwasof2nexvue01 bash[2586]: WARNING: from element /GstPipeline:pipeline0/GstDecklinkVideoSrc:decklinkvideosrc0: Dropped 34 old frames from 0:00:01.171977835 to 0:00:02.273077835
2026-07-28T22:35:04-04:00 dcwasof2nexvue01 bash[2586]: Additional debug info:
2026-07-28T22:35:04-04:00 dcwasof2nexvue01 bash[2586]: ../sys/decklink/gstdecklinkvideosrc.cpp(925): gst_decklink_video_src_got_frame (): /GstPipeline:pipeline0/GstDecklinkVideoSrc:decklinkvideosrc0
2026-07-28T22:35:05-04:00 dcwasof2nexvue01 bash[2586]: Redistribute latency...
2026-07-28T22:35:05-04:00 dcwasof2nexvue01 bash[2586]: Redistribute latency...
2026-07-28T22:35:05-04:00 dcwasof2nexvue01 bash[2586]: Redistribute latency...
2026-07-28T22:35:05-04:00 dcwasof2nexvue01 bash[2586]: Redistribute latency...
2026-07-28T22:37:24-04:00 dcwasof2nexvue01 systemd[1]: Stopping nexvue-encode@6.service - NexVUE encoder channel 6 (DeckLink -> MediaMTX)...
2026-07-28T22:37:24-04:00 dcwasof2nexvue01 bash[2097]: Terminated
2026-07-28T22:37:24-04:00 dcwasof2nexvue01 systemd[1]: nexvue-encode@6.service: Main process exited, code=exited, status=143/n/a
2026-07-28T22:37:24-04:00 dcwasof2nexvue01 systemd[1]: nexvue-encode@6.service: Failed with result 'exit-code'.
2026-07-28T22:37:24-04:00 dcwasof2nexvue01 systemd[1]: Stopped nexvue-encode@6.service - NexVUE encoder channel 6 (DeckLink -> MediaMTX).
2026-07-28T22:37:24-04:00 dcwasof2nexvue01 systemd[1]: nexvue-encode@6.service: Consumed 1min 53.113s CPU time.
2026-07-28T22:37:24-04:00 dcwasof2nexvue01 systemd[1]: Starting nexvue-encode@6.service - NexVUE encoder channel 6 (DeckLink -> MediaMTX)...
2026-07-28T22:37:24-04:00 dcwasof2nexvue01 systemd[1]: Started nexvue-encode@6.service - NexVUE encoder channel 6 (DeckLink -> MediaMTX).
2026-07-28T22:37:24-04:00 dcwasof2nexvue01 bash[5876]: [nexvue-encode] starting: device=6 path=ch6 deint=all hi=5000kbps lo=false(1200kbps) audio=true layout=51_sap(8ch@384000bps embeds=1,2,3,4,5,6,7,8) captions=true enc=vah264enc
2026-07-28T22:37:24-04:00 dcwasof2nexvue01 bash[5876]: [nexvue-encode] publishing HI to rtsp://127.0.0.1:8554/ch6?jwt=eyJhbGciOiJSUzI1NiIsInR5cCI6IkpXVCIsImtpZCI6Ikk4TXU0UzdHbW9BIn0.eyJpYXQiOjE3ODUyOTAxNzAsImV4cCI6MjEwMDY1MDE3MCwiaXNzIjoibmV4dnVlLWVkZ2UiLCJzdWIiOiJuZXh2dWUtZW5jb2RlIiwibWVkaWFtdHhfcGVybWlzc2lvbnMiOlt7ImFjdGlvbiI6InB1Ymxpc2giLCJwYXRoIjoiIn0seyJhY3Rpb24iOiJhcGkifV19.dGbo3znxmuXcs3_azRaYNG80pB1vp-oq7x4cflOpM5QYkUzd8QIhtnHFL9y1IZRQ9Yrm_eop48Fb8PuJU8CS3nhVThA02zuUiLwqFsWDJupZg5IUsTOdymybYfqvifwH8QZj66_uFC83Abjt6JCJhKBSMLqpKWNdAPDUl3elTsQ9UGzLUc0ScesumgW11t_cp6cxGWwVb96bnfGv8lt3GnawjEwchpEGMQjkJRKsgM4L_xpqDzwseUjti8CSDsUZWuIku-Qct7UOnd7PX1e5OhXLclURiq_8VXssuw22t2UxgZzHLL7D0-7XwJ4bVobLrG3unzbiNepAGrAvtyNn1w
2026-07-28T22:37:24-04:00 dcwasof2nexvue01 bash[5998]: Setting pipeline to PAUSED ...
2026-07-28T22:37:24-04:00 dcwasof2nexvue01 bash[5998]: Pipeline is live and does not need PREROLL ...
2026-07-28T22:37:24-04:00 dcwasof2nexvue01 bash[5998]: Got context from element 'vah264enc0': gst.va.display.handle=context, gst-display=(GstObject)"\(GstVaDisplayDrm\)\ vadisplaydrm2", description=(string)"Intel\(R\)\ Gen\ Graphics", path=(string)/dev/dri/renderD128;
2026-07-28T22:37:24-04:00 dcwasof2nexvue01 bash[5998]: Progress: (open) Opening Stream
2026-07-28T22:37:24-04:00 dcwasof2nexvue01 bash[5998]: Progress: (connect) Connecting to rtsp://127.0.0.1:8554/ch6?jwt=eyJhbGciOiJSUzI1NiIsInR5cCI6IkpXVCIsImtpZCI6Ikk4TXU0UzdHbW9BIn0.eyJpYXQiOjE3ODUyOTAxNzAsImV4cCI6MjEwMDY1MDE3MCwiaXNzIjoibmV4dnVlLWVkZ2UiLCJzdWIiOiJuZXh2dWUtZW5jb2RlIiwibWVkaWFtdHhfcGVybWlzc2lvbnMiOlt7ImFjdGlvbiI6InB1Ymxpc2giLCJwYXRoIjoiIn0seyJhY3Rpb24iOiJhcGkifV19.dGbo3znxmuXcs3_azRaYNG80pB1vp-oq7x4cflOpM5QYkUzd8QIhtnHFL9y1IZRQ9Yrm_eop48Fb8PuJU8CS3nhVThA02zuUiLwqFsWDJupZg5IUsTOdymybYfqvifwH8QZj66_uFC83Abjt6JCJhKBSMLqpKWNdAPDUl3elTsQ9UGzLUc0ScesumgW11t_cp6cxGWwVb96bnfGv8lt3GnawjEwchpEGMQjkJRKsgM4L_xpqDzwseUjti8CSDsUZWuIku-Qct7UOnd7PX1e5OhXLclURiq_8VXssuw22t2UxgZzHLL7D0-7XwJ4bVobLrG3unzbiNepAGrAvtyNn1w
2026-07-28T22:37:24-04:00 dcwasof2nexvue01 bash[5998]: Pipeline is PREROLLED ...
2026-07-28T22:37:24-04:00 dcwasof2nexvue01 bash[5998]: Prerolled, waiting for progress to finish...
2026-07-28T22:37:24-04:00 dcwasof2nexvue01 bash[5998]: Progress: (open) Retrieving server options
2026-07-28T22:37:24-04:00 dcwasof2nexvue01 bash[5998]: Progress: (open) Opened Stream
2026-07-28T22:37:24-04:00 dcwasof2nexvue01 bash[5998]: Setting pipeline to PLAYING ...
2026-07-28T22:37:24-04:00 dcwasof2nexvue01 bash[5998]: New clock: GstSystemClock
2026-07-28T22:37:24-04:00 dcwasof2nexvue01 bash[5998]: Progress: (request) Sending RECORD request
2026-07-28T22:37:25-04:00 dcwasof2nexvue01 bash[5998]: WARNING: from element /GstPipeline:pipeline0/GstDecklinkVideoSrc:decklinkvideosrc0: Signal lost
2026-07-28T22:37:25-04:00 dcwasof2nexvue01 bash[5998]: Additional debug info:
2026-07-28T22:37:25-04:00 dcwasof2nexvue01 bash[5998]: ../sys/decklink/gstdecklinkvideosrc.cpp(1283): gst_decklink_video_src_create (): /GstPipeline:pipeline0/GstDecklinkVideoSrc:decklinkvideosrc0:
2026-07-28T22:37:25-04:00 dcwasof2nexvue01 bash[5998]: No input source was detected - video frames invalid
2026-07-28T22:37:25-04:00 dcwasof2nexvue01 bash[5998]: Redistribute latency...
2026-07-28T22:37:25-04:00 dcwasof2nexvue01 bash[5998]: Redistribute latency...
2026-07-28T22:37:25-04:00 dcwasof2nexvue01 bash[5998]: Redistribute latency...
2026-07-28T22:37:25-04:00 dcwasof2nexvue01 bash[5998]: Progress: (record) Sending server stream info
2026-07-28T22:37:25-04:00 dcwasof2nexvue01 bash[5998]: Progress: (request) SETUP stream 1
2026-07-28T22:37:25-04:00 dcwasof2nexvue01 bash[5998]: Redistribute latency...
2026-07-28T22:37:25-04:00 dcwasof2nexvue01 bash[5998]: Redistribute latency...
2026-07-28T22:37:26-04:00 dcwasof2nexvue01 bash[5998]: Progress: (request) SETUP stream 0
2026-07-28T22:37:26-04:00 dcwasof2nexvue01 bash[5998]: Redistribute latency...
2026-07-28T22:37:26-04:00 dcwasof2nexvue01 bash[5998]: Redistribute latency...
2026-07-28T22:37:27-04:00 dcwasof2nexvue01 bash[5998]: Progress: (record) Starting recording
2026-07-28T22:37:27-04:00 dcwasof2nexvue01 bash[5998]: Redistribute latency...
2026-07-28T22:37:27-04:00 dcwasof2nexvue01 bash[5998]: INFO:
2026-07-28T22:37:27-04:00 dcwasof2nexvue01 bash[5998]: ../sys/decklink/gstdecklinkvideosrc.cpp(1300): gst_decklink_video_src_create (): /GstPipeline:pipeline0/GstDecklinkVideoSrc:decklinkvideosrc0:
2026-07-28T22:37:27-04:00 dcwasof2nexvue01 bash[5998]: Input source detected
2026-07-28T22:37:27-04:00 dcwasof2nexvue01 bash[5998]: Redistribute latency...
2026-07-28T22:37:27-04:00 dcwasof2nexvue01 bash[5998]: WARNING: from element /GstPipeline:pipeline0/GstDecklinkVideoSrc:decklinkvideosrc0: Dropped 58 old frames from 0:00:00.158094047 to 0:00:02.116482324
2026-07-28T22:37:27-04:00 dcwasof2nexvue01 bash[5998]: Additional debug info:
2026-07-28T22:37:27-04:00 dcwasof2nexvue01 bash[5998]: ../sys/decklink/gstdecklinkvideosrc.cpp(925): gst_decklink_video_src_got_frame (): /GstPipeline:pipeline0/GstDecklinkVideoSrc:decklinkvideosrc0
2026-07-28T22:37:28-04:00 dcwasof2nexvue01 bash[5998]: Redistribute latency...
2026-07-28T22:37:29-04:00 dcwasof2nexvue01 bash[5998]: Redistribute latency...
2026-07-28T22:39:42-04:00 dcwasof2nexvue01 systemd[1]: Stopping nexvue-encode@6.service - NexVUE encoder channel 6 (DeckLink -> MediaMTX)...
2026-07-28T22:39:42-04:00 dcwasof2nexvue01 bash[5876]: Terminated
2026-07-28T22:39:42-04:00 dcwasof2nexvue01 systemd[1]: nexvue-encode@6.service: Main process exited, code=exited, status=143/n/a
2026-07-28T22:39:42-04:00 dcwasof2nexvue01 systemd[1]: nexvue-encode@6.service: Failed with result 'exit-code'.
2026-07-28T22:39:42-04:00 dcwasof2nexvue01 systemd[1]: Stopped nexvue-encode@6.service - NexVUE encoder channel 6 (DeckLink -> MediaMTX).
2026-07-28T22:39:42-04:00 dcwasof2nexvue01 systemd[1]: nexvue-encode@6.service: Consumed 1min 404ms CPU time.
2026-07-28T22:51:54-04:00 dcwasof2nexvue01 systemd[1]: Starting nexvue-encode@6.service - NexVUE encoder channel 6 (DeckLink -> MediaMTX)...
2026-07-28T22:51:54-04:00 dcwasof2nexvue01 systemd[1]: Started nexvue-encode@6.service - NexVUE encoder channel 6 (DeckLink -> MediaMTX).
2026-07-28T22:51:55-04:00 dcwasof2nexvue01 bash[26740]: [nexvue-encode] starting: device=6 path=ch6 deint=all hi=5000kbps lo=false(1200kbps) audio=true layout=51_sap(8ch@384000bps embeds=1,2,3,4,5,6,7,8) captions=true enc=vah264enc
2026-07-28T22:51:55-04:00 dcwasof2nexvue01 bash[26740]: [nexvue-encode] publishing HI to rtsp://127.0.0.1:8554/ch6?jwt=eyJhbGciOiJSUzI1NiIsInR5cCI6IkpXVCIsImtpZCI6Ikk4TXU0UzdHbW9BIn0.eyJpYXQiOjE3ODUyOTAxNzAsImV4cCI6MjEwMDY1MDE3MCwiaXNzIjoibmV4dnVlLWVkZ2UiLCJzdWIiOiJuZXh2dWUtZW5jb2RlIiwibWVkaWFtdHhfcGVybWlzc2lvbnMiOlt7ImFjdGlvbiI6InB1Ymxpc2giLCJwYXRoIjoiIn0seyJhY3Rpb24iOiJhcGkifV19.dGbo3znxmuXcs3_azRaYNG80pB1vp-oq7x4cflOpM5QYkUzd8QIhtnHFL9y1IZRQ9Yrm_eop48Fb8PuJU8CS3nhVThA02zuUiLwqFsWDJupZg5IUsTOdymybYfqvifwH8QZj66_uFC83Abjt6JCJhKBSMLqpKWNdAPDUl3elTsQ9UGzLUc0ScesumgW11t_cp6cxGWwVb96bnfGv8lt3GnawjEwchpEGMQjkJRKsgM4L_xpqDzwseUjti8CSDsUZWuIku-Qct7UOnd7PX1e5OhXLclURiq_8VXssuw22t2UxgZzHLL7D0-7XwJ4bVobLrG3unzbiNepAGrAvtyNn1w
2026-07-28T22:51:55-04:00 dcwasof2nexvue01 bash[26948]: Setting pipeline to PAUSED ...
2026-07-28T22:51:55-04:00 dcwasof2nexvue01 bash[26948]: Pipeline is live and does not need PREROLL ...
2026-07-28T22:51:55-04:00 dcwasof2nexvue01 bash[26948]: Got context from element 'vah264enc0': gst.va.display.handle=context, gst-display=(GstObject)"\(GstVaDisplayDrm\)\ vadisplaydrm2", description=(string)"Intel\(R\)\ Gen\ Graphics", path=(string)/dev/dri/renderD128;
2026-07-28T22:51:55-04:00 dcwasof2nexvue01 bash[26948]: Progress: (open) Opening Stream
2026-07-28T22:51:55-04:00 dcwasof2nexvue01 bash[26948]: Progress: (connect) Connecting to rtsp://127.0.0.1:8554/ch6?jwt=eyJhbGciOiJSUzI1NiIsInR5cCI6IkpXVCIsImtpZCI6Ikk4TXU0UzdHbW9BIn0.eyJpYXQiOjE3ODUyOTAxNzAsImV4cCI6MjEwMDY1MDE3MCwiaXNzIjoibmV4dnVlLWVkZ2UiLCJzdWIiOiJuZXh2dWUtZW5jb2RlIiwibWVkaWFtdHhfcGVybWlzc2lvbnMiOlt7ImFjdGlvbiI6InB1Ymxpc2giLCJwYXRoIjoiIn0seyJhY3Rpb24iOiJhcGkifV19.dGbo3znxmuXcs3_azRaYNG80pB1vp-oq7x4cflOpM5QYkUzd8QIhtnHFL9y1IZRQ9Yrm_eop48Fb8PuJU8CS3nhVThA02zuUiLwqFsWDJupZg5IUsTOdymybYfqvifwH8QZj66_uFC83Abjt6JCJhKBSMLqpKWNdAPDUl3elTsQ9UGzLUc0ScesumgW11t_cp6cxGWwVb96bnfGv8lt3GnawjEwchpEGMQjkJRKsgM4L_xpqDzwseUjti8CSDsUZWuIku-Qct7UOnd7PX1e5OhXLclURiq_8VXssuw22t2UxgZzHLL7D0-7XwJ4bVobLrG3unzbiNepAGrAvtyNn1w
2026-07-28T22:51:55-04:00 dcwasof2nexvue01 bash[26948]: Pipeline is PREROLLED ...
2026-07-28T22:51:55-04:00 dcwasof2nexvue01 bash[26948]: Prerolled, waiting for progress to finish...
2026-07-28T22:51:55-04:00 dcwasof2nexvue01 bash[26948]: Progress: (open) Retrieving server options
2026-07-28T22:51:55-04:00 dcwasof2nexvue01 bash[26948]: Progress: (open) Opened Stream
2026-07-28T22:51:55-04:00 dcwasof2nexvue01 bash[26948]: Setting pipeline to PLAYING ...
2026-07-28T22:51:55-04:00 dcwasof2nexvue01 bash[26948]: New clock: GstSystemClock
2026-07-28T22:51:55-04:00 dcwasof2nexvue01 bash[26948]: Progress: (request) Sending RECORD request
2026-07-28T22:51:55-04:00 dcwasof2nexvue01 bash[26948]: WARNING: from element /GstPipeline:pipeline0/GstDecklinkVideoSrc:decklinkvideosrc0: Signal lost
2026-07-28T22:51:55-04:00 dcwasof2nexvue01 bash[26948]: Additional debug info:
2026-07-28T22:51:55-04:00 dcwasof2nexvue01 bash[26948]: ../sys/decklink/gstdecklinkvideosrc.cpp(1283): gst_decklink_video_src_create (): /GstPipeline:pipeline0/GstDecklinkVideoSrc:decklinkvideosrc0:
2026-07-28T22:51:55-04:00 dcwasof2nexvue01 bash[26948]: No input source was detected - video frames invalid
2026-07-28T22:51:55-04:00 dcwasof2nexvue01 bash[26948]: Redistribute latency...
2026-07-28T22:51:55-04:00 dcwasof2nexvue01 bash[26948]: Redistribute latency...
2026-07-28T22:51:55-04:00 dcwasof2nexvue01 bash[26948]: Redistribute latency...
2026-07-28T22:51:55-04:00 dcwasof2nexvue01 bash[26948]: Progress: (record) Sending server stream info
2026-07-28T22:51:55-04:00 dcwasof2nexvue01 bash[26948]: Progress: (request) SETUP stream 1
2026-07-28T22:51:55-04:00 dcwasof2nexvue01 bash[26948]: Redistribute latency...
2026-07-28T22:51:55-04:00 dcwasof2nexvue01 bash[26948]: Redistribute latency...
2026-07-28T22:51:56-04:00 dcwasof2nexvue01 bash[26948]: Progress: (request) SETUP stream 0
2026-07-28T22:51:56-04:00 dcwasof2nexvue01 bash[26948]: Redistribute latency...
2026-07-28T22:51:56-04:00 dcwasof2nexvue01 bash[26948]: Redistribute latency...
2026-07-28T22:51:57-04:00 dcwasof2nexvue01 bash[26948]: Progress: (record) Starting recording
2026-07-28T22:51:57-04:00 dcwasof2nexvue01 bash[26948]: Redistribute latency...
2026-07-28T22:51:57-04:00 dcwasof2nexvue01 bash[26948]: INFO:
2026-07-28T22:51:57-04:00 dcwasof2nexvue01 bash[26948]: ../sys/decklink/gstdecklinkvideosrc.cpp(1300): gst_decklink_video_src_create (): /GstPipeline:pipeline0/GstDecklinkVideoSrc:decklinkvideosrc0:
2026-07-28T22:51:57-04:00 dcwasof2nexvue01 bash[26948]: Input source detected
2026-07-28T22:51:57-04:00 dcwasof2nexvue01 bash[26948]: Redistribute latency...
2026-07-28T22:51:57-04:00 dcwasof2nexvue01 bash[26948]: WARNING: from element /GstPipeline:pipeline0/GstDecklinkVideoSrc:decklinkvideosrc0: Dropped 58 old frames from 0:00:00.137407441 to 0:00:02.091079050
2026-07-28T22:51:57-04:00 dcwasof2nexvue01 bash[26948]: Additional debug info:
2026-07-28T22:51:57-04:00 dcwasof2nexvue01 bash[26948]: ../sys/decklink/gstdecklinkvideosrc.cpp(925): gst_decklink_video_src_got_frame (): /GstPipeline:pipeline0/GstDecklinkVideoSrc:decklinkvideosrc0
2026-07-28T22:51:59-04:00 dcwasof2nexvue01 bash[26948]: Redistribute latency...
2026-07-28T22:52:00-04:00 dcwasof2nexvue01 bash[26948]: Redistribute latency...
