2026-07-28T22:31:42-04:00 dcwasof2nexvue01 systemd[1]: Starting nexvue-encode@3.service - NexVUE encoder channel 3 (DeckLink -> MediaMTX)...
2026-07-28T22:31:42-04:00 dcwasof2nexvue01 systemd[1]: Started nexvue-encode@3.service - NexVUE encoder channel 3 (DeckLink -> MediaMTX).
2026-07-28T22:31:43-04:00 dcwasof2nexvue01 bash[2369322]: [nexvue-encode] starting: device=3 path=ch3 deint=top hi=4000kbps lo=false(500kbps) audio=true layout=stereo_sap(8ch@128000bps embeds=1,2,3,4,5,6,7,8) captions=true enc=vah264enc
2026-07-28T22:31:43-04:00 dcwasof2nexvue01 bash[2369322]: [nexvue-encode] publishing HI to rtsp://127.0.0.1:8554/ch3?jwt=eyJhbGciOiJSUzI1NiIsInR5cCI6IkpXVCIsImtpZCI6Ikk4TXU0UzdHbW9BIn0.eyJpYXQiOjE3ODUyOTAxNzAsImV4cCI6MjEwMDY1MDE3MCwiaXNzIjoibmV4dnVlLWVkZ2UiLCJzdWIiOiJuZXh2dWUtZW5jb2RlIiwibWVkaWFtdHhfcGVybWlzc2lvbnMiOlt7ImFjdGlvbiI6InB1Ymxpc2giLCJwYXRoIjoiIn0seyJhY3Rpb24iOiJhcGkifV19.dGbo3znxmuXcs3_azRaYNG80pB1vp-oq7x4cflOpM5QYkUzd8QIhtnHFL9y1IZRQ9Yrm_eop48Fb8PuJU8CS3nhVThA02zuUiLwqFsWDJupZg5IUsTOdymybYfqvifwH8QZj66_uFC83Abjt6JCJhKBSMLqpKWNdAPDUl3elTsQ9UGzLUc0ScesumgW11t_cp6cxGWwVb96bnfGv8lt3GnawjEwchpEGMQjkJRKsgM4L_xpqDzwseUjti8CSDsUZWuIku-Qct7UOnd7PX1e5OhXLclURiq_8VXssuw22t2UxgZzHLL7D0-7XwJ4bVobLrG3unzbiNepAGrAvtyNn1w
2026-07-28T22:31:43-04:00 dcwasof2nexvue01 bash[2369455]: Setting pipeline to PAUSED ...
2026-07-28T22:31:43-04:00 dcwasof2nexvue01 bash[2369455]: Pipeline is live and does not need PREROLL ...
2026-07-28T22:31:43-04:00 dcwasof2nexvue01 bash[2369455]: Got context from element 'vah264enc0': gst.va.display.handle=context, gst-display=(GstObject)"\(GstVaDisplayDrm\)\ vadisplaydrm2", description=(string)"Intel\(R\)\ Gen\ Graphics", path=(string)/dev/dri/renderD128;
2026-07-28T22:31:43-04:00 dcwasof2nexvue01 bash[2369455]: Progress: (open) Opening Stream
2026-07-28T22:31:43-04:00 dcwasof2nexvue01 bash[2369455]: Progress: (connect) Connecting to rtsp://127.0.0.1:8554/ch3?jwt=eyJhbGciOiJSUzI1NiIsInR5cCI6IkpXVCIsImtpZCI6Ikk4TXU0UzdHbW9BIn0.eyJpYXQiOjE3ODUyOTAxNzAsImV4cCI6MjEwMDY1MDE3MCwiaXNzIjoibmV4dnVlLWVkZ2UiLCJzdWIiOiJuZXh2dWUtZW5jb2RlIiwibWVkaWFtdHhfcGVybWlzc2lvbnMiOlt7ImFjdGlvbiI6InB1Ymxpc2giLCJwYXRoIjoiIn0seyJhY3Rpb24iOiJhcGkifV19.dGbo3znxmuXcs3_azRaYNG80pB1vp-oq7x4cflOpM5QYkUzd8QIhtnHFL9y1IZRQ9Yrm_eop48Fb8PuJU8CS3nhVThA02zuUiLwqFsWDJupZg5IUsTOdymybYfqvifwH8QZj66_uFC83Abjt6JCJhKBSMLqpKWNdAPDUl3elTsQ9UGzLUc0ScesumgW11t_cp6cxGWwVb96bnfGv8lt3GnawjEwchpEGMQjkJRKsgM4L_xpqDzwseUjti8CSDsUZWuIku-Qct7UOnd7PX1e5OhXLclURiq_8VXssuw22t2UxgZzHLL7D0-7XwJ4bVobLrG3unzbiNepAGrAvtyNn1w
2026-07-28T22:31:43-04:00 dcwasof2nexvue01 bash[2369455]: Pipeline is PREROLLED ...
2026-07-28T22:31:43-04:00 dcwasof2nexvue01 bash[2369455]: Prerolled, waiting for progress to finish...
2026-07-28T22:31:43-04:00 dcwasof2nexvue01 bash[2369455]: Progress: (open) Retrieving server options
2026-07-28T22:31:43-04:00 dcwasof2nexvue01 bash[2369455]: Progress: (open) Opened Stream
2026-07-28T22:31:43-04:00 dcwasof2nexvue01 bash[2369455]: Setting pipeline to PLAYING ...
2026-07-28T22:31:43-04:00 dcwasof2nexvue01 bash[2369455]: New clock: GstSystemClock
2026-07-28T22:31:43-04:00 dcwasof2nexvue01 bash[2369455]: Progress: (request) Sending RECORD request
2026-07-28T22:31:43-04:00 dcwasof2nexvue01 bash[2369455]: WARNING: from element /GstPipeline:pipeline0/GstDecklinkVideoSrc:decklinkvideosrc0: Signal lost
2026-07-28T22:31:43-04:00 dcwasof2nexvue01 bash[2369455]: Additional debug info:
2026-07-28T22:31:43-04:00 dcwasof2nexvue01 bash[2369455]: ../sys/decklink/gstdecklinkvideosrc.cpp(1283): gst_decklink_video_src_create (): /GstPipeline:pipeline0/GstDecklinkVideoSrc:decklinkvideosrc0:
2026-07-28T22:31:43-04:00 dcwasof2nexvue01 bash[2369455]: No input source was detected - video frames invalid
2026-07-28T22:31:43-04:00 dcwasof2nexvue01 bash[2369455]: Redistribute latency...
2026-07-28T22:31:43-04:00 dcwasof2nexvue01 bash[2369455]: Redistribute latency...
2026-07-28T22:31:43-04:00 dcwasof2nexvue01 bash[2369455]: Redistribute latency...
2026-07-28T22:31:43-04:00 dcwasof2nexvue01 bash[2369455]: Progress: (record) Sending server stream info
2026-07-28T22:31:43-04:00 dcwasof2nexvue01 bash[2369455]: Progress: (request) SETUP stream 1
2026-07-28T22:31:43-04:00 dcwasof2nexvue01 bash[2369455]: Redistribute latency...
2026-07-28T22:31:43-04:00 dcwasof2nexvue01 bash[2369455]: Redistribute latency...
2026-07-28T22:31:43-04:00 dcwasof2nexvue01 bash[2369455]: INFO:
2026-07-28T22:31:43-04:00 dcwasof2nexvue01 bash[2369455]: ../sys/decklink/gstdecklinkvideosrc.cpp(1300): gst_decklink_video_src_create (): /GstPipeline:pipeline0/GstDecklinkVideoSrc:decklinkvideosrc0:
2026-07-28T22:31:43-04:00 dcwasof2nexvue01 bash[2369455]: Input source detected
2026-07-28T22:31:43-04:00 dcwasof2nexvue01 bash[2369455]: Redistribute latency...
2026-07-28T22:31:44-04:00 dcwasof2nexvue01 bash[2369455]: Progress: (request) SETUP stream 0
2026-07-28T22:31:44-04:00 dcwasof2nexvue01 bash[2369455]: Redistribute latency...
2026-07-28T22:31:44-04:00 dcwasof2nexvue01 bash[2369455]: Redistribute latency...
2026-07-28T22:31:45-04:00 dcwasof2nexvue01 bash[2369455]: Progress: (record) Starting recording
2026-07-28T22:31:45-04:00 dcwasof2nexvue01 bash[2369455]: Redistribute latency...
2026-07-28T22:31:45-04:00 dcwasof2nexvue01 bash[2369455]: WARNING: from element /GstPipeline:pipeline0/GstDecklinkVideoSrc:decklinkvideosrc0: Dropped 35 old frames from 0:00:01.210864710 to 0:00:02.345331377
2026-07-28T22:31:45-04:00 dcwasof2nexvue01 bash[2369455]: Additional debug info:
2026-07-28T22:31:45-04:00 dcwasof2nexvue01 bash[2369455]: ../sys/decklink/gstdecklinkvideosrc.cpp(925): gst_decklink_video_src_got_frame (): /GstPipeline:pipeline0/GstDecklinkVideoSrc:decklinkvideosrc0
2026-07-28T22:31:46-04:00 dcwasof2nexvue01 bash[2369455]: Redistribute latency...
2026-07-28T22:31:47-04:00 dcwasof2nexvue01 bash[2369455]: Redistribute latency...
2026-07-28T22:34:39-04:00 dcwasof2nexvue01 systemd[1]: Stopping nexvue-encode@3.service - NexVUE encoder channel 3 (DeckLink -> MediaMTX)...
2026-07-28T22:34:39-04:00 dcwasof2nexvue01 bash[2369322]: Terminated
2026-07-28T22:34:39-04:00 dcwasof2nexvue01 systemd[1]: nexvue-encode@3.service: Main process exited, code=exited, status=143/n/a
2026-07-28T22:34:39-04:00 dcwasof2nexvue01 systemd[1]: nexvue-encode@3.service: Failed with result 'exit-code'.
2026-07-28T22:34:39-04:00 dcwasof2nexvue01 systemd[1]: Stopped nexvue-encode@3.service - NexVUE encoder channel 3 (DeckLink -> MediaMTX).
2026-07-28T22:34:39-04:00 dcwasof2nexvue01 systemd[1]: nexvue-encode@3.service: Consumed 1min 6.549s CPU time.
-- Boot 7dc65741f33b4e2ba2f12ad984e68e0d --
2026-07-28T22:35:00-04:00 dcwasof2nexvue01 systemd[1]: Starting nexvue-encode@3.service - NexVUE encoder channel 3 (DeckLink -> MediaMTX)...
2026-07-28T22:35:00-04:00 dcwasof2nexvue01 systemd[1]: Started nexvue-encode@3.service - NexVUE encoder channel 3 (DeckLink -> MediaMTX).
2026-07-28T22:35:01-04:00 dcwasof2nexvue01 bash[2094]: [nexvue-encode] starting: device=3 path=ch3 deint=top hi=4000kbps lo=false(500kbps) audio=true layout=stereo_sap(8ch@128000bps embeds=1,2,3,4,5,6,7,8) captions=true enc=vah264enc
2026-07-28T22:35:01-04:00 dcwasof2nexvue01 bash[2094]: [nexvue-encode] publishing HI to rtsp://127.0.0.1:8554/ch3?jwt=eyJhbGciOiJSUzI1NiIsInR5cCI6IkpXVCIsImtpZCI6Ikk4TXU0UzdHbW9BIn0.eyJpYXQiOjE3ODUyOTAxNzAsImV4cCI6MjEwMDY1MDE3MCwiaXNzIjoibmV4dnVlLWVkZ2UiLCJzdWIiOiJuZXh2dWUtZW5jb2RlIiwibWVkaWFtdHhfcGVybWlzc2lvbnMiOlt7ImFjdGlvbiI6InB1Ymxpc2giLCJwYXRoIjoiIn0seyJhY3Rpb24iOiJhcGkifV19.dGbo3znxmuXcs3_azRaYNG80pB1vp-oq7x4cflOpM5QYkUzd8QIhtnHFL9y1IZRQ9Yrm_eop48Fb8PuJU8CS3nhVThA02zuUiLwqFsWDJupZg5IUsTOdymybYfqvifwH8QZj66_uFC83Abjt6JCJhKBSMLqpKWNdAPDUl3elTsQ9UGzLUc0ScesumgW11t_cp6cxGWwVb96bnfGv8lt3GnawjEwchpEGMQjkJRKsgM4L_xpqDzwseUjti8CSDsUZWuIku-Qct7UOnd7PX1e5OhXLclURiq_8VXssuw22t2UxgZzHLL7D0-7XwJ4bVobLrG3unzbiNepAGrAvtyNn1w
2026-07-28T22:35:01-04:00 dcwasof2nexvue01 bash[2605]: Setting pipeline to PAUSED ...
2026-07-28T22:35:01-04:00 dcwasof2nexvue01 bash[2605]: Pipeline is live and does not need PREROLL ...
2026-07-28T22:35:01-04:00 dcwasof2nexvue01 bash[2605]: Got context from element 'vah264enc0': gst.va.display.handle=context, gst-display=(GstObject)"\(GstVaDisplayDrm\)\ vadisplaydrm2", description=(string)"Intel\(R\)\ Gen\ Graphics", path=(string)/dev/dri/renderD128;
2026-07-28T22:35:01-04:00 dcwasof2nexvue01 bash[2605]: Progress: (open) Opening Stream
2026-07-28T22:35:01-04:00 dcwasof2nexvue01 bash[2605]: Progress: (connect) Connecting to rtsp://127.0.0.1:8554/ch3?jwt=eyJhbGciOiJSUzI1NiIsInR5cCI6IkpXVCIsImtpZCI6Ikk4TXU0UzdHbW9BIn0.eyJpYXQiOjE3ODUyOTAxNzAsImV4cCI6MjEwMDY1MDE3MCwiaXNzIjoibmV4dnVlLWVkZ2UiLCJzdWIiOiJuZXh2dWUtZW5jb2RlIiwibWVkaWFtdHhfcGVybWlzc2lvbnMiOlt7ImFjdGlvbiI6InB1Ymxpc2giLCJwYXRoIjoiIn0seyJhY3Rpb24iOiJhcGkifV19.dGbo3znxmuXcs3_azRaYNG80pB1vp-oq7x4cflOpM5QYkUzd8QIhtnHFL9y1IZRQ9Yrm_eop48Fb8PuJU8CS3nhVThA02zuUiLwqFsWDJupZg5IUsTOdymybYfqvifwH8QZj66_uFC83Abjt6JCJhKBSMLqpKWNdAPDUl3elTsQ9UGzLUc0ScesumgW11t_cp6cxGWwVb96bnfGv8lt3GnawjEwchpEGMQjkJRKsgM4L_xpqDzwseUjti8CSDsUZWuIku-Qct7UOnd7PX1e5OhXLclURiq_8VXssuw22t2UxgZzHLL7D0-7XwJ4bVobLrG3unzbiNepAGrAvtyNn1w
2026-07-28T22:35:01-04:00 dcwasof2nexvue01 bash[2605]: Pipeline is PREROLLED ...
2026-07-28T22:35:01-04:00 dcwasof2nexvue01 bash[2605]: Prerolled, waiting for progress to finish...
2026-07-28T22:35:01-04:00 dcwasof2nexvue01 bash[2605]: Progress: (open) Retrieving server options
2026-07-28T22:35:01-04:00 dcwasof2nexvue01 bash[2605]: Progress: (open) Opened Stream
2026-07-28T22:35:01-04:00 dcwasof2nexvue01 bash[2605]: Setting pipeline to PLAYING ...
2026-07-28T22:35:01-04:00 dcwasof2nexvue01 bash[2605]: New clock: GstSystemClock
2026-07-28T22:35:01-04:00 dcwasof2nexvue01 bash[2605]: Progress: (request) Sending RECORD request
2026-07-28T22:35:01-04:00 dcwasof2nexvue01 bash[2605]: WARNING: from element /GstPipeline:pipeline0/GstDecklinkVideoSrc:decklinkvideosrc0: Signal lost
2026-07-28T22:35:01-04:00 dcwasof2nexvue01 bash[2605]: Additional debug info:
2026-07-28T22:35:01-04:00 dcwasof2nexvue01 bash[2605]: ../sys/decklink/gstdecklinkvideosrc.cpp(1283): gst_decklink_video_src_create (): /GstPipeline:pipeline0/GstDecklinkVideoSrc:decklinkvideosrc0:
2026-07-28T22:35:01-04:00 dcwasof2nexvue01 bash[2605]: No input source was detected - video frames invalid
2026-07-28T22:35:01-04:00 dcwasof2nexvue01 bash[2605]: Redistribute latency...
2026-07-28T22:35:01-04:00 dcwasof2nexvue01 bash[2605]: Redistribute latency...
2026-07-28T22:35:01-04:00 dcwasof2nexvue01 bash[2605]: Redistribute latency...
2026-07-28T22:35:01-04:00 dcwasof2nexvue01 bash[2605]: Progress: (record) Sending server stream info
2026-07-28T22:35:01-04:00 dcwasof2nexvue01 bash[2605]: Progress: (request) SETUP stream 1
2026-07-28T22:35:01-04:00 dcwasof2nexvue01 bash[2605]: Redistribute latency...
2026-07-28T22:35:01-04:00 dcwasof2nexvue01 bash[2605]: Redistribute latency...
2026-07-28T22:35:02-04:00 dcwasof2nexvue01 bash[2605]: INFO:
2026-07-28T22:35:02-04:00 dcwasof2nexvue01 bash[2605]: ../sys/decklink/gstdecklinkvideosrc.cpp(1300): gst_decklink_video_src_create (): /GstPipeline:pipeline0/GstDecklinkVideoSrc:decklinkvideosrc0:
2026-07-28T22:35:02-04:00 dcwasof2nexvue01 bash[2605]: Input source detected
2026-07-28T22:35:02-04:00 dcwasof2nexvue01 bash[2605]: Redistribute latency...
2026-07-28T22:35:02-04:00 dcwasof2nexvue01 bash[2605]: Progress: (request) SETUP stream 0
2026-07-28T22:35:02-04:00 dcwasof2nexvue01 bash[2605]: Redistribute latency...
2026-07-28T22:35:02-04:00 dcwasof2nexvue01 bash[2605]: Redistribute latency...
2026-07-28T22:35:03-04:00 dcwasof2nexvue01 bash[2605]: Progress: (record) Starting recording
2026-07-28T22:35:03-04:00 dcwasof2nexvue01 bash[2605]: Redistribute latency...
2026-07-28T22:35:04-04:00 dcwasof2nexvue01 bash[2605]: WARNING: from element /GstPipeline:pipeline0/GstDecklinkVideoSrc:decklinkvideosrc0: Dropped 47 old frames from 0:00:01.233782969 to 0:00:02.768664983
2026-07-28T22:35:04-04:00 dcwasof2nexvue01 bash[2605]: Additional debug info:
2026-07-28T22:35:04-04:00 dcwasof2nexvue01 bash[2605]: ../sys/decklink/gstdecklinkvideosrc.cpp(925): gst_decklink_video_src_got_frame (): /GstPipeline:pipeline0/GstDecklinkVideoSrc:decklinkvideosrc0
2026-07-28T22:35:05-04:00 dcwasof2nexvue01 bash[2605]: Redistribute latency...
2026-07-28T22:35:06-04:00 dcwasof2nexvue01 bash[2605]: Redistribute latency...
2026-07-28T22:37:11-04:00 dcwasof2nexvue01 systemd[1]: Stopping nexvue-encode@3.service - NexVUE encoder channel 3 (DeckLink -> MediaMTX)...
2026-07-28T22:37:11-04:00 dcwasof2nexvue01 bash[2094]: Terminated
2026-07-28T22:37:11-04:00 dcwasof2nexvue01 systemd[1]: nexvue-encode@3.service: Main process exited, code=exited, status=143/n/a
2026-07-28T22:37:11-04:00 dcwasof2nexvue01 systemd[1]: nexvue-encode@3.service: Failed with result 'exit-code'.
2026-07-28T22:37:11-04:00 dcwasof2nexvue01 systemd[1]: Stopped nexvue-encode@3.service - NexVUE encoder channel 3 (DeckLink -> MediaMTX).
2026-07-28T22:37:11-04:00 dcwasof2nexvue01 systemd[1]: nexvue-encode@3.service: Consumed 41.648s CPU time.
2026-07-28T22:37:11-04:00 dcwasof2nexvue01 systemd[1]: Starting nexvue-encode@3.service - NexVUE encoder channel 3 (DeckLink -> MediaMTX)...
2026-07-28T22:37:11-04:00 dcwasof2nexvue01 systemd[1]: Started nexvue-encode@3.service - NexVUE encoder channel 3 (DeckLink -> MediaMTX).
2026-07-28T22:37:11-04:00 dcwasof2nexvue01 bash[5065]: [nexvue-encode] starting: device=3 path=ch3 deint=all hi=5000kbps lo=false(1200kbps) audio=true layout=51_sap(8ch@384000bps embeds=1,2,3,4,5,6,7,8) captions=true enc=vah264enc
2026-07-28T22:37:11-04:00 dcwasof2nexvue01 bash[5065]: [nexvue-encode] publishing HI to rtsp://127.0.0.1:8554/ch3?jwt=eyJhbGciOiJSUzI1NiIsInR5cCI6IkpXVCIsImtpZCI6Ikk4TXU0UzdHbW9BIn0.eyJpYXQiOjE3ODUyOTAxNzAsImV4cCI6MjEwMDY1MDE3MCwiaXNzIjoibmV4dnVlLWVkZ2UiLCJzdWIiOiJuZXh2dWUtZW5jb2RlIiwibWVkaWFtdHhfcGVybWlzc2lvbnMiOlt7ImFjdGlvbiI6InB1Ymxpc2giLCJwYXRoIjoiIn0seyJhY3Rpb24iOiJhcGkifV19.dGbo3znxmuXcs3_azRaYNG80pB1vp-oq7x4cflOpM5QYkUzd8QIhtnHFL9y1IZRQ9Yrm_eop48Fb8PuJU8CS3nhVThA02zuUiLwqFsWDJupZg5IUsTOdymybYfqvifwH8QZj66_uFC83Abjt6JCJhKBSMLqpKWNdAPDUl3elTsQ9UGzLUc0ScesumgW11t_cp6cxGWwVb96bnfGv8lt3GnawjEwchpEGMQjkJRKsgM4L_xpqDzwseUjti8CSDsUZWuIku-Qct7UOnd7PX1e5OhXLclURiq_8VXssuw22t2UxgZzHLL7D0-7XwJ4bVobLrG3unzbiNepAGrAvtyNn1w
2026-07-28T22:37:11-04:00 dcwasof2nexvue01 bash[5187]: Setting pipeline to PAUSED ...
2026-07-28T22:37:11-04:00 dcwasof2nexvue01 bash[5187]: Pipeline is live and does not need PREROLL ...
2026-07-28T22:37:11-04:00 dcwasof2nexvue01 bash[5187]: Got context from element 'vah264enc0': gst.va.display.handle=context, gst-display=(GstObject)"\(GstVaDisplayDrm\)\ vadisplaydrm2", description=(string)"Intel\(R\)\ Gen\ Graphics", path=(string)/dev/dri/renderD128;
2026-07-28T22:37:11-04:00 dcwasof2nexvue01 bash[5187]: Progress: (open) Opening Stream
2026-07-28T22:37:11-04:00 dcwasof2nexvue01 bash[5187]: Progress: (connect) Connecting to rtsp://127.0.0.1:8554/ch3?jwt=eyJhbGciOiJSUzI1NiIsInR5cCI6IkpXVCIsImtpZCI6Ikk4TXU0UzdHbW9BIn0.eyJpYXQiOjE3ODUyOTAxNzAsImV4cCI6MjEwMDY1MDE3MCwiaXNzIjoibmV4dnVlLWVkZ2UiLCJzdWIiOiJuZXh2dWUtZW5jb2RlIiwibWVkaWFtdHhfcGVybWlzc2lvbnMiOlt7ImFjdGlvbiI6InB1Ymxpc2giLCJwYXRoIjoiIn0seyJhY3Rpb24iOiJhcGkifV19.dGbo3znxmuXcs3_azRaYNG80pB1vp-oq7x4cflOpM5QYkUzd8QIhtnHFL9y1IZRQ9Yrm_eop48Fb8PuJU8CS3nhVThA02zuUiLwqFsWDJupZg5IUsTOdymybYfqvifwH8QZj66_uFC83Abjt6JCJhKBSMLqpKWNdAPDUl3elTsQ9UGzLUc0ScesumgW11t_cp6cxGWwVb96bnfGv8lt3GnawjEwchpEGMQjkJRKsgM4L_xpqDzwseUjti8CSDsUZWuIku-Qct7UOnd7PX1e5OhXLclURiq_8VXssuw22t2UxgZzHLL7D0-7XwJ4bVobLrG3unzbiNepAGrAvtyNn1w
2026-07-28T22:37:11-04:00 dcwasof2nexvue01 bash[5187]: Pipeline is PREROLLED ...
2026-07-28T22:37:11-04:00 dcwasof2nexvue01 bash[5187]: Prerolled, waiting for progress to finish...
2026-07-28T22:37:11-04:00 dcwasof2nexvue01 bash[5187]: Progress: (open) Retrieving server options
2026-07-28T22:37:11-04:00 dcwasof2nexvue01 bash[5187]: Progress: (open) Opened Stream
2026-07-28T22:37:11-04:00 dcwasof2nexvue01 bash[5187]: Setting pipeline to PLAYING ...
2026-07-28T22:37:11-04:00 dcwasof2nexvue01 bash[5187]: New clock: GstSystemClock
2026-07-28T22:37:11-04:00 dcwasof2nexvue01 bash[5187]: Progress: (request) Sending RECORD request
2026-07-28T22:37:11-04:00 dcwasof2nexvue01 bash[5187]: WARNING: from element /GstPipeline:pipeline0/GstDecklinkVideoSrc:decklinkvideosrc0: Signal lost
2026-07-28T22:37:11-04:00 dcwasof2nexvue01 bash[5187]: Additional debug info:
2026-07-28T22:37:11-04:00 dcwasof2nexvue01 bash[5187]: ../sys/decklink/gstdecklinkvideosrc.cpp(1283): gst_decklink_video_src_create (): /GstPipeline:pipeline0/GstDecklinkVideoSrc:decklinkvideosrc0:
2026-07-28T22:37:11-04:00 dcwasof2nexvue01 bash[5187]: No input source was detected - video frames invalid
2026-07-28T22:37:11-04:00 dcwasof2nexvue01 bash[5187]: Redistribute latency...
2026-07-28T22:37:11-04:00 dcwasof2nexvue01 bash[5187]: Redistribute latency...
2026-07-28T22:37:11-04:00 dcwasof2nexvue01 bash[5187]: Redistribute latency...
2026-07-28T22:37:11-04:00 dcwasof2nexvue01 bash[5187]: Progress: (record) Sending server stream info
2026-07-28T22:37:11-04:00 dcwasof2nexvue01 bash[5187]: Progress: (request) SETUP stream 1
2026-07-28T22:37:11-04:00 dcwasof2nexvue01 bash[5187]: Redistribute latency...
2026-07-28T22:37:11-04:00 dcwasof2nexvue01 bash[5187]: Redistribute latency...
2026-07-28T22:37:12-04:00 dcwasof2nexvue01 bash[5187]: Progress: (request) SETUP stream 0
2026-07-28T22:37:12-04:00 dcwasof2nexvue01 bash[5187]: Redistribute latency...
2026-07-28T22:37:12-04:00 dcwasof2nexvue01 bash[5187]: Redistribute latency...
2026-07-28T22:37:13-04:00 dcwasof2nexvue01 bash[5187]: Progress: (record) Starting recording
2026-07-28T22:37:13-04:00 dcwasof2nexvue01 bash[5187]: Redistribute latency...
2026-07-28T22:37:13-04:00 dcwasof2nexvue01 bash[5187]: INFO:
2026-07-28T22:37:13-04:00 dcwasof2nexvue01 bash[5187]: ../sys/decklink/gstdecklinkvideosrc.cpp(1300): gst_decklink_video_src_create (): /GstPipeline:pipeline0/GstDecklinkVideoSrc:decklinkvideosrc0:
2026-07-28T22:37:13-04:00 dcwasof2nexvue01 bash[5187]: Input source detected
2026-07-28T22:37:13-04:00 dcwasof2nexvue01 bash[5187]: Redistribute latency...
2026-07-28T22:37:13-04:00 dcwasof2nexvue01 bash[5187]: WARNING: from element /GstPipeline:pipeline0/GstDecklinkVideoSrc:decklinkvideosrc0: Dropped 58 old frames from 0:00:00.140804235 to 0:00:02.095477048
2026-07-28T22:37:13-04:00 dcwasof2nexvue01 bash[5187]: Additional debug info:
2026-07-28T22:37:13-04:00 dcwasof2nexvue01 bash[5187]: ../sys/decklink/gstdecklinkvideosrc.cpp(925): gst_decklink_video_src_got_frame (): /GstPipeline:pipeline0/GstDecklinkVideoSrc:decklinkvideosrc0
2026-07-28T22:37:15-04:00 dcwasof2nexvue01 bash[5187]: Redistribute latency...
2026-07-28T22:37:16-04:00 dcwasof2nexvue01 bash[5187]: Redistribute latency...
2026-07-28T22:39:19-04:00 dcwasof2nexvue01 systemd[1]: Stopping nexvue-encode@3.service - NexVUE encoder channel 3 (DeckLink -> MediaMTX)...
2026-07-28T22:39:19-04:00 dcwasof2nexvue01 bash[5065]: Terminated
2026-07-28T22:39:19-04:00 dcwasof2nexvue01 systemd[1]: nexvue-encode@3.service: Main process exited, code=exited, status=143/n/a
2026-07-28T22:39:19-04:00 dcwasof2nexvue01 systemd[1]: nexvue-encode@3.service: Failed with result 'exit-code'.
2026-07-28T22:39:19-04:00 dcwasof2nexvue01 systemd[1]: Stopped nexvue-encode@3.service - NexVUE encoder channel 3 (DeckLink -> MediaMTX).
2026-07-28T22:39:19-04:00 dcwasof2nexvue01 systemd[1]: nexvue-encode@3.service: Consumed 56.110s CPU time.
2026-07-28T22:51:47-04:00 dcwasof2nexvue01 systemd[1]: Starting nexvue-encode@3.service - NexVUE encoder channel 3 (DeckLink -> MediaMTX)...
2026-07-28T22:51:47-04:00 dcwasof2nexvue01 systemd[1]: Started nexvue-encode@3.service - NexVUE encoder channel 3 (DeckLink -> MediaMTX).
2026-07-28T22:51:47-04:00 dcwasof2nexvue01 bash[25945]: [nexvue-encode] starting: device=3 path=ch3 deint=all hi=5000kbps lo=false(1200kbps) audio=true layout=51_sap(8ch@384000bps embeds=1,2,3,4,5,6,7,8) captions=true enc=vah264enc
2026-07-28T22:51:47-04:00 dcwasof2nexvue01 bash[25945]: [nexvue-encode] publishing HI to rtsp://127.0.0.1:8554/ch3?jwt=eyJhbGciOiJSUzI1NiIsInR5cCI6IkpXVCIsImtpZCI6Ikk4TXU0UzdHbW9BIn0.eyJpYXQiOjE3ODUyOTAxNzAsImV4cCI6MjEwMDY1MDE3MCwiaXNzIjoibmV4dnVlLWVkZ2UiLCJzdWIiOiJuZXh2dWUtZW5jb2RlIiwibWVkaWFtdHhfcGVybWlzc2lvbnMiOlt7ImFjdGlvbiI6InB1Ymxpc2giLCJwYXRoIjoiIn0seyJhY3Rpb24iOiJhcGkifV19.dGbo3znxmuXcs3_azRaYNG80pB1vp-oq7x4cflOpM5QYkUzd8QIhtnHFL9y1IZRQ9Yrm_eop48Fb8PuJU8CS3nhVThA02zuUiLwqFsWDJupZg5IUsTOdymybYfqvifwH8QZj66_uFC83Abjt6JCJhKBSMLqpKWNdAPDUl3elTsQ9UGzLUc0ScesumgW11t_cp6cxGWwVb96bnfGv8lt3GnawjEwchpEGMQjkJRKsgM4L_xpqDzwseUjti8CSDsUZWuIku-Qct7UOnd7PX1e5OhXLclURiq_8VXssuw22t2UxgZzHLL7D0-7XwJ4bVobLrG3unzbiNepAGrAvtyNn1w
2026-07-28T22:51:47-04:00 dcwasof2nexvue01 bash[26069]: Setting pipeline to PAUSED ...
2026-07-28T22:51:47-04:00 dcwasof2nexvue01 bash[26069]: Pipeline is live and does not need PREROLL ...
2026-07-28T22:51:47-04:00 dcwasof2nexvue01 bash[26069]: Got context from element 'vah264enc0': gst.va.display.handle=context, gst-display=(GstObject)"\(GstVaDisplayDrm\)\ vadisplaydrm2", description=(string)"Intel\(R\)\ Gen\ Graphics", path=(string)/dev/dri/renderD128;
2026-07-28T22:51:47-04:00 dcwasof2nexvue01 bash[26069]: Progress: (open) Opening Stream
2026-07-28T22:51:47-04:00 dcwasof2nexvue01 bash[26069]: Progress: (connect) Connecting to rtsp://127.0.0.1:8554/ch3?jwt=eyJhbGciOiJSUzI1NiIsInR5cCI6IkpXVCIsImtpZCI6Ikk4TXU0UzdHbW9BIn0.eyJpYXQiOjE3ODUyOTAxNzAsImV4cCI6MjEwMDY1MDE3MCwiaXNzIjoibmV4dnVlLWVkZ2UiLCJzdWIiOiJuZXh2dWUtZW5jb2RlIiwibWVkaWFtdHhfcGVybWlzc2lvbnMiOlt7ImFjdGlvbiI6InB1Ymxpc2giLCJwYXRoIjoiIn0seyJhY3Rpb24iOiJhcGkifV19.dGbo3znxmuXcs3_azRaYNG80pB1vp-oq7x4cflOpM5QYkUzd8QIhtnHFL9y1IZRQ9Yrm_eop48Fb8PuJU8CS3nhVThA02zuUiLwqFsWDJupZg5IUsTOdymybYfqvifwH8QZj66_uFC83Abjt6JCJhKBSMLqpKWNdAPDUl3elTsQ9UGzLUc0ScesumgW11t_cp6cxGWwVb96bnfGv8lt3GnawjEwchpEGMQjkJRKsgM4L_xpqDzwseUjti8CSDsUZWuIku-Qct7UOnd7PX1e5OhXLclURiq_8VXssuw22t2UxgZzHLL7D0-7XwJ4bVobLrG3unzbiNepAGrAvtyNn1w
2026-07-28T22:51:47-04:00 dcwasof2nexvue01 bash[26069]: Pipeline is PREROLLED ...
2026-07-28T22:51:47-04:00 dcwasof2nexvue01 bash[26069]: Prerolled, waiting for progress to finish...
2026-07-28T22:51:47-04:00 dcwasof2nexvue01 bash[26069]: Progress: (open) Retrieving server options
2026-07-28T22:51:47-04:00 dcwasof2nexvue01 bash[26069]: Progress: (open) Opened Stream
2026-07-28T22:51:47-04:00 dcwasof2nexvue01 bash[26069]: Setting pipeline to PLAYING ...
2026-07-28T22:51:47-04:00 dcwasof2nexvue01 bash[26069]: New clock: GstSystemClock
2026-07-28T22:51:47-04:00 dcwasof2nexvue01 bash[26069]: Progress: (request) Sending RECORD request
2026-07-28T22:51:47-04:00 dcwasof2nexvue01 bash[26069]: WARNING: from element /GstPipeline:pipeline0/GstDecklinkVideoSrc:decklinkvideosrc0: Signal lost
2026-07-28T22:51:47-04:00 dcwasof2nexvue01 bash[26069]: Additional debug info:
2026-07-28T22:51:47-04:00 dcwasof2nexvue01 bash[26069]: ../sys/decklink/gstdecklinkvideosrc.cpp(1283): gst_decklink_video_src_create (): /GstPipeline:pipeline0/GstDecklinkVideoSrc:decklinkvideosrc0:
2026-07-28T22:51:47-04:00 dcwasof2nexvue01 bash[26069]: No input source was detected - video frames invalid
2026-07-28T22:51:47-04:00 dcwasof2nexvue01 bash[26069]: Redistribute latency...
2026-07-28T22:51:47-04:00 dcwasof2nexvue01 bash[26069]: Redistribute latency...
2026-07-28T22:51:47-04:00 dcwasof2nexvue01 bash[26069]: Redistribute latency...
2026-07-28T22:51:47-04:00 dcwasof2nexvue01 bash[26069]: Progress: (record) Sending server stream info
2026-07-28T22:51:47-04:00 dcwasof2nexvue01 bash[26069]: Progress: (request) SETUP stream 1
2026-07-28T22:51:47-04:00 dcwasof2nexvue01 bash[26069]: Redistribute latency...
2026-07-28T22:51:47-04:00 dcwasof2nexvue01 bash[26069]: Redistribute latency...
2026-07-28T22:51:48-04:00 dcwasof2nexvue01 bash[26069]: Progress: (request) SETUP stream 0
2026-07-28T22:51:48-04:00 dcwasof2nexvue01 bash[26069]: Redistribute latency...
2026-07-28T22:51:48-04:00 dcwasof2nexvue01 bash[26069]: Redistribute latency...
2026-07-28T22:51:49-04:00 dcwasof2nexvue01 bash[26069]: Progress: (record) Starting recording
2026-07-28T22:51:49-04:00 dcwasof2nexvue01 bash[26069]: Redistribute latency...
2026-07-28T22:51:50-04:00 dcwasof2nexvue01 bash[26069]: INFO:
2026-07-28T22:51:50-04:00 dcwasof2nexvue01 bash[26069]: ../sys/decklink/gstdecklinkvideosrc.cpp(1300): gst_decklink_video_src_create (): /GstPipeline:pipeline0/GstDecklinkVideoSrc:decklinkvideosrc0:
2026-07-28T22:51:50-04:00 dcwasof2nexvue01 bash[26069]: Input source detected
2026-07-28T22:51:50-04:00 dcwasof2nexvue01 bash[26069]: Redistribute latency...
2026-07-28T22:51:50-04:00 dcwasof2nexvue01 bash[26069]: WARNING: from element /GstPipeline:pipeline0/GstDecklinkVideoSrc:decklinkvideosrc0: Dropped 58 old frames from 0:00:00.146762753 to 0:00:02.103750586
2026-07-28T22:51:50-04:00 dcwasof2nexvue01 bash[26069]: Additional debug info:
2026-07-28T22:51:50-04:00 dcwasof2nexvue01 bash[26069]: ../sys/decklink/gstdecklinkvideosrc.cpp(925): gst_decklink_video_src_got_frame (): /GstPipeline:pipeline0/GstDecklinkVideoSrc:decklinkvideosrc0
2026-07-28T22:51:51-04:00 dcwasof2nexvue01 bash[26069]: Redistribute latency...
2026-07-28T22:51:52-04:00 dcwasof2nexvue01 bash[26069]: Redistribute latency...
