2026-07-28T22:31:41-04:00 dcwasof2nexvue01 systemd[1]: Starting nexvue-encode@2.service - NexVUE encoder channel 2 (DeckLink -> MediaMTX)...
2026-07-28T22:31:41-04:00 dcwasof2nexvue01 systemd[1]: Started nexvue-encode@2.service - NexVUE encoder channel 2 (DeckLink -> MediaMTX).
2026-07-28T22:31:42-04:00 dcwasof2nexvue01 bash[2369197]: [nexvue-encode] starting: device=2 path=ch2 deint=all hi=5000kbps lo=true(1200kbps) audio=true layout=stereo_sap(8ch@384000bps embeds=1,2,7,8) captions=true enc=vah264enc
2026-07-28T22:31:42-04:00 dcwasof2nexvue01 bash[2369197]: [nexvue-encode] publishing HI to rtsp://127.0.0.1:8554/ch2?jwt=eyJhbGciOiJSUzI1NiIsInR5cCI6IkpXVCIsImtpZCI6Ikk4TXU0UzdHbW9BIn0.eyJpYXQiOjE3ODUyOTAxNzAsImV4cCI6MjEwMDY1MDE3MCwiaXNzIjoibmV4dnVlLWVkZ2UiLCJzdWIiOiJuZXh2dWUtZW5jb2RlIiwibWVkaWFtdHhfcGVybWlzc2lvbnMiOlt7ImFjdGlvbiI6InB1Ymxpc2giLCJwYXRoIjoiIn0seyJhY3Rpb24iOiJhcGkifV19.dGbo3znxmuXcs3_azRaYNG80pB1vp-oq7x4cflOpM5QYkUzd8QIhtnHFL9y1IZRQ9Yrm_eop48Fb8PuJU8CS3nhVThA02zuUiLwqFsWDJupZg5IUsTOdymybYfqvifwH8QZj66_uFC83Abjt6JCJhKBSMLqpKWNdAPDUl3elTsQ9UGzLUc0ScesumgW11t_cp6cxGWwVb96bnfGv8lt3GnawjEwchpEGMQjkJRKsgM4L_xpqDzwseUjti8CSDsUZWuIku-Qct7UOnd7PX1e5OhXLclURiq_8VXssuw22t2UxgZzHLL7D0-7XwJ4bVobLrG3unzbiNepAGrAvtyNn1w, LO to rtsp://127.0.0.1:8554/ch2lo?jwt=eyJhbGciOiJSUzI1NiIsInR5cCI6IkpXVCIsImtpZCI6Ikk4TXU0UzdHbW9BIn0.eyJpYXQiOjE3ODUyOTAxNzAsImV4cCI6MjEwMDY1MDE3MCwiaXNzIjoibmV4dnVlLWVkZ2UiLCJzdWIiOiJuZXh2dWUtZW5jb2RlIiwibWVkaWFtdHhfcGVybWlzc2lvbnMiOlt7ImFjdGlvbiI6InB1Ymxpc2giLCJwYXRoIjoiIn0seyJhY3Rpb24iOiJhcGkifV19.dGbo3znxmuXcs3_azRaYNG80pB1vp-oq7x4cflOpM5QYkUzd8QIhtnHFL9y1IZRQ9Yrm_eop48Fb8PuJU8CS3nhVThA02zuUiLwqFsWDJupZg5IUsTOdymybYfqvifwH8QZj66_uFC83Abjt6JCJhKBSMLqpKWNdAPDUl3elTsQ9UGzLUc0ScesumgW11t_cp6cxGWwVb96bnfGv8lt3GnawjEwchpEGMQjkJRKsgM4L_xpqDzwseUjti8CSDsUZWuIku-Qct7UOnd7PX1e5OhXLclURiq_8VXssuw22t2UxgZzHLL7D0-7XwJ4bVobLrG3unzbiNepAGrAvtyNn1w
2026-07-28T22:31:42-04:00 dcwasof2nexvue01 bash[2369256]: Setting pipeline to PAUSED ...
2026-07-28T22:31:42-04:00 dcwasof2nexvue01 bash[2369256]: Pipeline is live and does not need PREROLL ...
2026-07-28T22:31:42-04:00 dcwasof2nexvue01 bash[2369256]: Got context from element 'vah264enc1': gst.va.display.handle=context, gst-display=(GstObject)"\(GstVaDisplayDrm\)\ vadisplaydrm2", description=(string)"Intel\(R\)\ Gen\ Graphics", path=(string)/dev/dri/renderD128;
2026-07-28T22:31:42-04:00 dcwasof2nexvue01 bash[2369256]: Progress: (open) Opening Stream
2026-07-28T22:31:42-04:00 dcwasof2nexvue01 bash[2369256]: Progress: (open) Opening Stream
2026-07-28T22:31:42-04:00 dcwasof2nexvue01 bash[2369256]: Progress: (connect) Connecting to rtsp://127.0.0.1:8554/ch2lo?jwt=eyJhbGciOiJSUzI1NiIsInR5cCI6IkpXVCIsImtpZCI6Ikk4TXU0UzdHbW9BIn0.eyJpYXQiOjE3ODUyOTAxNzAsImV4cCI6MjEwMDY1MDE3MCwiaXNzIjoibmV4dnVlLWVkZ2UiLCJzdWIiOiJuZXh2dWUtZW5jb2RlIiwibWVkaWFtdHhfcGVybWlzc2lvbnMiOlt7ImFjdGlvbiI6InB1Ymxpc2giLCJwYXRoIjoiIn0seyJhY3Rpb24iOiJhcGkifV19.dGbo3znxmuXcs3_azRaYNG80pB1vp-oq7x4cflOpM5QYkUzd8QIhtnHFL9y1IZRQ9Yrm_eop48Fb8PuJU8CS3nhVThA02zuUiLwqFsWDJupZg5IUsTOdymybYfqvifwH8QZj66_uFC83Abjt6JCJhKBSMLqpKWNdAPDUl3elTsQ9UGzLUc0ScesumgW11t_cp6cxGWwVb96bnfGv8lt3GnawjEwchpEGMQjkJRKsgM4L_xpqDzwseUjti8CSDsUZWuIku-Qct7UOnd7PX1e5OhXLclURiq_8VXssuw22t2UxgZzHLL7D0-7XwJ4bVobLrG3unzbiNepAGrAvtyNn1w
2026-07-28T22:31:42-04:00 dcwasof2nexvue01 bash[2369256]: Progress: (connect) Connecting to rtsp://127.0.0.1:8554/ch2?jwt=eyJhbGciOiJSUzI1NiIsInR5cCI6IkpXVCIsImtpZCI6Ikk4TXU0UzdHbW9BIn0.eyJpYXQiOjE3ODUyOTAxNzAsImV4cCI6MjEwMDY1MDE3MCwiaXNzIjoibmV4dnVlLWVkZ2UiLCJzdWIiOiJuZXh2dWUtZW5jb2RlIiwibWVkaWFtdHhfcGVybWlzc2lvbnMiOlt7ImFjdGlvbiI6InB1Ymxpc2giLCJwYXRoIjoiIn0seyJhY3Rpb24iOiJhcGkifV19.dGbo3znxmuXcs3_azRaYNG80pB1vp-oq7x4cflOpM5QYkUzd8QIhtnHFL9y1IZRQ9Yrm_eop48Fb8PuJU8CS3nhVThA02zuUiLwqFsWDJupZg5IUsTOdymybYfqvifwH8QZj66_uFC83Abjt6JCJhKBSMLqpKWNdAPDUl3elTsQ9UGzLUc0ScesumgW11t_cp6cxGWwVb96bnfGv8lt3GnawjEwchpEGMQjkJRKsgM4L_xpqDzwseUjti8CSDsUZWuIku-Qct7UOnd7PX1e5OhXLclURiq_8VXssuw22t2UxgZzHLL7D0-7XwJ4bVobLrG3unzbiNepAGrAvtyNn1w
2026-07-28T22:31:42-04:00 dcwasof2nexvue01 bash[2369256]: Pipeline is PREROLLED ...
2026-07-28T22:31:42-04:00 dcwasof2nexvue01 bash[2369256]: Prerolled, waiting for progress to finish...
2026-07-28T22:31:42-04:00 dcwasof2nexvue01 bash[2369256]: Progress: (open) Retrieving server options
2026-07-28T22:31:42-04:00 dcwasof2nexvue01 bash[2369256]: Progress: (open) Retrieving server options
2026-07-28T22:31:42-04:00 dcwasof2nexvue01 bash[2369256]: Progress: (open) Opened Stream
2026-07-28T22:31:42-04:00 dcwasof2nexvue01 bash[2369256]: Setting pipeline to PLAYING ...
2026-07-28T22:31:42-04:00 dcwasof2nexvue01 bash[2369256]: New clock: GstSystemClock
2026-07-28T22:31:42-04:00 dcwasof2nexvue01 bash[2369256]: Progress: (request) Sending RECORD request
2026-07-28T22:31:42-04:00 dcwasof2nexvue01 bash[2369256]: Progress: (request) Sending RECORD request
2026-07-28T22:31:42-04:00 dcwasof2nexvue01 bash[2369256]: Progress: (open) Opened Stream
2026-07-28T22:31:42-04:00 dcwasof2nexvue01 bash[2369256]: WARNING: from element /GstPipeline:pipeline0/GstDecklinkVideoSrc:decklinkvideosrc0: Signal lost
2026-07-28T22:31:42-04:00 dcwasof2nexvue01 bash[2369256]: Additional debug info:
2026-07-28T22:31:42-04:00 dcwasof2nexvue01 bash[2369256]: ../sys/decklink/gstdecklinkvideosrc.cpp(1283): gst_decklink_video_src_create (): /GstPipeline:pipeline0/GstDecklinkVideoSrc:decklinkvideosrc0:
2026-07-28T22:31:42-04:00 dcwasof2nexvue01 bash[2369256]: No input source was detected - video frames invalid
2026-07-28T22:31:42-04:00 dcwasof2nexvue01 bash[2369256]: Redistribute latency...
2026-07-28T22:31:42-04:00 dcwasof2nexvue01 bash[2369256]: Redistribute latency...
2026-07-28T22:31:42-04:00 dcwasof2nexvue01 bash[2369256]: Redistribute latency...
2026-07-28T22:31:42-04:00 dcwasof2nexvue01 bash[2369256]: Redistribute latency...
2026-07-28T22:31:42-04:00 dcwasof2nexvue01 bash[2369256]: Progress: (record) Sending server stream info
2026-07-28T22:31:42-04:00 dcwasof2nexvue01 bash[2369256]: Progress: (record) Sending server stream info
2026-07-28T22:31:42-04:00 dcwasof2nexvue01 bash[2369256]: Progress: (request) SETUP stream 1
2026-07-28T22:31:42-04:00 dcwasof2nexvue01 bash[2369256]: Progress: (request) SETUP stream 1
2026-07-28T22:31:42-04:00 dcwasof2nexvue01 bash[2369256]: Redistribute latency...
2026-07-28T22:31:42-04:00 dcwasof2nexvue01 bash[2369256]: Redistribute latency...
2026-07-28T22:31:42-04:00 dcwasof2nexvue01 bash[2369256]: Redistribute latency...
2026-07-28T22:31:42-04:00 dcwasof2nexvue01 bash[2369256]: Redistribute latency...
2026-07-28T22:31:43-04:00 dcwasof2nexvue01 bash[2369256]: INFO:
2026-07-28T22:31:43-04:00 dcwasof2nexvue01 bash[2369256]: ../sys/decklink/gstdecklinkvideosrc.cpp(1300): gst_decklink_video_src_create (): /GstPipeline:pipeline0/GstDecklinkVideoSrc:decklinkvideosrc0:
2026-07-28T22:31:43-04:00 dcwasof2nexvue01 bash[2369256]: Input source detected
2026-07-28T22:31:43-04:00 dcwasof2nexvue01 bash[2369256]: Redistribute latency...
2026-07-28T22:31:43-04:00 dcwasof2nexvue01 bash[2369256]: Redistribute latency...
2026-07-28T22:31:43-04:00 dcwasof2nexvue01 bash[2369256]: Progress: (request) SETUP stream 0
2026-07-28T22:31:43-04:00 dcwasof2nexvue01 bash[2369256]: Progress: (request) SETUP stream 0
2026-07-28T22:31:43-04:00 dcwasof2nexvue01 bash[2369256]: Redistribute latency...
2026-07-28T22:31:43-04:00 dcwasof2nexvue01 bash[2369256]: Redistribute latency...
2026-07-28T22:31:43-04:00 dcwasof2nexvue01 bash[2369256]: Redistribute latency...
2026-07-28T22:31:43-04:00 dcwasof2nexvue01 bash[2369256]: Redistribute latency...
2026-07-28T22:31:44-04:00 dcwasof2nexvue01 bash[2369256]: Progress: (record) Starting recording
2026-07-28T22:31:44-04:00 dcwasof2nexvue01 bash[2369256]: Progress: (record) Starting recording
2026-07-28T22:31:44-04:00 dcwasof2nexvue01 bash[2369256]: Redistribute latency...
2026-07-28T22:31:44-04:00 dcwasof2nexvue01 bash[2369256]: Redistribute latency...
2026-07-28T22:31:44-04:00 dcwasof2nexvue01 bash[2369256]: WARNING: from element /GstPipeline:pipeline0/GstDecklinkVideoSrc:decklinkvideosrc0: Dropped 40 old frames from 0:00:00.815108004 to 0:00:02.116408004
2026-07-28T22:31:44-04:00 dcwasof2nexvue01 bash[2369256]: Additional debug info:
2026-07-28T22:31:44-04:00 dcwasof2nexvue01 bash[2369256]: ../sys/decklink/gstdecklinkvideosrc.cpp(925): gst_decklink_video_src_got_frame (): /GstPipeline:pipeline0/GstDecklinkVideoSrc:decklinkvideosrc0
2026-07-28T22:31:44-04:00 dcwasof2nexvue01 bash[2369256]: WARNING: from element /GstPipeline:pipeline0/GstDecklinkVideoSrc:decklinkvideosrc0: Dropped 4 old frames from 0:00:02.183141337 to 0:00:02.283241337
2026-07-28T22:31:44-04:00 dcwasof2nexvue01 bash[2369256]: Additional debug info:
2026-07-28T22:31:44-04:00 dcwasof2nexvue01 bash[2369256]: ../sys/decklink/gstdecklinkvideosrc.cpp(925): gst_decklink_video_src_got_frame (): /GstPipeline:pipeline0/GstDecklinkVideoSrc:decklinkvideosrc0
2026-07-28T22:31:46-04:00 dcwasof2nexvue01 bash[2369256]: Redistribute latency...
2026-07-28T22:31:46-04:00 dcwasof2nexvue01 bash[2369256]: Redistribute latency...
2026-07-28T22:31:46-04:00 dcwasof2nexvue01 bash[2369256]: Redistribute latency...
2026-07-28T22:31:47-04:00 dcwasof2nexvue01 bash[2369256]: Redistribute latency...
2026-07-28T22:34:39-04:00 dcwasof2nexvue01 systemd[1]: Stopping nexvue-encode@2.service - NexVUE encoder channel 2 (DeckLink -> MediaMTX)...
2026-07-28T22:34:39-04:00 dcwasof2nexvue01 bash[2369197]: Terminated
2026-07-28T22:34:39-04:00 dcwasof2nexvue01 systemd[1]: nexvue-encode@2.service: Main process exited, code=exited, status=143/n/a
2026-07-28T22:34:39-04:00 dcwasof2nexvue01 systemd[1]: nexvue-encode@2.service: Failed with result 'exit-code'.
2026-07-28T22:34:39-04:00 dcwasof2nexvue01 systemd[1]: Stopped nexvue-encode@2.service - NexVUE encoder channel 2 (DeckLink -> MediaMTX).
2026-07-28T22:34:39-04:00 dcwasof2nexvue01 systemd[1]: nexvue-encode@2.service: Consumed 2min 1.584s CPU time.
-- Boot 7dc65741f33b4e2ba2f12ad984e68e0d --
2026-07-28T22:35:00-04:00 dcwasof2nexvue01 systemd[1]: Starting nexvue-encode@2.service - NexVUE encoder channel 2 (DeckLink -> MediaMTX)...
2026-07-28T22:35:00-04:00 dcwasof2nexvue01 systemd[1]: Started nexvue-encode@2.service - NexVUE encoder channel 2 (DeckLink -> MediaMTX).
2026-07-28T22:35:01-04:00 dcwasof2nexvue01 bash[2093]: [nexvue-encode] starting: device=2 path=ch2 deint=all hi=5000kbps lo=true(1200kbps) audio=true layout=stereo_sap(8ch@384000bps embeds=1,2,7,8) captions=true enc=vah264enc
2026-07-28T22:35:01-04:00 dcwasof2nexvue01 bash[2093]: [nexvue-encode] publishing HI to rtsp://127.0.0.1:8554/ch2?jwt=eyJhbGciOiJSUzI1NiIsInR5cCI6IkpXVCIsImtpZCI6Ikk4TXU0UzdHbW9BIn0.eyJpYXQiOjE3ODUyOTAxNzAsImV4cCI6MjEwMDY1MDE3MCwiaXNzIjoibmV4dnVlLWVkZ2UiLCJzdWIiOiJuZXh2dWUtZW5jb2RlIiwibWVkaWFtdHhfcGVybWlzc2lvbnMiOlt7ImFjdGlvbiI6InB1Ymxpc2giLCJwYXRoIjoiIn0seyJhY3Rpb24iOiJhcGkifV19.dGbo3znxmuXcs3_azRaYNG80pB1vp-oq7x4cflOpM5QYkUzd8QIhtnHFL9y1IZRQ9Yrm_eop48Fb8PuJU8CS3nhVThA02zuUiLwqFsWDJupZg5IUsTOdymybYfqvifwH8QZj66_uFC83Abjt6JCJhKBSMLqpKWNdAPDUl3elTsQ9UGzLUc0ScesumgW11t_cp6cxGWwVb96bnfGv8lt3GnawjEwchpEGMQjkJRKsgM4L_xpqDzwseUjti8CSDsUZWuIku-Qct7UOnd7PX1e5OhXLclURiq_8VXssuw22t2UxgZzHLL7D0-7XwJ4bVobLrG3unzbiNepAGrAvtyNn1w, LO to rtsp://127.0.0.1:8554/ch2lo?jwt=eyJhbGciOiJSUzI1NiIsInR5cCI6IkpXVCIsImtpZCI6Ikk4TXU0UzdHbW9BIn0.eyJpYXQiOjE3ODUyOTAxNzAsImV4cCI6MjEwMDY1MDE3MCwiaXNzIjoibmV4dnVlLWVkZ2UiLCJzdWIiOiJuZXh2dWUtZW5jb2RlIiwibWVkaWFtdHhfcGVybWlzc2lvbnMiOlt7ImFjdGlvbiI6InB1Ymxpc2giLCJwYXRoIjoiIn0seyJhY3Rpb24iOiJhcGkifV19.dGbo3znxmuXcs3_azRaYNG80pB1vp-oq7x4cflOpM5QYkUzd8QIhtnHFL9y1IZRQ9Yrm_eop48Fb8PuJU8CS3nhVThA02zuUiLwqFsWDJupZg5IUsTOdymybYfqvifwH8QZj66_uFC83Abjt6JCJhKBSMLqpKWNdAPDUl3elTsQ9UGzLUc0ScesumgW11t_cp6cxGWwVb96bnfGv8lt3GnawjEwchpEGMQjkJRKsgM4L_xpqDzwseUjti8CSDsUZWuIku-Qct7UOnd7PX1e5OhXLclURiq_8VXssuw22t2UxgZzHLL7D0-7XwJ4bVobLrG3unzbiNepAGrAvtyNn1w
2026-07-28T22:35:01-04:00 dcwasof2nexvue01 bash[2587]: Setting pipeline to PAUSED ...
2026-07-28T22:35:01-04:00 dcwasof2nexvue01 bash[2587]: Pipeline is live and does not need PREROLL ...
2026-07-28T22:35:01-04:00 dcwasof2nexvue01 bash[2587]: Got context from element 'vah264enc1': gst.va.display.handle=context, gst-display=(GstObject)"\(GstVaDisplayDrm\)\ vadisplaydrm2", description=(string)"Intel\(R\)\ Gen\ Graphics", path=(string)/dev/dri/renderD128;
2026-07-28T22:35:01-04:00 dcwasof2nexvue01 bash[2587]: Progress: (open) Opening Stream
2026-07-28T22:35:01-04:00 dcwasof2nexvue01 bash[2587]: Progress: (connect) Connecting to rtsp://127.0.0.1:8554/ch2lo?jwt=eyJhbGciOiJSUzI1NiIsInR5cCI6IkpXVCIsImtpZCI6Ikk4TXU0UzdHbW9BIn0.eyJpYXQiOjE3ODUyOTAxNzAsImV4cCI6MjEwMDY1MDE3MCwiaXNzIjoibmV4dnVlLWVkZ2UiLCJzdWIiOiJuZXh2dWUtZW5jb2RlIiwibWVkaWFtdHhfcGVybWlzc2lvbnMiOlt7ImFjdGlvbiI6InB1Ymxpc2giLCJwYXRoIjoiIn0seyJhY3Rpb24iOiJhcGkifV19.dGbo3znxmuXcs3_azRaYNG80pB1vp-oq7x4cflOpM5QYkUzd8QIhtnHFL9y1IZRQ9Yrm_eop48Fb8PuJU8CS3nhVThA02zuUiLwqFsWDJupZg5IUsTOdymybYfqvifwH8QZj66_uFC83Abjt6JCJhKBSMLqpKWNdAPDUl3elTsQ9UGzLUc0ScesumgW11t_cp6cxGWwVb96bnfGv8lt3GnawjEwchpEGMQjkJRKsgM4L_xpqDzwseUjti8CSDsUZWuIku-Qct7UOnd7PX1e5OhXLclURiq_8VXssuw22t2UxgZzHLL7D0-7XwJ4bVobLrG3unzbiNepAGrAvtyNn1w
2026-07-28T22:35:01-04:00 dcwasof2nexvue01 bash[2587]: Progress: (open) Opening Stream
2026-07-28T22:35:01-04:00 dcwasof2nexvue01 bash[2587]: Progress: (connect) Connecting to rtsp://127.0.0.1:8554/ch2?jwt=eyJhbGciOiJSUzI1NiIsInR5cCI6IkpXVCIsImtpZCI6Ikk4TXU0UzdHbW9BIn0.eyJpYXQiOjE3ODUyOTAxNzAsImV4cCI6MjEwMDY1MDE3MCwiaXNzIjoibmV4dnVlLWVkZ2UiLCJzdWIiOiJuZXh2dWUtZW5jb2RlIiwibWVkaWFtdHhfcGVybWlzc2lvbnMiOlt7ImFjdGlvbiI6InB1Ymxpc2giLCJwYXRoIjoiIn0seyJhY3Rpb24iOiJhcGkifV19.dGbo3znxmuXcs3_azRaYNG80pB1vp-oq7x4cflOpM5QYkUzd8QIhtnHFL9y1IZRQ9Yrm_eop48Fb8PuJU8CS3nhVThA02zuUiLwqFsWDJupZg5IUsTOdymybYfqvifwH8QZj66_uFC83Abjt6JCJhKBSMLqpKWNdAPDUl3elTsQ9UGzLUc0ScesumgW11t_cp6cxGWwVb96bnfGv8lt3GnawjEwchpEGMQjkJRKsgM4L_xpqDzwseUjti8CSDsUZWuIku-Qct7UOnd7PX1e5OhXLclURiq_8VXssuw22t2UxgZzHLL7D0-7XwJ4bVobLrG3unzbiNepAGrAvtyNn1w
2026-07-28T22:35:01-04:00 dcwasof2nexvue01 bash[2587]: Pipeline is PREROLLED ...
2026-07-28T22:35:01-04:00 dcwasof2nexvue01 bash[2587]: Prerolled, waiting for progress to finish...
2026-07-28T22:35:01-04:00 dcwasof2nexvue01 bash[2587]: Progress: (open) Retrieving server options
2026-07-28T22:35:01-04:00 dcwasof2nexvue01 bash[2587]: Progress: (open) Retrieving server options
2026-07-28T22:35:01-04:00 dcwasof2nexvue01 bash[2587]: Progress: (open) Opened Stream
2026-07-28T22:35:01-04:00 dcwasof2nexvue01 bash[2587]: Setting pipeline to PLAYING ...
2026-07-28T22:35:01-04:00 dcwasof2nexvue01 bash[2587]: New clock: GstSystemClock
2026-07-28T22:35:01-04:00 dcwasof2nexvue01 bash[2587]: Progress: (request) Sending RECORD request
2026-07-28T22:35:01-04:00 dcwasof2nexvue01 bash[2587]: Progress: (request) Sending RECORD request
2026-07-28T22:35:01-04:00 dcwasof2nexvue01 bash[2587]: Progress: (open) Opened Stream
2026-07-28T22:35:01-04:00 dcwasof2nexvue01 bash[2587]: WARNING: from element /GstPipeline:pipeline0/GstDecklinkVideoSrc:decklinkvideosrc0: Signal lost
2026-07-28T22:35:01-04:00 dcwasof2nexvue01 bash[2587]: Additional debug info:
2026-07-28T22:35:01-04:00 dcwasof2nexvue01 bash[2587]: ../sys/decklink/gstdecklinkvideosrc.cpp(1283): gst_decklink_video_src_create (): /GstPipeline:pipeline0/GstDecklinkVideoSrc:decklinkvideosrc0:
2026-07-28T22:35:01-04:00 dcwasof2nexvue01 bash[2587]: No input source was detected - video frames invalid
2026-07-28T22:35:01-04:00 dcwasof2nexvue01 bash[2587]: Redistribute latency...
2026-07-28T22:35:01-04:00 dcwasof2nexvue01 bash[2587]: Redistribute latency...
2026-07-28T22:35:01-04:00 dcwasof2nexvue01 bash[2587]: Redistribute latency...
2026-07-28T22:35:01-04:00 dcwasof2nexvue01 bash[2587]: Progress: (record) Sending server stream info
2026-07-28T22:35:01-04:00 dcwasof2nexvue01 bash[2587]: Progress: (request) SETUP stream 1
2026-07-28T22:35:01-04:00 dcwasof2nexvue01 bash[2587]: Redistribute latency...
2026-07-28T22:35:01-04:00 dcwasof2nexvue01 bash[2587]: Redistribute latency...
2026-07-28T22:35:01-04:00 dcwasof2nexvue01 bash[2587]: Redistribute latency...
2026-07-28T22:35:01-04:00 dcwasof2nexvue01 bash[2587]: Progress: (record) Sending server stream info
2026-07-28T22:35:01-04:00 dcwasof2nexvue01 bash[2587]: Progress: (request) SETUP stream 1
2026-07-28T22:35:01-04:00 dcwasof2nexvue01 bash[2587]: Redistribute latency...
2026-07-28T22:35:01-04:00 dcwasof2nexvue01 bash[2587]: Redistribute latency...
2026-07-28T22:35:02-04:00 dcwasof2nexvue01 bash[2587]: INFO:
2026-07-28T22:35:02-04:00 dcwasof2nexvue01 bash[2587]: ../sys/decklink/gstdecklinkvideosrc.cpp(1300): gst_decklink_video_src_create (): /GstPipeline:pipeline0/GstDecklinkVideoSrc:decklinkvideosrc0:
2026-07-28T22:35:02-04:00 dcwasof2nexvue01 bash[2587]: Input source detected
2026-07-28T22:35:02-04:00 dcwasof2nexvue01 bash[2587]: Redistribute latency...
2026-07-28T22:35:02-04:00 dcwasof2nexvue01 bash[2587]: Redistribute latency...
2026-07-28T22:35:02-04:00 dcwasof2nexvue01 bash[2587]: Progress: (request) SETUP stream 0
2026-07-28T22:35:02-04:00 dcwasof2nexvue01 bash[2587]: Redistribute latency...
2026-07-28T22:35:02-04:00 dcwasof2nexvue01 bash[2587]: Redistribute latency...
2026-07-28T22:35:02-04:00 dcwasof2nexvue01 bash[2587]: Progress: (request) SETUP stream 0
2026-07-28T22:35:02-04:00 dcwasof2nexvue01 bash[2587]: Redistribute latency...
2026-07-28T22:35:02-04:00 dcwasof2nexvue01 bash[2587]: Redistribute latency...
2026-07-28T22:35:03-04:00 dcwasof2nexvue01 bash[2587]: Progress: (record) Starting recording
2026-07-28T22:35:03-04:00 dcwasof2nexvue01 bash[2587]: Redistribute latency...
2026-07-28T22:35:03-04:00 dcwasof2nexvue01 bash[2587]: Progress: (record) Starting recording
2026-07-28T22:35:03-04:00 dcwasof2nexvue01 bash[2587]: Redistribute latency...
2026-07-28T22:35:04-04:00 dcwasof2nexvue01 bash[2587]: WARNING: from element /GstPipeline:pipeline0/GstDecklinkVideoSrc:decklinkvideosrc0: Dropped 49 old frames from 0:00:00.671517664 to 0:00:02.273117664
2026-07-28T22:35:04-04:00 dcwasof2nexvue01 bash[2587]: Additional debug info:
2026-07-28T22:35:04-04:00 dcwasof2nexvue01 bash[2587]: ../sys/decklink/gstdecklinkvideosrc.cpp(925): gst_decklink_video_src_got_frame (): /GstPipeline:pipeline0/GstDecklinkVideoSrc:decklinkvideosrc0
2026-07-28T22:35:04-04:00 dcwasof2nexvue01 bash[2587]: WARNING: from element /GstPipeline:pipeline0/GstDecklinkVideoSrc:decklinkvideosrc0: Dropped 10 old frames from 0:00:02.339850997 to 0:00:02.640150997
2026-07-28T22:35:04-04:00 dcwasof2nexvue01 bash[2587]: Additional debug info:
2026-07-28T22:35:04-04:00 dcwasof2nexvue01 bash[2587]: ../sys/decklink/gstdecklinkvideosrc.cpp(925): gst_decklink_video_src_got_frame (): /GstPipeline:pipeline0/GstDecklinkVideoSrc:decklinkvideosrc0
2026-07-28T22:35:05-04:00 dcwasof2nexvue01 bash[2587]: Redistribute latency...
2026-07-28T22:35:06-04:00 dcwasof2nexvue01 bash[2587]: Redistribute latency...
2026-07-28T22:35:06-04:00 dcwasof2nexvue01 bash[2587]: Redistribute latency...
2026-07-28T22:35:06-04:00 dcwasof2nexvue01 bash[2587]: Redistribute latency...
2026-07-28T22:37:06-04:00 dcwasof2nexvue01 systemd[1]: Stopping nexvue-encode@2.service - NexVUE encoder channel 2 (DeckLink -> MediaMTX)...
2026-07-28T22:37:06-04:00 dcwasof2nexvue01 bash[2093]: Terminated
2026-07-28T22:37:06-04:00 dcwasof2nexvue01 systemd[1]: nexvue-encode@2.service: Main process exited, code=exited, status=143/n/a
2026-07-28T22:37:06-04:00 dcwasof2nexvue01 systemd[1]: nexvue-encode@2.service: Failed with result 'exit-code'.
2026-07-28T22:37:06-04:00 dcwasof2nexvue01 systemd[1]: Stopped nexvue-encode@2.service - NexVUE encoder channel 2 (DeckLink -> MediaMTX).
2026-07-28T22:37:06-04:00 dcwasof2nexvue01 systemd[1]: nexvue-encode@2.service: Consumed 1min 28.667s CPU time.
2026-07-28T22:37:06-04:00 dcwasof2nexvue01 systemd[1]: Starting nexvue-encode@2.service - NexVUE encoder channel 2 (DeckLink -> MediaMTX)...
2026-07-28T22:37:06-04:00 dcwasof2nexvue01 systemd[1]: Started nexvue-encode@2.service - NexVUE encoder channel 2 (DeckLink -> MediaMTX).
2026-07-28T22:37:07-04:00 dcwasof2nexvue01 bash[4794]: [nexvue-encode] starting: device=2 path=ch2 deint=all hi=5000kbps lo=false(1200kbps) audio=true layout=51_sap(8ch@384000bps embeds=1,2,3,4,5,6,7,8) captions=true enc=vah264enc
2026-07-28T22:37:07-04:00 dcwasof2nexvue01 bash[4794]: [nexvue-encode] publishing HI to rtsp://127.0.0.1:8554/ch2?jwt=eyJhbGciOiJSUzI1NiIsInR5cCI6IkpXVCIsImtpZCI6Ikk4TXU0UzdHbW9BIn0.eyJpYXQiOjE3ODUyOTAxNzAsImV4cCI6MjEwMDY1MDE3MCwiaXNzIjoibmV4dnVlLWVkZ2UiLCJzdWIiOiJuZXh2dWUtZW5jb2RlIiwibWVkaWFtdHhfcGVybWlzc2lvbnMiOlt7ImFjdGlvbiI6InB1Ymxpc2giLCJwYXRoIjoiIn0seyJhY3Rpb24iOiJhcGkifV19.dGbo3znxmuXcs3_azRaYNG80pB1vp-oq7x4cflOpM5QYkUzd8QIhtnHFL9y1IZRQ9Yrm_eop48Fb8PuJU8CS3nhVThA02zuUiLwqFsWDJupZg5IUsTOdymybYfqvifwH8QZj66_uFC83Abjt6JCJhKBSMLqpKWNdAPDUl3elTsQ9UGzLUc0ScesumgW11t_cp6cxGWwVb96bnfGv8lt3GnawjEwchpEGMQjkJRKsgM4L_xpqDzwseUjti8CSDsUZWuIku-Qct7UOnd7PX1e5OhXLclURiq_8VXssuw22t2UxgZzHLL7D0-7XwJ4bVobLrG3unzbiNepAGrAvtyNn1w
2026-07-28T22:37:07-04:00 dcwasof2nexvue01 bash[4916]: Setting pipeline to PAUSED ...
2026-07-28T22:37:07-04:00 dcwasof2nexvue01 bash[4916]: Pipeline is live and does not need PREROLL ...
2026-07-28T22:37:07-04:00 dcwasof2nexvue01 bash[4916]: Got context from element 'vah264enc0': gst.va.display.handle=context, gst-display=(GstObject)"\(GstVaDisplayDrm\)\ vadisplaydrm2", description=(string)"Intel\(R\)\ Gen\ Graphics", path=(string)/dev/dri/renderD128;
2026-07-28T22:37:07-04:00 dcwasof2nexvue01 bash[4916]: Progress: (open) Opening Stream
2026-07-28T22:37:07-04:00 dcwasof2nexvue01 bash[4916]: Progress: (connect) Connecting to rtsp://127.0.0.1:8554/ch2?jwt=eyJhbGciOiJSUzI1NiIsInR5cCI6IkpXVCIsImtpZCI6Ikk4TXU0UzdHbW9BIn0.eyJpYXQiOjE3ODUyOTAxNzAsImV4cCI6MjEwMDY1MDE3MCwiaXNzIjoibmV4dnVlLWVkZ2UiLCJzdWIiOiJuZXh2dWUtZW5jb2RlIiwibWVkaWFtdHhfcGVybWlzc2lvbnMiOlt7ImFjdGlvbiI6InB1Ymxpc2giLCJwYXRoIjoiIn0seyJhY3Rpb24iOiJhcGkifV19.dGbo3znxmuXcs3_azRaYNG80pB1vp-oq7x4cflOpM5QYkUzd8QIhtnHFL9y1IZRQ9Yrm_eop48Fb8PuJU8CS3nhVThA02zuUiLwqFsWDJupZg5IUsTOdymybYfqvifwH8QZj66_uFC83Abjt6JCJhKBSMLqpKWNdAPDUl3elTsQ9UGzLUc0ScesumgW11t_cp6cxGWwVb96bnfGv8lt3GnawjEwchpEGMQjkJRKsgM4L_xpqDzwseUjti8CSDsUZWuIku-Qct7UOnd7PX1e5OhXLclURiq_8VXssuw22t2UxgZzHLL7D0-7XwJ4bVobLrG3unzbiNepAGrAvtyNn1w
2026-07-28T22:37:07-04:00 dcwasof2nexvue01 bash[4916]: Pipeline is PREROLLED ...
2026-07-28T22:37:07-04:00 dcwasof2nexvue01 bash[4916]: Prerolled, waiting for progress to finish...
2026-07-28T22:37:07-04:00 dcwasof2nexvue01 bash[4916]: Progress: (open) Retrieving server options
2026-07-28T22:37:07-04:00 dcwasof2nexvue01 bash[4916]: Progress: (open) Opened Stream
2026-07-28T22:37:07-04:00 dcwasof2nexvue01 bash[4916]: Setting pipeline to PLAYING ...
2026-07-28T22:37:07-04:00 dcwasof2nexvue01 bash[4916]: New clock: GstSystemClock
2026-07-28T22:37:07-04:00 dcwasof2nexvue01 bash[4916]: Progress: (request) Sending RECORD request
2026-07-28T22:37:07-04:00 dcwasof2nexvue01 bash[4916]: WARNING: from element /GstPipeline:pipeline0/GstDecklinkVideoSrc:decklinkvideosrc0: Signal lost
2026-07-28T22:37:07-04:00 dcwasof2nexvue01 bash[4916]: Additional debug info:
2026-07-28T22:37:07-04:00 dcwasof2nexvue01 bash[4916]: ../sys/decklink/gstdecklinkvideosrc.cpp(1283): gst_decklink_video_src_create (): /GstPipeline:pipeline0/GstDecklinkVideoSrc:decklinkvideosrc0:
2026-07-28T22:37:07-04:00 dcwasof2nexvue01 bash[4916]: No input source was detected - video frames invalid
2026-07-28T22:37:07-04:00 dcwasof2nexvue01 bash[4916]: Redistribute latency...
2026-07-28T22:37:07-04:00 dcwasof2nexvue01 bash[4916]: Redistribute latency...
2026-07-28T22:37:07-04:00 dcwasof2nexvue01 bash[4916]: Redistribute latency...
2026-07-28T22:37:07-04:00 dcwasof2nexvue01 bash[4916]: Progress: (record) Sending server stream info
2026-07-28T22:37:07-04:00 dcwasof2nexvue01 bash[4916]: Progress: (request) SETUP stream 1
2026-07-28T22:37:07-04:00 dcwasof2nexvue01 bash[4916]: Redistribute latency...
2026-07-28T22:37:07-04:00 dcwasof2nexvue01 bash[4916]: Redistribute latency...
2026-07-28T22:37:08-04:00 dcwasof2nexvue01 bash[4916]: Progress: (request) SETUP stream 0
2026-07-28T22:37:08-04:00 dcwasof2nexvue01 bash[4916]: Redistribute latency...
2026-07-28T22:37:08-04:00 dcwasof2nexvue01 bash[4916]: Redistribute latency...
2026-07-28T22:37:09-04:00 dcwasof2nexvue01 bash[4916]: Progress: (record) Starting recording
2026-07-28T22:37:09-04:00 dcwasof2nexvue01 bash[4916]: Redistribute latency...
2026-07-28T22:37:09-04:00 dcwasof2nexvue01 bash[4916]: INFO:
2026-07-28T22:37:09-04:00 dcwasof2nexvue01 bash[4916]: ../sys/decklink/gstdecklinkvideosrc.cpp(1300): gst_decklink_video_src_create (): /GstPipeline:pipeline0/GstDecklinkVideoSrc:decklinkvideosrc0:
2026-07-28T22:37:09-04:00 dcwasof2nexvue01 bash[4916]: Input source detected
2026-07-28T22:37:09-04:00 dcwasof2nexvue01 bash[4916]: Redistribute latency...
2026-07-28T22:37:09-04:00 dcwasof2nexvue01 bash[4916]: Redistribute latency...
2026-07-28T22:37:09-04:00 dcwasof2nexvue01 bash[4916]: WARNING: from element /GstPipeline:pipeline0/GstDecklinkVideoSrc:decklinkvideosrc0: Dropped 59 old frames from 0:00:00.152516211 to 0:00:02.128760302
2026-07-28T22:37:09-04:00 dcwasof2nexvue01 bash[4916]: Additional debug info:
2026-07-28T22:37:09-04:00 dcwasof2nexvue01 bash[4916]: ../sys/decklink/gstdecklinkvideosrc.cpp(925): gst_decklink_video_src_got_frame (): /GstPipeline:pipeline0/GstDecklinkVideoSrc:decklinkvideosrc0
2026-07-28T22:37:10-04:00 dcwasof2nexvue01 bash[4916]: WARNING: from element /GstPipeline:pipeline0/GstDecklinkVideoSrc:decklinkvideosrc0: Dropped 28 old frames from 0:00:02.228860302 to 0:00:03.129781288
2026-07-28T22:37:10-04:00 dcwasof2nexvue01 bash[4916]: Additional debug info:
2026-07-28T22:37:10-04:00 dcwasof2nexvue01 bash[4916]: ../sys/decklink/gstdecklinkvideosrc.cpp(925): gst_decklink_video_src_got_frame (): /GstPipeline:pipeline0/GstDecklinkVideoSrc:decklinkvideosrc0
2026-07-28T22:37:10-04:00 dcwasof2nexvue01 bash[4916]: Redistribute latency...
2026-07-28T22:37:11-04:00 dcwasof2nexvue01 bash[4916]: Redistribute latency...
2026-07-28T22:39:10-04:00 dcwasof2nexvue01 systemd[1]: Stopping nexvue-encode@2.service - NexVUE encoder channel 2 (DeckLink -> MediaMTX)...
2026-07-28T22:39:10-04:00 dcwasof2nexvue01 bash[4794]: Terminated
2026-07-28T22:39:10-04:00 dcwasof2nexvue01 systemd[1]: nexvue-encode@2.service: Main process exited, code=exited, status=143/n/a
2026-07-28T22:39:10-04:00 dcwasof2nexvue01 systemd[1]: nexvue-encode@2.service: Failed with result 'exit-code'.
2026-07-28T22:39:10-04:00 dcwasof2nexvue01 systemd[1]: Stopped nexvue-encode@2.service - NexVUE encoder channel 2 (DeckLink -> MediaMTX).
2026-07-28T22:39:10-04:00 dcwasof2nexvue01 systemd[1]: nexvue-encode@2.service: Consumed 59.698s CPU time.
2026-07-28T22:51:44-04:00 dcwasof2nexvue01 systemd[1]: Starting nexvue-encode@2.service - NexVUE encoder channel 2 (DeckLink -> MediaMTX)...
2026-07-28T22:51:44-04:00 dcwasof2nexvue01 systemd[1]: Started nexvue-encode@2.service - NexVUE encoder channel 2 (DeckLink -> MediaMTX).
2026-07-28T22:51:44-04:00 dcwasof2nexvue01 bash[25596]: [nexvue-encode] starting: device=2 path=ch2 deint=all hi=5000kbps lo=false(1200kbps) audio=true layout=51_sap(8ch@384000bps embeds=1,2,3,4,5,6,7,8) captions=true enc=vah264enc
2026-07-28T22:51:44-04:00 dcwasof2nexvue01 bash[25596]: [nexvue-encode] publishing HI to rtsp://127.0.0.1:8554/ch2?jwt=eyJhbGciOiJSUzI1NiIsInR5cCI6IkpXVCIsImtpZCI6Ikk4TXU0UzdHbW9BIn0.eyJpYXQiOjE3ODUyOTAxNzAsImV4cCI6MjEwMDY1MDE3MCwiaXNzIjoibmV4dnVlLWVkZ2UiLCJzdWIiOiJuZXh2dWUtZW5jb2RlIiwibWVkaWFtdHhfcGVybWlzc2lvbnMiOlt7ImFjdGlvbiI6InB1Ymxpc2giLCJwYXRoIjoiIn0seyJhY3Rpb24iOiJhcGkifV19.dGbo3znxmuXcs3_azRaYNG80pB1vp-oq7x4cflOpM5QYkUzd8QIhtnHFL9y1IZRQ9Yrm_eop48Fb8PuJU8CS3nhVThA02zuUiLwqFsWDJupZg5IUsTOdymybYfqvifwH8QZj66_uFC83Abjt6JCJhKBSMLqpKWNdAPDUl3elTsQ9UGzLUc0ScesumgW11t_cp6cxGWwVb96bnfGv8lt3GnawjEwchpEGMQjkJRKsgM4L_xpqDzwseUjti8CSDsUZWuIku-Qct7UOnd7PX1e5OhXLclURiq_8VXssuw22t2UxgZzHLL7D0-7XwJ4bVobLrG3unzbiNepAGrAvtyNn1w
2026-07-28T22:51:44-04:00 dcwasof2nexvue01 bash[25799]: Setting pipeline to PAUSED ...
2026-07-28T22:51:44-04:00 dcwasof2nexvue01 bash[25799]: Pipeline is live and does not need PREROLL ...
2026-07-28T22:51:44-04:00 dcwasof2nexvue01 bash[25799]: Got context from element 'vah264enc0': gst.va.display.handle=context, gst-display=(GstObject)"\(GstVaDisplayDrm\)\ vadisplaydrm2", description=(string)"Intel\(R\)\ Gen\ Graphics", path=(string)/dev/dri/renderD128;
2026-07-28T22:51:44-04:00 dcwasof2nexvue01 bash[25799]: Progress: (open) Opening Stream
2026-07-28T22:51:44-04:00 dcwasof2nexvue01 bash[25799]: Progress: (connect) Connecting to rtsp://127.0.0.1:8554/ch2?jwt=eyJhbGciOiJSUzI1NiIsInR5cCI6IkpXVCIsImtpZCI6Ikk4TXU0UzdHbW9BIn0.eyJpYXQiOjE3ODUyOTAxNzAsImV4cCI6MjEwMDY1MDE3MCwiaXNzIjoibmV4dnVlLWVkZ2UiLCJzdWIiOiJuZXh2dWUtZW5jb2RlIiwibWVkaWFtdHhfcGVybWlzc2lvbnMiOlt7ImFjdGlvbiI6InB1Ymxpc2giLCJwYXRoIjoiIn0seyJhY3Rpb24iOiJhcGkifV19.dGbo3znxmuXcs3_azRaYNG80pB1vp-oq7x4cflOpM5QYkUzd8QIhtnHFL9y1IZRQ9Yrm_eop48Fb8PuJU8CS3nhVThA02zuUiLwqFsWDJupZg5IUsTOdymybYfqvifwH8QZj66_uFC83Abjt6JCJhKBSMLqpKWNdAPDUl3elTsQ9UGzLUc0ScesumgW11t_cp6cxGWwVb96bnfGv8lt3GnawjEwchpEGMQjkJRKsgM4L_xpqDzwseUjti8CSDsUZWuIku-Qct7UOnd7PX1e5OhXLclURiq_8VXssuw22t2UxgZzHLL7D0-7XwJ4bVobLrG3unzbiNepAGrAvtyNn1w
2026-07-28T22:51:44-04:00 dcwasof2nexvue01 bash[25799]: Pipeline is PREROLLED ...
2026-07-28T22:51:44-04:00 dcwasof2nexvue01 bash[25799]: Prerolled, waiting for progress to finish...
2026-07-28T22:51:44-04:00 dcwasof2nexvue01 bash[25799]: Progress: (open) Retrieving server options
2026-07-28T22:51:44-04:00 dcwasof2nexvue01 bash[25799]: Progress: (open) Opened Stream
2026-07-28T22:51:44-04:00 dcwasof2nexvue01 bash[25799]: Setting pipeline to PLAYING ...
2026-07-28T22:51:44-04:00 dcwasof2nexvue01 bash[25799]: New clock: GstSystemClock
2026-07-28T22:51:44-04:00 dcwasof2nexvue01 bash[25799]: Progress: (request) Sending RECORD request
2026-07-28T22:51:44-04:00 dcwasof2nexvue01 bash[25799]: WARNING: from element /GstPipeline:pipeline0/GstDecklinkVideoSrc:decklinkvideosrc0: Signal lost
2026-07-28T22:51:44-04:00 dcwasof2nexvue01 bash[25799]: Additional debug info:
2026-07-28T22:51:44-04:00 dcwasof2nexvue01 bash[25799]: ../sys/decklink/gstdecklinkvideosrc.cpp(1283): gst_decklink_video_src_create (): /GstPipeline:pipeline0/GstDecklinkVideoSrc:decklinkvideosrc0:
2026-07-28T22:51:44-04:00 dcwasof2nexvue01 bash[25799]: No input source was detected - video frames invalid
2026-07-28T22:51:44-04:00 dcwasof2nexvue01 bash[25799]: Redistribute latency...
2026-07-28T22:51:44-04:00 dcwasof2nexvue01 bash[25799]: Redistribute latency...
2026-07-28T22:51:44-04:00 dcwasof2nexvue01 bash[25799]: Redistribute latency...
2026-07-28T22:51:44-04:00 dcwasof2nexvue01 bash[25799]: Progress: (record) Sending server stream info
2026-07-28T22:51:44-04:00 dcwasof2nexvue01 bash[25799]: Progress: (request) SETUP stream 1
2026-07-28T22:51:44-04:00 dcwasof2nexvue01 bash[25799]: Redistribute latency...
2026-07-28T22:51:44-04:00 dcwasof2nexvue01 bash[25799]: Redistribute latency...
2026-07-28T22:51:45-04:00 dcwasof2nexvue01 bash[25799]: Progress: (request) SETUP stream 0
2026-07-28T22:51:45-04:00 dcwasof2nexvue01 bash[25799]: Redistribute latency...
2026-07-28T22:51:45-04:00 dcwasof2nexvue01 bash[25799]: Redistribute latency...
2026-07-28T22:51:46-04:00 dcwasof2nexvue01 bash[25799]: Progress: (record) Starting recording
2026-07-28T22:51:46-04:00 dcwasof2nexvue01 bash[25799]: Redistribute latency...
2026-07-28T22:51:46-04:00 dcwasof2nexvue01 bash[25799]: INFO:
2026-07-28T22:51:46-04:00 dcwasof2nexvue01 bash[25799]: ../sys/decklink/gstdecklinkvideosrc.cpp(1300): gst_decklink_video_src_create (): /GstPipeline:pipeline0/GstDecklinkVideoSrc:decklinkvideosrc0:
2026-07-28T22:51:46-04:00 dcwasof2nexvue01 bash[25799]: Input source detected
2026-07-28T22:51:46-04:00 dcwasof2nexvue01 bash[25799]: Redistribute latency...
2026-07-28T22:51:46-04:00 dcwasof2nexvue01 bash[25799]: Redistribute latency...
2026-07-28T22:51:46-04:00 dcwasof2nexvue01 bash[25799]: WARNING: from element /GstPipeline:pipeline0/GstDecklinkVideoSrc:decklinkvideosrc0: Dropped 58 old frames from 0:00:00.142628751 to 0:00:02.080747329
2026-07-28T22:51:46-04:00 dcwasof2nexvue01 bash[25799]: Additional debug info:
2026-07-28T22:51:46-04:00 dcwasof2nexvue01 bash[25799]: ../sys/decklink/gstdecklinkvideosrc.cpp(925): gst_decklink_video_src_got_frame (): /GstPipeline:pipeline0/GstDecklinkVideoSrc:decklinkvideosrc0
2026-07-28T22:51:47-04:00 dcwasof2nexvue01 bash[25799]: WARNING: from element /GstPipeline:pipeline0/GstDecklinkVideoSrc:decklinkvideosrc0: Dropped 25 old frames from 0:00:02.180847329 to 0:00:02.981598809
2026-07-28T22:51:47-04:00 dcwasof2nexvue01 bash[25799]: Additional debug info:
2026-07-28T22:51:47-04:00 dcwasof2nexvue01 bash[25799]: ../sys/decklink/gstdecklinkvideosrc.cpp(925): gst_decklink_video_src_got_frame (): /GstPipeline:pipeline0/GstDecklinkVideoSrc:decklinkvideosrc0
2026-07-28T22:51:48-04:00 dcwasof2nexvue01 bash[25799]: Redistribute latency...
2026-07-28T22:51:49-04:00 dcwasof2nexvue01 bash[25799]: Redistribute latency...
