2026-07-28T22:31:44-04:00 dcwasof2nexvue01 systemd[1]: Starting nexvue-encode@5.service - NexVUE encoder channel 5 (DeckLink -> MediaMTX)...
2026-07-28T22:31:44-04:00 dcwasof2nexvue01 systemd[1]: Started nexvue-encode@5.service - NexVUE encoder channel 5 (DeckLink -> MediaMTX).
2026-07-28T22:31:45-04:00 dcwasof2nexvue01 bash[2369655]: [nexvue-encode] starting: device=5 path=ch5 deint=all hi=5000kbps lo=true(700kbps) audio=true layout=51_sap(8ch@384000bps embeds=1,2,3,4,5,6,7,8) captions=true enc=vah264enc
2026-07-28T22:31:45-04:00 dcwasof2nexvue01 bash[2369655]: [nexvue-encode] publishing HI to rtsp://127.0.0.1:8554/ch5?jwt=eyJhbGciOiJSUzI1NiIsInR5cCI6IkpXVCIsImtpZCI6Ikk4TXU0UzdHbW9BIn0.eyJpYXQiOjE3ODUyOTAxNzAsImV4cCI6MjEwMDY1MDE3MCwiaXNzIjoibmV4dnVlLWVkZ2UiLCJzdWIiOiJuZXh2dWUtZW5jb2RlIiwibWVkaWFtdHhfcGVybWlzc2lvbnMiOlt7ImFjdGlvbiI6InB1Ymxpc2giLCJwYXRoIjoiIn0seyJhY3Rpb24iOiJhcGkifV19.dGbo3znxmuXcs3_azRaYNG80pB1vp-oq7x4cflOpM5QYkUzd8QIhtnHFL9y1IZRQ9Yrm_eop48Fb8PuJU8CS3nhVThA02zuUiLwqFsWDJupZg5IUsTOdymybYfqvifwH8QZj66_uFC83Abjt6JCJhKBSMLqpKWNdAPDUl3elTsQ9UGzLUc0ScesumgW11t_cp6cxGWwVb96bnfGv8lt3GnawjEwchpEGMQjkJRKsgM4L_xpqDzwseUjti8CSDsUZWuIku-Qct7UOnd7PX1e5OhXLclURiq_8VXssuw22t2UxgZzHLL7D0-7XwJ4bVobLrG3unzbiNepAGrAvtyNn1w, LO to rtsp://127.0.0.1:8554/ch5lo?jwt=eyJhbGciOiJSUzI1NiIsInR5cCI6IkpXVCIsImtpZCI6Ikk4TXU0UzdHbW9BIn0.eyJpYXQiOjE3ODUyOTAxNzAsImV4cCI6MjEwMDY1MDE3MCwiaXNzIjoibmV4dnVlLWVkZ2UiLCJzdWIiOiJuZXh2dWUtZW5jb2RlIiwibWVkaWFtdHhfcGVybWlzc2lvbnMiOlt7ImFjdGlvbiI6InB1Ymxpc2giLCJwYXRoIjoiIn0seyJhY3Rpb24iOiJhcGkifV19.dGbo3znxmuXcs3_azRaYNG80pB1vp-oq7x4cflOpM5QYkUzd8QIhtnHFL9y1IZRQ9Yrm_eop48Fb8PuJU8CS3nhVThA02zuUiLwqFsWDJupZg5IUsTOdymybYfqvifwH8QZj66_uFC83Abjt6JCJhKBSMLqpKWNdAPDUl3elTsQ9UGzLUc0ScesumgW11t_cp6cxGWwVb96bnfGv8lt3GnawjEwchpEGMQjkJRKsgM4L_xpqDzwseUjti8CSDsUZWuIku-Qct7UOnd7PX1e5OhXLclURiq_8VXssuw22t2UxgZzHLL7D0-7XwJ4bVobLrG3unzbiNepAGrAvtyNn1w
2026-07-28T22:31:45-04:00 dcwasof2nexvue01 bash[2369780]: Setting pipeline to PAUSED ...
2026-07-28T22:31:45-04:00 dcwasof2nexvue01 bash[2369780]: Pipeline is live and does not need PREROLL ...
2026-07-28T22:31:45-04:00 dcwasof2nexvue01 bash[2369780]: Got context from element 'vah264enc1': gst.va.display.handle=context, gst-display=(GstObject)"\(GstVaDisplayDrm\)\ vadisplaydrm2", description=(string)"Intel\(R\)\ Gen\ Graphics", path=(string)/dev/dri/renderD128;
2026-07-28T22:31:45-04:00 dcwasof2nexvue01 bash[2369780]: Progress: (open) Opening Stream
2026-07-28T22:31:45-04:00 dcwasof2nexvue01 bash[2369780]: Progress: (open) Opening Stream
2026-07-28T22:31:45-04:00 dcwasof2nexvue01 bash[2369780]: Progress: (connect) Connecting to rtsp://127.0.0.1:8554/ch5?jwt=eyJhbGciOiJSUzI1NiIsInR5cCI6IkpXVCIsImtpZCI6Ikk4TXU0UzdHbW9BIn0.eyJpYXQiOjE3ODUyOTAxNzAsImV4cCI6MjEwMDY1MDE3MCwiaXNzIjoibmV4dnVlLWVkZ2UiLCJzdWIiOiJuZXh2dWUtZW5jb2RlIiwibWVkaWFtdHhfcGVybWlzc2lvbnMiOlt7ImFjdGlvbiI6InB1Ymxpc2giLCJwYXRoIjoiIn0seyJhY3Rpb24iOiJhcGkifV19.dGbo3znxmuXcs3_azRaYNG80pB1vp-oq7x4cflOpM5QYkUzd8QIhtnHFL9y1IZRQ9Yrm_eop48Fb8PuJU8CS3nhVThA02zuUiLwqFsWDJupZg5IUsTOdymybYfqvifwH8QZj66_uFC83Abjt6JCJhKBSMLqpKWNdAPDUl3elTsQ9UGzLUc0ScesumgW11t_cp6cxGWwVb96bnfGv8lt3GnawjEwchpEGMQjkJRKsgM4L_xpqDzwseUjti8CSDsUZWuIku-Qct7UOnd7PX1e5OhXLclURiq_8VXssuw22t2UxgZzHLL7D0-7XwJ4bVobLrG3unzbiNepAGrAvtyNn1w
2026-07-28T22:31:45-04:00 dcwasof2nexvue01 bash[2369780]: Progress: (connect) Connecting to rtsp://127.0.0.1:8554/ch5lo?jwt=eyJhbGciOiJSUzI1NiIsInR5cCI6IkpXVCIsImtpZCI6Ikk4TXU0UzdHbW9BIn0.eyJpYXQiOjE3ODUyOTAxNzAsImV4cCI6MjEwMDY1MDE3MCwiaXNzIjoibmV4dnVlLWVkZ2UiLCJzdWIiOiJuZXh2dWUtZW5jb2RlIiwibWVkaWFtdHhfcGVybWlzc2lvbnMiOlt7ImFjdGlvbiI6InB1Ymxpc2giLCJwYXRoIjoiIn0seyJhY3Rpb24iOiJhcGkifV19.dGbo3znxmuXcs3_azRaYNG80pB1vp-oq7x4cflOpM5QYkUzd8QIhtnHFL9y1IZRQ9Yrm_eop48Fb8PuJU8CS3nhVThA02zuUiLwqFsWDJupZg5IUsTOdymybYfqvifwH8QZj66_uFC83Abjt6JCJhKBSMLqpKWNdAPDUl3elTsQ9UGzLUc0ScesumgW11t_cp6cxGWwVb96bnfGv8lt3GnawjEwchpEGMQjkJRKsgM4L_xpqDzwseUjti8CSDsUZWuIku-Qct7UOnd7PX1e5OhXLclURiq_8VXssuw22t2UxgZzHLL7D0-7XwJ4bVobLrG3unzbiNepAGrAvtyNn1w
2026-07-28T22:31:45-04:00 dcwasof2nexvue01 bash[2369780]: Pipeline is PREROLLED ...
2026-07-28T22:31:45-04:00 dcwasof2nexvue01 bash[2369780]: Prerolled, waiting for progress to finish...
2026-07-28T22:31:45-04:00 dcwasof2nexvue01 bash[2369780]: Progress: (open) Retrieving server options
2026-07-28T22:31:45-04:00 dcwasof2nexvue01 bash[2369780]: Progress: (open) Retrieving server options
2026-07-28T22:31:45-04:00 dcwasof2nexvue01 bash[2369780]: Progress: (open) Opened Stream
2026-07-28T22:31:45-04:00 dcwasof2nexvue01 bash[2369780]: Setting pipeline to PLAYING ...
2026-07-28T22:31:45-04:00 dcwasof2nexvue01 bash[2369780]: Progress: (open) Opened Stream
2026-07-28T22:31:45-04:00 dcwasof2nexvue01 bash[2369780]: New clock: GstSystemClock
2026-07-28T22:31:45-04:00 dcwasof2nexvue01 bash[2369780]: Progress: (request) Sending RECORD request
2026-07-28T22:31:45-04:00 dcwasof2nexvue01 bash[2369780]: Progress: (request) Sending RECORD request
2026-07-28T22:31:45-04:00 dcwasof2nexvue01 bash[2369780]: WARNING: from element /GstPipeline:pipeline0/GstDecklinkVideoSrc:decklinkvideosrc0: Signal lost
2026-07-28T22:31:45-04:00 dcwasof2nexvue01 bash[2369780]: Additional debug info:
2026-07-28T22:31:45-04:00 dcwasof2nexvue01 bash[2369780]: ../sys/decklink/gstdecklinkvideosrc.cpp(1283): gst_decklink_video_src_create (): /GstPipeline:pipeline0/GstDecklinkVideoSrc:decklinkvideosrc0:
2026-07-28T22:31:45-04:00 dcwasof2nexvue01 bash[2369780]: No input source was detected - video frames invalid
2026-07-28T22:31:45-04:00 dcwasof2nexvue01 bash[2369780]: Redistribute latency...
2026-07-28T22:31:45-04:00 dcwasof2nexvue01 bash[2369780]: Redistribute latency...
2026-07-28T22:31:45-04:00 dcwasof2nexvue01 bash[2369780]: Redistribute latency...
2026-07-28T22:31:45-04:00 dcwasof2nexvue01 bash[2369780]: Redistribute latency...
2026-07-28T22:31:45-04:00 dcwasof2nexvue01 bash[2369780]: Progress: (record) Sending server stream info
2026-07-28T22:31:45-04:00 dcwasof2nexvue01 bash[2369780]: Progress: (record) Sending server stream info
2026-07-28T22:31:45-04:00 dcwasof2nexvue01 bash[2369780]: Progress: (request) SETUP stream 1
2026-07-28T22:31:45-04:00 dcwasof2nexvue01 bash[2369780]: Progress: (request) SETUP stream 1
2026-07-28T22:31:45-04:00 dcwasof2nexvue01 bash[2369780]: Redistribute latency...
2026-07-28T22:31:45-04:00 dcwasof2nexvue01 bash[2369780]: Redistribute latency...
2026-07-28T22:31:45-04:00 dcwasof2nexvue01 bash[2369780]: Redistribute latency...
2026-07-28T22:31:45-04:00 dcwasof2nexvue01 bash[2369780]: Redistribute latency...
2026-07-28T22:31:45-04:00 dcwasof2nexvue01 bash[2369780]: INFO:
2026-07-28T22:31:45-04:00 dcwasof2nexvue01 bash[2369780]: ../sys/decklink/gstdecklinkvideosrc.cpp(1300): gst_decklink_video_src_create (): /GstPipeline:pipeline0/GstDecklinkVideoSrc:decklinkvideosrc0:
2026-07-28T22:31:45-04:00 dcwasof2nexvue01 bash[2369780]: Input source detected
2026-07-28T22:31:45-04:00 dcwasof2nexvue01 bash[2369780]: Redistribute latency...
2026-07-28T22:31:46-04:00 dcwasof2nexvue01 bash[2369780]: Progress: (request) SETUP stream 0
2026-07-28T22:31:46-04:00 dcwasof2nexvue01 bash[2369780]: Redistribute latency...
2026-07-28T22:31:46-04:00 dcwasof2nexvue01 bash[2369780]: Redistribute latency...
2026-07-28T22:31:46-04:00 dcwasof2nexvue01 bash[2369780]: Progress: (request) SETUP stream 0
2026-07-28T22:31:46-04:00 dcwasof2nexvue01 bash[2369780]: Redistribute latency...
2026-07-28T22:31:46-04:00 dcwasof2nexvue01 bash[2369780]: Redistribute latency...
2026-07-28T22:31:47-04:00 dcwasof2nexvue01 bash[2369780]: Progress: (record) Starting recording
2026-07-28T22:31:47-04:00 dcwasof2nexvue01 bash[2369780]: Redistribute latency...
2026-07-28T22:31:47-04:00 dcwasof2nexvue01 bash[2369780]: Progress: (record) Starting recording
2026-07-28T22:31:47-04:00 dcwasof2nexvue01 bash[2369780]: Redistribute latency...
2026-07-28T22:31:47-04:00 dcwasof2nexvue01 bash[2369780]: WARNING: from element /GstPipeline:pipeline0/GstDecklinkVideoSrc:decklinkvideosrc0: Dropped 33 old frames from 0:00:01.188085018 to 0:00:02.255818352
2026-07-28T22:31:47-04:00 dcwasof2nexvue01 bash[2369780]: Additional debug info:
2026-07-28T22:31:47-04:00 dcwasof2nexvue01 bash[2369780]: ../sys/decklink/gstdecklinkvideosrc.cpp(925): gst_decklink_video_src_got_frame (): /GstPipeline:pipeline0/GstDecklinkVideoSrc:decklinkvideosrc0
2026-07-28T22:31:49-04:00 dcwasof2nexvue01 bash[2369780]: Redistribute latency...
2026-07-28T22:31:49-04:00 dcwasof2nexvue01 bash[2369780]: Redistribute latency...
2026-07-28T22:31:49-04:00 dcwasof2nexvue01 bash[2369780]: Redistribute latency...
2026-07-28T22:31:50-04:00 dcwasof2nexvue01 bash[2369780]: Redistribute latency...
2026-07-28T22:34:39-04:00 dcwasof2nexvue01 systemd[1]: Stopping nexvue-encode@5.service - NexVUE encoder channel 5 (DeckLink -> MediaMTX)...
2026-07-28T22:34:39-04:00 dcwasof2nexvue01 bash[2369655]: Terminated
2026-07-28T22:34:39-04:00 dcwasof2nexvue01 systemd[1]: nexvue-encode@5.service: Main process exited, code=exited, status=143/n/a
2026-07-28T22:34:39-04:00 dcwasof2nexvue01 systemd[1]: nexvue-encode@5.service: Failed with result 'exit-code'.
2026-07-28T22:34:39-04:00 dcwasof2nexvue01 systemd[1]: Stopped nexvue-encode@5.service - NexVUE encoder channel 5 (DeckLink -> MediaMTX).
2026-07-28T22:34:39-04:00 dcwasof2nexvue01 systemd[1]: nexvue-encode@5.service: Consumed 2min 18.430s CPU time.
-- Boot 7dc65741f33b4e2ba2f12ad984e68e0d --
2026-07-28T22:35:00-04:00 dcwasof2nexvue01 systemd[1]: Starting nexvue-encode@5.service - NexVUE encoder channel 5 (DeckLink -> MediaMTX)...
2026-07-28T22:35:00-04:00 dcwasof2nexvue01 systemd[1]: Started nexvue-encode@5.service - NexVUE encoder channel 5 (DeckLink -> MediaMTX).
2026-07-28T22:35:01-04:00 dcwasof2nexvue01 bash[2096]: [nexvue-encode] starting: device=5 path=ch5 deint=all hi=5000kbps lo=true(700kbps) audio=true layout=51_sap(8ch@384000bps embeds=1,2,3,4,5,6,7,8) captions=true enc=vah264enc
2026-07-28T22:35:01-04:00 dcwasof2nexvue01 bash[2096]: [nexvue-encode] publishing HI to rtsp://127.0.0.1:8554/ch5?jwt=eyJhbGciOiJSUzI1NiIsInR5cCI6IkpXVCIsImtpZCI6Ikk4TXU0UzdHbW9BIn0.eyJpYXQiOjE3ODUyOTAxNzAsImV4cCI6MjEwMDY1MDE3MCwiaXNzIjoibmV4dnVlLWVkZ2UiLCJzdWIiOiJuZXh2dWUtZW5jb2RlIiwibWVkaWFtdHhfcGVybWlzc2lvbnMiOlt7ImFjdGlvbiI6InB1Ymxpc2giLCJwYXRoIjoiIn0seyJhY3Rpb24iOiJhcGkifV19.dGbo3znxmuXcs3_azRaYNG80pB1vp-oq7x4cflOpM5QYkUzd8QIhtnHFL9y1IZRQ9Yrm_eop48Fb8PuJU8CS3nhVThA02zuUiLwqFsWDJupZg5IUsTOdymybYfqvifwH8QZj66_uFC83Abjt6JCJhKBSMLqpKWNdAPDUl3elTsQ9UGzLUc0ScesumgW11t_cp6cxGWwVb96bnfGv8lt3GnawjEwchpEGMQjkJRKsgM4L_xpqDzwseUjti8CSDsUZWuIku-Qct7UOnd7PX1e5OhXLclURiq_8VXssuw22t2UxgZzHLL7D0-7XwJ4bVobLrG3unzbiNepAGrAvtyNn1w, LO to rtsp://127.0.0.1:8554/ch5lo?jwt=eyJhbGciOiJSUzI1NiIsInR5cCI6IkpXVCIsImtpZCI6Ikk4TXU0UzdHbW9BIn0.eyJpYXQiOjE3ODUyOTAxNzAsImV4cCI6MjEwMDY1MDE3MCwiaXNzIjoibmV4dnVlLWVkZ2UiLCJzdWIiOiJuZXh2dWUtZW5jb2RlIiwibWVkaWFtdHhfcGVybWlzc2lvbnMiOlt7ImFjdGlvbiI6InB1Ymxpc2giLCJwYXRoIjoiIn0seyJhY3Rpb24iOiJhcGkifV19.dGbo3znxmuXcs3_azRaYNG80pB1vp-oq7x4cflOpM5QYkUzd8QIhtnHFL9y1IZRQ9Yrm_eop48Fb8PuJU8CS3nhVThA02zuUiLwqFsWDJupZg5IUsTOdymybYfqvifwH8QZj66_uFC83Abjt6JCJhKBSMLqpKWNdAPDUl3elTsQ9UGzLUc0ScesumgW11t_cp6cxGWwVb96bnfGv8lt3GnawjEwchpEGMQjkJRKsgM4L_xpqDzwseUjti8CSDsUZWuIku-Qct7UOnd7PX1e5OhXLclURiq_8VXssuw22t2UxgZzHLL7D0-7XwJ4bVobLrG3unzbiNepAGrAvtyNn1w
2026-07-28T22:35:01-04:00 dcwasof2nexvue01 bash[2622]: Setting pipeline to PAUSED ...
2026-07-28T22:35:01-04:00 dcwasof2nexvue01 bash[2622]: Pipeline is live and does not need PREROLL ...
2026-07-28T22:35:01-04:00 dcwasof2nexvue01 bash[2622]: Got context from element 'vah264enc1': gst.va.display.handle=context, gst-display=(GstObject)"\(GstVaDisplayDrm\)\ vadisplaydrm2", description=(string)"Intel\(R\)\ Gen\ Graphics", path=(string)/dev/dri/renderD128;
2026-07-28T22:35:01-04:00 dcwasof2nexvue01 bash[2622]: Progress: (open) Opening Stream
2026-07-28T22:35:01-04:00 dcwasof2nexvue01 bash[2622]: Progress: (open) Opening Stream
2026-07-28T22:35:01-04:00 dcwasof2nexvue01 bash[2622]: Progress: (connect) Connecting to rtsp://127.0.0.1:8554/ch5lo?jwt=eyJhbGciOiJSUzI1NiIsInR5cCI6IkpXVCIsImtpZCI6Ikk4TXU0UzdHbW9BIn0.eyJpYXQiOjE3ODUyOTAxNzAsImV4cCI6MjEwMDY1MDE3MCwiaXNzIjoibmV4dnVlLWVkZ2UiLCJzdWIiOiJuZXh2dWUtZW5jb2RlIiwibWVkaWFtdHhfcGVybWlzc2lvbnMiOlt7ImFjdGlvbiI6InB1Ymxpc2giLCJwYXRoIjoiIn0seyJhY3Rpb24iOiJhcGkifV19.dGbo3znxmuXcs3_azRaYNG80pB1vp-oq7x4cflOpM5QYkUzd8QIhtnHFL9y1IZRQ9Yrm_eop48Fb8PuJU8CS3nhVThA02zuUiLwqFsWDJupZg5IUsTOdymybYfqvifwH8QZj66_uFC83Abjt6JCJhKBSMLqpKWNdAPDUl3elTsQ9UGzLUc0ScesumgW11t_cp6cxGWwVb96bnfGv8lt3GnawjEwchpEGMQjkJRKsgM4L_xpqDzwseUjti8CSDsUZWuIku-Qct7UOnd7PX1e5OhXLclURiq_8VXssuw22t2UxgZzHLL7D0-7XwJ4bVobLrG3unzbiNepAGrAvtyNn1w
2026-07-28T22:35:01-04:00 dcwasof2nexvue01 bash[2622]: Progress: (connect) Connecting to rtsp://127.0.0.1:8554/ch5?jwt=eyJhbGciOiJSUzI1NiIsInR5cCI6IkpXVCIsImtpZCI6Ikk4TXU0UzdHbW9BIn0.eyJpYXQiOjE3ODUyOTAxNzAsImV4cCI6MjEwMDY1MDE3MCwiaXNzIjoibmV4dnVlLWVkZ2UiLCJzdWIiOiJuZXh2dWUtZW5jb2RlIiwibWVkaWFtdHhfcGVybWlzc2lvbnMiOlt7ImFjdGlvbiI6InB1Ymxpc2giLCJwYXRoIjoiIn0seyJhY3Rpb24iOiJhcGkifV19.dGbo3znxmuXcs3_azRaYNG80pB1vp-oq7x4cflOpM5QYkUzd8QIhtnHFL9y1IZRQ9Yrm_eop48Fb8PuJU8CS3nhVThA02zuUiLwqFsWDJupZg5IUsTOdymybYfqvifwH8QZj66_uFC83Abjt6JCJhKBSMLqpKWNdAPDUl3elTsQ9UGzLUc0ScesumgW11t_cp6cxGWwVb96bnfGv8lt3GnawjEwchpEGMQjkJRKsgM4L_xpqDzwseUjti8CSDsUZWuIku-Qct7UOnd7PX1e5OhXLclURiq_8VXssuw22t2UxgZzHLL7D0-7XwJ4bVobLrG3unzbiNepAGrAvtyNn1w
2026-07-28T22:35:01-04:00 dcwasof2nexvue01 bash[2622]: Pipeline is PREROLLED ...
2026-07-28T22:35:01-04:00 dcwasof2nexvue01 bash[2622]: Prerolled, waiting for progress to finish...
2026-07-28T22:35:01-04:00 dcwasof2nexvue01 bash[2622]: Progress: (open) Retrieving server options
2026-07-28T22:35:01-04:00 dcwasof2nexvue01 bash[2622]: Progress: (open) Retrieving server options
2026-07-28T22:35:01-04:00 dcwasof2nexvue01 bash[2622]: Progress: (open) Opened Stream
2026-07-28T22:35:01-04:00 dcwasof2nexvue01 bash[2622]: Setting pipeline to PLAYING ...
2026-07-28T22:35:01-04:00 dcwasof2nexvue01 bash[2622]: New clock: GstSystemClock
2026-07-28T22:35:01-04:00 dcwasof2nexvue01 bash[2622]: Progress: (open) Opened Stream
2026-07-28T22:35:01-04:00 dcwasof2nexvue01 bash[2622]: Progress: (request) Sending RECORD request
2026-07-28T22:35:01-04:00 dcwasof2nexvue01 bash[2622]: Progress: (request) Sending RECORD request
2026-07-28T22:35:01-04:00 dcwasof2nexvue01 bash[2622]: WARNING: from element /GstPipeline:pipeline0/GstDecklinkVideoSrc:decklinkvideosrc0: Signal lost
2026-07-28T22:35:01-04:00 dcwasof2nexvue01 bash[2622]: Additional debug info:
2026-07-28T22:35:01-04:00 dcwasof2nexvue01 bash[2622]: ../sys/decklink/gstdecklinkvideosrc.cpp(1283): gst_decklink_video_src_create (): /GstPipeline:pipeline0/GstDecklinkVideoSrc:decklinkvideosrc0:
2026-07-28T22:35:01-04:00 dcwasof2nexvue01 bash[2622]: No input source was detected - video frames invalid
2026-07-28T22:35:01-04:00 dcwasof2nexvue01 bash[2622]: Redistribute latency...
2026-07-28T22:35:01-04:00 dcwasof2nexvue01 bash[2622]: Redistribute latency...
2026-07-28T22:35:01-04:00 dcwasof2nexvue01 bash[2622]: Redistribute latency...
2026-07-28T22:35:01-04:00 dcwasof2nexvue01 bash[2622]: Progress: (record) Sending server stream info
2026-07-28T22:35:01-04:00 dcwasof2nexvue01 bash[2622]: Progress: (request) SETUP stream 1
2026-07-28T22:35:01-04:00 dcwasof2nexvue01 bash[2622]: Redistribute latency...
2026-07-28T22:35:01-04:00 dcwasof2nexvue01 bash[2622]: Redistribute latency...
2026-07-28T22:35:01-04:00 dcwasof2nexvue01 bash[2622]: Redistribute latency...
2026-07-28T22:35:01-04:00 dcwasof2nexvue01 bash[2622]: Progress: (record) Sending server stream info
2026-07-28T22:35:01-04:00 dcwasof2nexvue01 bash[2622]: Progress: (request) SETUP stream 1
2026-07-28T22:35:01-04:00 dcwasof2nexvue01 bash[2622]: Redistribute latency...
2026-07-28T22:35:01-04:00 dcwasof2nexvue01 bash[2622]: Redistribute latency...
2026-07-28T22:35:02-04:00 dcwasof2nexvue01 bash[2622]: INFO:
2026-07-28T22:35:02-04:00 dcwasof2nexvue01 bash[2622]: ../sys/decklink/gstdecklinkvideosrc.cpp(1300): gst_decklink_video_src_create (): /GstPipeline:pipeline0/GstDecklinkVideoSrc:decklinkvideosrc0:
2026-07-28T22:35:02-04:00 dcwasof2nexvue01 bash[2622]: Input source detected
2026-07-28T22:35:02-04:00 dcwasof2nexvue01 bash[2622]: Redistribute latency...
2026-07-28T22:35:02-04:00 dcwasof2nexvue01 bash[2622]: Progress: (request) SETUP stream 0
2026-07-28T22:35:02-04:00 dcwasof2nexvue01 bash[2622]: Redistribute latency...
2026-07-28T22:35:02-04:00 dcwasof2nexvue01 bash[2622]: Redistribute latency...
2026-07-28T22:35:02-04:00 dcwasof2nexvue01 bash[2622]: Progress: (request) SETUP stream 0
2026-07-28T22:35:02-04:00 dcwasof2nexvue01 bash[2622]: Redistribute latency...
2026-07-28T22:35:02-04:00 dcwasof2nexvue01 bash[2622]: Redistribute latency...
2026-07-28T22:35:03-04:00 dcwasof2nexvue01 bash[2622]: Progress: (record) Starting recording
2026-07-28T22:35:03-04:00 dcwasof2nexvue01 bash[2622]: Redistribute latency...
2026-07-28T22:35:03-04:00 dcwasof2nexvue01 bash[2622]: Progress: (record) Starting recording
2026-07-28T22:35:03-04:00 dcwasof2nexvue01 bash[2622]: Redistribute latency...
2026-07-28T22:35:04-04:00 dcwasof2nexvue01 bash[2622]: WARNING: from element /GstPipeline:pipeline0/GstDecklinkVideoSrc:decklinkvideosrc0: Dropped 35 old frames from 0:00:01.175435010 to 0:00:02.309901677
2026-07-28T22:35:04-04:00 dcwasof2nexvue01 bash[2622]: Additional debug info:
2026-07-28T22:35:04-04:00 dcwasof2nexvue01 bash[2622]: ../sys/decklink/gstdecklinkvideosrc.cpp(925): gst_decklink_video_src_got_frame (): /GstPipeline:pipeline0/GstDecklinkVideoSrc:decklinkvideosrc0
2026-07-28T22:35:04-04:00 dcwasof2nexvue01 bash[2622]: Redistribute latency...
2026-07-28T22:35:05-04:00 dcwasof2nexvue01 bash[2622]: Redistribute latency...
2026-07-28T22:35:05-04:00 dcwasof2nexvue01 bash[2622]: Redistribute latency...
2026-07-28T22:35:06-04:00 dcwasof2nexvue01 bash[2622]: Redistribute latency...
2026-07-28T22:37:20-04:00 dcwasof2nexvue01 systemd[1]: Stopping nexvue-encode@5.service - NexVUE encoder channel 5 (DeckLink -> MediaMTX)...
2026-07-28T22:37:20-04:00 dcwasof2nexvue01 bash[2096]: Terminated
2026-07-28T22:37:20-04:00 dcwasof2nexvue01 systemd[1]: nexvue-encode@5.service: Main process exited, code=exited, status=143/n/a
2026-07-28T22:37:20-04:00 dcwasof2nexvue01 systemd[1]: nexvue-encode@5.service: Failed with result 'exit-code'.
2026-07-28T22:37:20-04:00 dcwasof2nexvue01 systemd[1]: Stopped nexvue-encode@5.service - NexVUE encoder channel 5 (DeckLink -> MediaMTX).
2026-07-28T22:37:20-04:00 dcwasof2nexvue01 systemd[1]: nexvue-encode@5.service: Consumed 1min 49.022s CPU time.
2026-07-28T22:37:20-04:00 dcwasof2nexvue01 systemd[1]: Starting nexvue-encode@5.service - NexVUE encoder channel 5 (DeckLink -> MediaMTX)...
2026-07-28T22:37:20-04:00 dcwasof2nexvue01 systemd[1]: Started nexvue-encode@5.service - NexVUE encoder channel 5 (DeckLink -> MediaMTX).
2026-07-28T22:37:20-04:00 dcwasof2nexvue01 bash[5606]: [nexvue-encode] starting: device=5 path=ch5 deint=all hi=5000kbps lo=false(1200kbps) audio=true layout=51_sap(8ch@384000bps embeds=1,2,3,4,5,6,7,8) captions=true enc=vah264enc
2026-07-28T22:37:20-04:00 dcwasof2nexvue01 bash[5606]: [nexvue-encode] publishing HI to rtsp://127.0.0.1:8554/ch5?jwt=eyJhbGciOiJSUzI1NiIsInR5cCI6IkpXVCIsImtpZCI6Ikk4TXU0UzdHbW9BIn0.eyJpYXQiOjE3ODUyOTAxNzAsImV4cCI6MjEwMDY1MDE3MCwiaXNzIjoibmV4dnVlLWVkZ2UiLCJzdWIiOiJuZXh2dWUtZW5jb2RlIiwibWVkaWFtdHhfcGVybWlzc2lvbnMiOlt7ImFjdGlvbiI6InB1Ymxpc2giLCJwYXRoIjoiIn0seyJhY3Rpb24iOiJhcGkifV19.dGbo3znxmuXcs3_azRaYNG80pB1vp-oq7x4cflOpM5QYkUzd8QIhtnHFL9y1IZRQ9Yrm_eop48Fb8PuJU8CS3nhVThA02zuUiLwqFsWDJupZg5IUsTOdymybYfqvifwH8QZj66_uFC83Abjt6JCJhKBSMLqpKWNdAPDUl3elTsQ9UGzLUc0ScesumgW11t_cp6cxGWwVb96bnfGv8lt3GnawjEwchpEGMQjkJRKsgM4L_xpqDzwseUjti8CSDsUZWuIku-Qct7UOnd7PX1e5OhXLclURiq_8VXssuw22t2UxgZzHLL7D0-7XwJ4bVobLrG3unzbiNepAGrAvtyNn1w
2026-07-28T22:37:20-04:00 dcwasof2nexvue01 bash[5728]: Setting pipeline to PAUSED ...
2026-07-28T22:37:20-04:00 dcwasof2nexvue01 bash[5728]: Pipeline is live and does not need PREROLL ...
2026-07-28T22:37:20-04:00 dcwasof2nexvue01 bash[5728]: Got context from element 'vah264enc0': gst.va.display.handle=context, gst-display=(GstObject)"\(GstVaDisplayDrm\)\ vadisplaydrm2", description=(string)"Intel\(R\)\ Gen\ Graphics", path=(string)/dev/dri/renderD128;
2026-07-28T22:37:20-04:00 dcwasof2nexvue01 bash[5728]: Progress: (open) Opening Stream
2026-07-28T22:37:20-04:00 dcwasof2nexvue01 bash[5728]: Progress: (connect) Connecting to rtsp://127.0.0.1:8554/ch5?jwt=eyJhbGciOiJSUzI1NiIsInR5cCI6IkpXVCIsImtpZCI6Ikk4TXU0UzdHbW9BIn0.eyJpYXQiOjE3ODUyOTAxNzAsImV4cCI6MjEwMDY1MDE3MCwiaXNzIjoibmV4dnVlLWVkZ2UiLCJzdWIiOiJuZXh2dWUtZW5jb2RlIiwibWVkaWFtdHhfcGVybWlzc2lvbnMiOlt7ImFjdGlvbiI6InB1Ymxpc2giLCJwYXRoIjoiIn0seyJhY3Rpb24iOiJhcGkifV19.dGbo3znxmuXcs3_azRaYNG80pB1vp-oq7x4cflOpM5QYkUzd8QIhtnHFL9y1IZRQ9Yrm_eop48Fb8PuJU8CS3nhVThA02zuUiLwqFsWDJupZg5IUsTOdymybYfqvifwH8QZj66_uFC83Abjt6JCJhKBSMLqpKWNdAPDUl3elTsQ9UGzLUc0ScesumgW11t_cp6cxGWwVb96bnfGv8lt3GnawjEwchpEGMQjkJRKsgM4L_xpqDzwseUjti8CSDsUZWuIku-Qct7UOnd7PX1e5OhXLclURiq_8VXssuw22t2UxgZzHLL7D0-7XwJ4bVobLrG3unzbiNepAGrAvtyNn1w
2026-07-28T22:37:20-04:00 dcwasof2nexvue01 bash[5728]: Pipeline is PREROLLED ...
2026-07-28T22:37:20-04:00 dcwasof2nexvue01 bash[5728]: Prerolled, waiting for progress to finish...
2026-07-28T22:37:20-04:00 dcwasof2nexvue01 bash[5728]: Progress: (open) Retrieving server options
2026-07-28T22:37:20-04:00 dcwasof2nexvue01 bash[5728]: Progress: (open) Opened Stream
2026-07-28T22:37:20-04:00 dcwasof2nexvue01 bash[5728]: Setting pipeline to PLAYING ...
2026-07-28T22:37:20-04:00 dcwasof2nexvue01 bash[5728]: New clock: GstSystemClock
2026-07-28T22:37:20-04:00 dcwasof2nexvue01 bash[5728]: Progress: (request) Sending RECORD request
2026-07-28T22:37:20-04:00 dcwasof2nexvue01 bash[5728]: WARNING: from element /GstPipeline:pipeline0/GstDecklinkVideoSrc:decklinkvideosrc0: Signal lost
2026-07-28T22:37:20-04:00 dcwasof2nexvue01 bash[5728]: Additional debug info:
2026-07-28T22:37:20-04:00 dcwasof2nexvue01 bash[5728]: ../sys/decklink/gstdecklinkvideosrc.cpp(1283): gst_decklink_video_src_create (): /GstPipeline:pipeline0/GstDecklinkVideoSrc:decklinkvideosrc0:
2026-07-28T22:37:20-04:00 dcwasof2nexvue01 bash[5728]: No input source was detected - video frames invalid
2026-07-28T22:37:20-04:00 dcwasof2nexvue01 bash[5728]: Redistribute latency...
2026-07-28T22:37:20-04:00 dcwasof2nexvue01 bash[5728]: Redistribute latency...
2026-07-28T22:37:20-04:00 dcwasof2nexvue01 bash[5728]: Redistribute latency...
2026-07-28T22:37:20-04:00 dcwasof2nexvue01 bash[5728]: Progress: (record) Sending server stream info
2026-07-28T22:37:20-04:00 dcwasof2nexvue01 bash[5728]: Progress: (request) SETUP stream 1
2026-07-28T22:37:20-04:00 dcwasof2nexvue01 bash[5728]: Redistribute latency...
2026-07-28T22:37:20-04:00 dcwasof2nexvue01 bash[5728]: Redistribute latency...
2026-07-28T22:37:21-04:00 dcwasof2nexvue01 bash[5728]: Progress: (request) SETUP stream 0
2026-07-28T22:37:21-04:00 dcwasof2nexvue01 bash[5728]: Redistribute latency...
2026-07-28T22:37:21-04:00 dcwasof2nexvue01 bash[5728]: Redistribute latency...
2026-07-28T22:37:22-04:00 dcwasof2nexvue01 bash[5728]: Progress: (record) Starting recording
2026-07-28T22:37:22-04:00 dcwasof2nexvue01 bash[5728]: Redistribute latency...
2026-07-28T22:37:22-04:00 dcwasof2nexvue01 bash[5728]: INFO:
2026-07-28T22:37:22-04:00 dcwasof2nexvue01 bash[5728]: ../sys/decklink/gstdecklinkvideosrc.cpp(1300): gst_decklink_video_src_create (): /GstPipeline:pipeline0/GstDecklinkVideoSrc:decklinkvideosrc0:
2026-07-28T22:37:22-04:00 dcwasof2nexvue01 bash[5728]: Input source detected
2026-07-28T22:37:22-04:00 dcwasof2nexvue01 bash[5728]: Redistribute latency...
2026-07-28T22:37:22-04:00 dcwasof2nexvue01 bash[5728]: WARNING: from element /GstPipeline:pipeline0/GstDecklinkVideoSrc:decklinkvideosrc0: Dropped 58 old frames from 0:00:00.137451291 to 0:00:02.078152617
2026-07-28T22:37:22-04:00 dcwasof2nexvue01 bash[5728]: Additional debug info:
2026-07-28T22:37:22-04:00 dcwasof2nexvue01 bash[5728]: ../sys/decklink/gstdecklinkvideosrc.cpp(925): gst_decklink_video_src_got_frame (): /GstPipeline:pipeline0/GstDecklinkVideoSrc:decklinkvideosrc0
2026-07-28T22:37:24-04:00 dcwasof2nexvue01 bash[5728]: Redistribute latency...
2026-07-28T22:37:25-04:00 dcwasof2nexvue01 bash[5728]: Redistribute latency...
2026-07-28T22:39:31-04:00 dcwasof2nexvue01 systemd[1]: Stopping nexvue-encode@5.service - NexVUE encoder channel 5 (DeckLink -> MediaMTX)...
2026-07-28T22:39:31-04:00 dcwasof2nexvue01 bash[5606]: Terminated
2026-07-28T22:39:31-04:00 dcwasof2nexvue01 systemd[1]: nexvue-encode@5.service: Main process exited, code=exited, status=143/n/a
2026-07-28T22:39:31-04:00 dcwasof2nexvue01 systemd[1]: nexvue-encode@5.service: Failed with result 'exit-code'.
2026-07-28T22:39:31-04:00 dcwasof2nexvue01 systemd[1]: Stopped nexvue-encode@5.service - NexVUE encoder channel 5 (DeckLink -> MediaMTX).
2026-07-28T22:39:31-04:00 dcwasof2nexvue01 systemd[1]: nexvue-encode@5.service: Consumed 1min 1.139s CPU time.
2026-07-28T22:51:52-04:00 dcwasof2nexvue01 systemd[1]: Starting nexvue-encode@5.service - NexVUE encoder channel 5 (DeckLink -> MediaMTX)...
2026-07-28T22:51:52-04:00 dcwasof2nexvue01 systemd[1]: Started nexvue-encode@5.service - NexVUE encoder channel 5 (DeckLink -> MediaMTX).
2026-07-28T22:51:53-04:00 dcwasof2nexvue01 bash[26474]: [nexvue-encode] starting: device=5 path=ch5 deint=all hi=5000kbps lo=false(1200kbps) audio=true layout=51_sap(8ch@384000bps embeds=1,2,3,4,5,6,7,8) captions=true enc=vah264enc
2026-07-28T22:51:53-04:00 dcwasof2nexvue01 bash[26474]: [nexvue-encode] publishing HI to rtsp://127.0.0.1:8554/ch5?jwt=eyJhbGciOiJSUzI1NiIsInR5cCI6IkpXVCIsImtpZCI6Ikk4TXU0UzdHbW9BIn0.eyJpYXQiOjE3ODUyOTAxNzAsImV4cCI6MjEwMDY1MDE3MCwiaXNzIjoibmV4dnVlLWVkZ2UiLCJzdWIiOiJuZXh2dWUtZW5jb2RlIiwibWVkaWFtdHhfcGVybWlzc2lvbnMiOlt7ImFjdGlvbiI6InB1Ymxpc2giLCJwYXRoIjoiIn0seyJhY3Rpb24iOiJhcGkifV19.dGbo3znxmuXcs3_azRaYNG80pB1vp-oq7x4cflOpM5QYkUzd8QIhtnHFL9y1IZRQ9Yrm_eop48Fb8PuJU8CS3nhVThA02zuUiLwqFsWDJupZg5IUsTOdymybYfqvifwH8QZj66_uFC83Abjt6JCJhKBSMLqpKWNdAPDUl3elTsQ9UGzLUc0ScesumgW11t_cp6cxGWwVb96bnfGv8lt3GnawjEwchpEGMQjkJRKsgM4L_xpqDzwseUjti8CSDsUZWuIku-Qct7UOnd7PX1e5OhXLclURiq_8VXssuw22t2UxgZzHLL7D0-7XwJ4bVobLrG3unzbiNepAGrAvtyNn1w
2026-07-28T22:51:53-04:00 dcwasof2nexvue01 bash[26664]: Setting pipeline to PAUSED ...
2026-07-28T22:51:53-04:00 dcwasof2nexvue01 bash[26664]: Pipeline is live and does not need PREROLL ...
2026-07-28T22:51:53-04:00 dcwasof2nexvue01 bash[26664]: Got context from element 'vah264enc0': gst.va.display.handle=context, gst-display=(GstObject)"\(GstVaDisplayDrm\)\ vadisplaydrm2", description=(string)"Intel\(R\)\ Gen\ Graphics", path=(string)/dev/dri/renderD128;
2026-07-28T22:51:53-04:00 dcwasof2nexvue01 bash[26664]: Progress: (open) Opening Stream
2026-07-28T22:51:53-04:00 dcwasof2nexvue01 bash[26664]: Progress: (connect) Connecting to rtsp://127.0.0.1:8554/ch5?jwt=eyJhbGciOiJSUzI1NiIsInR5cCI6IkpXVCIsImtpZCI6Ikk4TXU0UzdHbW9BIn0.eyJpYXQiOjE3ODUyOTAxNzAsImV4cCI6MjEwMDY1MDE3MCwiaXNzIjoibmV4dnVlLWVkZ2UiLCJzdWIiOiJuZXh2dWUtZW5jb2RlIiwibWVkaWFtdHhfcGVybWlzc2lvbnMiOlt7ImFjdGlvbiI6InB1Ymxpc2giLCJwYXRoIjoiIn0seyJhY3Rpb24iOiJhcGkifV19.dGbo3znxmuXcs3_azRaYNG80pB1vp-oq7x4cflOpM5QYkUzd8QIhtnHFL9y1IZRQ9Yrm_eop48Fb8PuJU8CS3nhVThA02zuUiLwqFsWDJupZg5IUsTOdymybYfqvifwH8QZj66_uFC83Abjt6JCJhKBSMLqpKWNdAPDUl3elTsQ9UGzLUc0ScesumgW11t_cp6cxGWwVb96bnfGv8lt3GnawjEwchpEGMQjkJRKsgM4L_xpqDzwseUjti8CSDsUZWuIku-Qct7UOnd7PX1e5OhXLclURiq_8VXssuw22t2UxgZzHLL7D0-7XwJ4bVobLrG3unzbiNepAGrAvtyNn1w
2026-07-28T22:51:53-04:00 dcwasof2nexvue01 bash[26664]: Pipeline is PREROLLED ...
2026-07-28T22:51:53-04:00 dcwasof2nexvue01 bash[26664]: Prerolled, waiting for progress to finish...
2026-07-28T22:51:53-04:00 dcwasof2nexvue01 bash[26664]: Progress: (open) Retrieving server options
2026-07-28T22:51:53-04:00 dcwasof2nexvue01 bash[26664]: Progress: (open) Opened Stream
2026-07-28T22:51:53-04:00 dcwasof2nexvue01 bash[26664]: Setting pipeline to PLAYING ...
2026-07-28T22:51:53-04:00 dcwasof2nexvue01 bash[26664]: New clock: GstSystemClock
2026-07-28T22:51:53-04:00 dcwasof2nexvue01 bash[26664]: Progress: (request) Sending RECORD request
2026-07-28T22:51:53-04:00 dcwasof2nexvue01 bash[26664]: WARNING: from element /GstPipeline:pipeline0/GstDecklinkVideoSrc:decklinkvideosrc0: Signal lost
2026-07-28T22:51:53-04:00 dcwasof2nexvue01 bash[26664]: Additional debug info:
2026-07-28T22:51:53-04:00 dcwasof2nexvue01 bash[26664]: ../sys/decklink/gstdecklinkvideosrc.cpp(1283): gst_decklink_video_src_create (): /GstPipeline:pipeline0/GstDecklinkVideoSrc:decklinkvideosrc0:
2026-07-28T22:51:53-04:00 dcwasof2nexvue01 bash[26664]: No input source was detected - video frames invalid
2026-07-28T22:51:53-04:00 dcwasof2nexvue01 bash[26664]: Redistribute latency...
2026-07-28T22:51:53-04:00 dcwasof2nexvue01 bash[26664]: Redistribute latency...
2026-07-28T22:51:53-04:00 dcwasof2nexvue01 bash[26664]: Redistribute latency...
2026-07-28T22:51:53-04:00 dcwasof2nexvue01 bash[26664]: Progress: (record) Sending server stream info
2026-07-28T22:51:53-04:00 dcwasof2nexvue01 bash[26664]: Progress: (request) SETUP stream 1
2026-07-28T22:51:53-04:00 dcwasof2nexvue01 bash[26664]: Redistribute latency...
2026-07-28T22:51:53-04:00 dcwasof2nexvue01 bash[26664]: Redistribute latency...
2026-07-28T22:51:54-04:00 dcwasof2nexvue01 bash[26664]: Progress: (request) SETUP stream 0
2026-07-28T22:51:54-04:00 dcwasof2nexvue01 bash[26664]: Redistribute latency...
2026-07-28T22:51:54-04:00 dcwasof2nexvue01 bash[26664]: Redistribute latency...
2026-07-28T22:51:55-04:00 dcwasof2nexvue01 bash[26664]: Progress: (record) Starting recording
2026-07-28T22:51:55-04:00 dcwasof2nexvue01 bash[26664]: Redistribute latency...
2026-07-28T22:51:55-04:00 dcwasof2nexvue01 bash[26664]: INFO:
2026-07-28T22:51:55-04:00 dcwasof2nexvue01 bash[26664]: ../sys/decklink/gstdecklinkvideosrc.cpp(1300): gst_decklink_video_src_create (): /GstPipeline:pipeline0/GstDecklinkVideoSrc:decklinkvideosrc0:
2026-07-28T22:51:55-04:00 dcwasof2nexvue01 bash[26664]: Input source detected
2026-07-28T22:51:55-04:00 dcwasof2nexvue01 bash[26664]: Redistribute latency...
2026-07-28T22:51:55-04:00 dcwasof2nexvue01 bash[26664]: WARNING: from element /GstPipeline:pipeline0/GstDecklinkVideoSrc:decklinkvideosrc0: Dropped 58 old frames from 0:00:00.138759564 to 0:00:02.072572937
2026-07-28T22:51:55-04:00 dcwasof2nexvue01 bash[26664]: Additional debug info:
2026-07-28T22:51:55-04:00 dcwasof2nexvue01 bash[26664]: ../sys/decklink/gstdecklinkvideosrc.cpp(925): gst_decklink_video_src_got_frame (): /GstPipeline:pipeline0/GstDecklinkVideoSrc:decklinkvideosrc0
2026-07-28T22:51:56-04:00 dcwasof2nexvue01 bash[26664]: Redistribute latency...
2026-07-28T22:51:57-04:00 dcwasof2nexvue01 bash[26664]: Redistribute latency...
