2026-07-28T22:31:46-04:00 dcwasof2nexvue01 systemd[1]: Starting nexvue-encode@7.service - NexVUE encoder channel 7 (DeckLink -> MediaMTX)...
2026-07-28T22:31:46-04:00 dcwasof2nexvue01 systemd[1]: Started nexvue-encode@7.service - NexVUE encoder channel 7 (DeckLink -> MediaMTX).
2026-07-28T22:31:47-04:00 dcwasof2nexvue01 bash[2369978]: [nexvue-encode] starting: device=7 path=ch7 deint=all hi=5000kbps lo=true(700kbps) audio=true layout=51_sap(8ch@384000bps embeds=1,2,3,4,5,6,7,8) captions=true enc=vah264enc
2026-07-28T22:31:47-04:00 dcwasof2nexvue01 bash[2369978]: [nexvue-encode] publishing HI to rtsp://127.0.0.1:8554/ch7?jwt=eyJhbGciOiJSUzI1NiIsInR5cCI6IkpXVCIsImtpZCI6Ikk4TXU0UzdHbW9BIn0.eyJpYXQiOjE3ODUyOTAxNzAsImV4cCI6MjEwMDY1MDE3MCwiaXNzIjoibmV4dnVlLWVkZ2UiLCJzdWIiOiJuZXh2dWUtZW5jb2RlIiwibWVkaWFtdHhfcGVybWlzc2lvbnMiOlt7ImFjdGlvbiI6InB1Ymxpc2giLCJwYXRoIjoiIn0seyJhY3Rpb24iOiJhcGkifV19.dGbo3znxmuXcs3_azRaYNG80pB1vp-oq7x4cflOpM5QYkUzd8QIhtnHFL9y1IZRQ9Yrm_eop48Fb8PuJU8CS3nhVThA02zuUiLwqFsWDJupZg5IUsTOdymybYfqvifwH8QZj66_uFC83Abjt6JCJhKBSMLqpKWNdAPDUl3elTsQ9UGzLUc0ScesumgW11t_cp6cxGWwVb96bnfGv8lt3GnawjEwchpEGMQjkJRKsgM4L_xpqDzwseUjti8CSDsUZWuIku-Qct7UOnd7PX1e5OhXLclURiq_8VXssuw22t2UxgZzHLL7D0-7XwJ4bVobLrG3unzbiNepAGrAvtyNn1w, LO to rtsp://127.0.0.1:8554/ch7lo?jwt=eyJhbGciOiJSUzI1NiIsInR5cCI6IkpXVCIsImtpZCI6Ikk4TXU0UzdHbW9BIn0.eyJpYXQiOjE3ODUyOTAxNzAsImV4cCI6MjEwMDY1MDE3MCwiaXNzIjoibmV4dnVlLWVkZ2UiLCJzdWIiOiJuZXh2dWUtZW5jb2RlIiwibWVkaWFtdHhfcGVybWlzc2lvbnMiOlt7ImFjdGlvbiI6InB1Ymxpc2giLCJwYXRoIjoiIn0seyJhY3Rpb24iOiJhcGkifV19.dGbo3znxmuXcs3_azRaYNG80pB1vp-oq7x4cflOpM5QYkUzd8QIhtnHFL9y1IZRQ9Yrm_eop48Fb8PuJU8CS3nhVThA02zuUiLwqFsWDJupZg5IUsTOdymybYfqvifwH8QZj66_uFC83Abjt6JCJhKBSMLqpKWNdAPDUl3elTsQ9UGzLUc0ScesumgW11t_cp6cxGWwVb96bnfGv8lt3GnawjEwchpEGMQjkJRKsgM4L_xpqDzwseUjti8CSDsUZWuIku-Qct7UOnd7PX1e5OhXLclURiq_8VXssuw22t2UxgZzHLL7D0-7XwJ4bVobLrG3unzbiNepAGrAvtyNn1w
2026-07-28T22:31:47-04:00 dcwasof2nexvue01 bash[2370102]: Setting pipeline to PAUSED ...
2026-07-28T22:31:47-04:00 dcwasof2nexvue01 bash[2370102]: Pipeline is live and does not need PREROLL ...
2026-07-28T22:31:47-04:00 dcwasof2nexvue01 bash[2370102]: Got context from element 'vah264enc1': gst.va.display.handle=context, gst-display=(GstObject)"\(GstVaDisplayDrm\)\ vadisplaydrm2", description=(string)"Intel\(R\)\ Gen\ Graphics", path=(string)/dev/dri/renderD128;
2026-07-28T22:31:47-04:00 dcwasof2nexvue01 bash[2370102]: Progress: (open) Opening Stream
2026-07-28T22:31:47-04:00 dcwasof2nexvue01 bash[2370102]: Progress: (open) Opening Stream
2026-07-28T22:31:47-04:00 dcwasof2nexvue01 bash[2370102]: Progress: (connect) Connecting to rtsp://127.0.0.1:8554/ch7lo?jwt=eyJhbGciOiJSUzI1NiIsInR5cCI6IkpXVCIsImtpZCI6Ikk4TXU0UzdHbW9BIn0.eyJpYXQiOjE3ODUyOTAxNzAsImV4cCI6MjEwMDY1MDE3MCwiaXNzIjoibmV4dnVlLWVkZ2UiLCJzdWIiOiJuZXh2dWUtZW5jb2RlIiwibWVkaWFtdHhfcGVybWlzc2lvbnMiOlt7ImFjdGlvbiI6InB1Ymxpc2giLCJwYXRoIjoiIn0seyJhY3Rpb24iOiJhcGkifV19.dGbo3znxmuXcs3_azRaYNG80pB1vp-oq7x4cflOpM5QYkUzd8QIhtnHFL9y1IZRQ9Yrm_eop48Fb8PuJU8CS3nhVThA02zuUiLwqFsWDJupZg5IUsTOdymybYfqvifwH8QZj66_uFC83Abjt6JCJhKBSMLqpKWNdAPDUl3elTsQ9UGzLUc0ScesumgW11t_cp6cxGWwVb96bnfGv8lt3GnawjEwchpEGMQjkJRKsgM4L_xpqDzwseUjti8CSDsUZWuIku-Qct7UOnd7PX1e5OhXLclURiq_8VXssuw22t2UxgZzHLL7D0-7XwJ4bVobLrG3unzbiNepAGrAvtyNn1w
2026-07-28T22:31:47-04:00 dcwasof2nexvue01 bash[2370102]: Progress: (connect) Connecting to rtsp://127.0.0.1:8554/ch7?jwt=eyJhbGciOiJSUzI1NiIsInR5cCI6IkpXVCIsImtpZCI6Ikk4TXU0UzdHbW9BIn0.eyJpYXQiOjE3ODUyOTAxNzAsImV4cCI6MjEwMDY1MDE3MCwiaXNzIjoibmV4dnVlLWVkZ2UiLCJzdWIiOiJuZXh2dWUtZW5jb2RlIiwibWVkaWFtdHhfcGVybWlzc2lvbnMiOlt7ImFjdGlvbiI6InB1Ymxpc2giLCJwYXRoIjoiIn0seyJhY3Rpb24iOiJhcGkifV19.dGbo3znxmuXcs3_azRaYNG80pB1vp-oq7x4cflOpM5QYkUzd8QIhtnHFL9y1IZRQ9Yrm_eop48Fb8PuJU8CS3nhVThA02zuUiLwqFsWDJupZg5IUsTOdymybYfqvifwH8QZj66_uFC83Abjt6JCJhKBSMLqpKWNdAPDUl3elTsQ9UGzLUc0ScesumgW11t_cp6cxGWwVb96bnfGv8lt3GnawjEwchpEGMQjkJRKsgM4L_xpqDzwseUjti8CSDsUZWuIku-Qct7UOnd7PX1e5OhXLclURiq_8VXssuw22t2UxgZzHLL7D0-7XwJ4bVobLrG3unzbiNepAGrAvtyNn1w
2026-07-28T22:31:47-04:00 dcwasof2nexvue01 bash[2370102]: Pipeline is PREROLLED ...
2026-07-28T22:31:47-04:00 dcwasof2nexvue01 bash[2370102]: Prerolled, waiting for progress to finish...
2026-07-28T22:31:47-04:00 dcwasof2nexvue01 bash[2370102]: Progress: (open) Retrieving server options
2026-07-28T22:31:47-04:00 dcwasof2nexvue01 bash[2370102]: Progress: (open) Opened Stream
2026-07-28T22:31:47-04:00 dcwasof2nexvue01 bash[2370102]: Setting pipeline to PLAYING ...
2026-07-28T22:31:47-04:00 dcwasof2nexvue01 bash[2370102]: New clock: GstSystemClock
2026-07-28T22:31:47-04:00 dcwasof2nexvue01 bash[2370102]: Progress: (request) Sending RECORD request
2026-07-28T22:31:47-04:00 dcwasof2nexvue01 bash[2370102]: Progress: (request) Sending RECORD request
2026-07-28T22:31:47-04:00 dcwasof2nexvue01 bash[2370102]: Progress: (open) Retrieving server options
2026-07-28T22:31:47-04:00 dcwasof2nexvue01 bash[2370102]: Progress: (open) Opened Stream
2026-07-28T22:31:47-04:00 dcwasof2nexvue01 bash[2370102]: WARNING: from element /GstPipeline:pipeline0/GstDecklinkVideoSrc:decklinkvideosrc0: Signal lost
2026-07-28T22:31:47-04:00 dcwasof2nexvue01 bash[2370102]: Additional debug info:
2026-07-28T22:31:47-04:00 dcwasof2nexvue01 bash[2370102]: ../sys/decklink/gstdecklinkvideosrc.cpp(1283): gst_decklink_video_src_create (): /GstPipeline:pipeline0/GstDecklinkVideoSrc:decklinkvideosrc0:
2026-07-28T22:31:47-04:00 dcwasof2nexvue01 bash[2370102]: No input source was detected - video frames invalid
2026-07-28T22:31:47-04:00 dcwasof2nexvue01 bash[2370102]: Redistribute latency...
2026-07-28T22:31:47-04:00 dcwasof2nexvue01 bash[2370102]: Redistribute latency...
2026-07-28T22:31:47-04:00 dcwasof2nexvue01 bash[2370102]: Redistribute latency...
2026-07-28T22:31:47-04:00 dcwasof2nexvue01 bash[2370102]: Progress: (record) Sending server stream info
2026-07-28T22:31:47-04:00 dcwasof2nexvue01 bash[2370102]: Progress: (request) SETUP stream 1
2026-07-28T22:31:47-04:00 dcwasof2nexvue01 bash[2370102]: Redistribute latency...
2026-07-28T22:31:47-04:00 dcwasof2nexvue01 bash[2370102]: Redistribute latency...
2026-07-28T22:31:47-04:00 dcwasof2nexvue01 bash[2370102]: Redistribute latency...
2026-07-28T22:31:47-04:00 dcwasof2nexvue01 bash[2370102]: Progress: (record) Sending server stream info
2026-07-28T22:31:47-04:00 dcwasof2nexvue01 bash[2370102]: Progress: (request) SETUP stream 1
2026-07-28T22:31:47-04:00 dcwasof2nexvue01 bash[2370102]: Redistribute latency...
2026-07-28T22:31:47-04:00 dcwasof2nexvue01 bash[2370102]: Redistribute latency...
2026-07-28T22:31:48-04:00 dcwasof2nexvue01 bash[2370102]: INFO:
2026-07-28T22:31:48-04:00 dcwasof2nexvue01 bash[2370102]: ../sys/decklink/gstdecklinkvideosrc.cpp(1300): gst_decklink_video_src_create (): /GstPipeline:pipeline0/GstDecklinkVideoSrc:decklinkvideosrc0:
2026-07-28T22:31:48-04:00 dcwasof2nexvue01 bash[2370102]: Input source detected
2026-07-28T22:31:48-04:00 dcwasof2nexvue01 bash[2370102]: Redistribute latency...
2026-07-28T22:31:48-04:00 dcwasof2nexvue01 bash[2370102]: Progress: (request) SETUP stream 0
2026-07-28T22:31:48-04:00 dcwasof2nexvue01 bash[2370102]: Redistribute latency...
2026-07-28T22:31:48-04:00 dcwasof2nexvue01 bash[2370102]: Redistribute latency...
2026-07-28T22:31:48-04:00 dcwasof2nexvue01 bash[2370102]: Progress: (request) SETUP stream 0
2026-07-28T22:31:48-04:00 dcwasof2nexvue01 bash[2370102]: Redistribute latency...
2026-07-28T22:31:48-04:00 dcwasof2nexvue01 bash[2370102]: Redistribute latency...
2026-07-28T22:31:49-04:00 dcwasof2nexvue01 bash[2370102]: Progress: (record) Starting recording
2026-07-28T22:31:49-04:00 dcwasof2nexvue01 bash[2370102]: Redistribute latency...
2026-07-28T22:31:49-04:00 dcwasof2nexvue01 bash[2370102]: Progress: (record) Starting recording
2026-07-28T22:31:49-04:00 dcwasof2nexvue01 bash[2370102]: Redistribute latency...
2026-07-28T22:31:49-04:00 dcwasof2nexvue01 bash[2370102]: WARNING: from element /GstPipeline:pipeline0/GstDecklinkVideoSrc:decklinkvideosrc0: Dropped 33 old frames from 0:00:01.167304231 to 0:00:02.235037564
2026-07-28T22:31:49-04:00 dcwasof2nexvue01 bash[2370102]: Additional debug info:
2026-07-28T22:31:49-04:00 dcwasof2nexvue01 bash[2370102]: ../sys/decklink/gstdecklinkvideosrc.cpp(925): gst_decklink_video_src_got_frame (): /GstPipeline:pipeline0/GstDecklinkVideoSrc:decklinkvideosrc0
2026-07-28T22:31:51-04:00 dcwasof2nexvue01 bash[2370102]: Redistribute latency...
2026-07-28T22:31:51-04:00 dcwasof2nexvue01 bash[2370102]: Redistribute latency...
2026-07-28T22:31:51-04:00 dcwasof2nexvue01 bash[2370102]: Redistribute latency...
2026-07-28T22:31:52-04:00 dcwasof2nexvue01 bash[2370102]: Redistribute latency...
2026-07-28T22:34:39-04:00 dcwasof2nexvue01 systemd[1]: Stopping nexvue-encode@7.service - NexVUE encoder channel 7 (DeckLink -> MediaMTX)...
2026-07-28T22:34:39-04:00 dcwasof2nexvue01 bash[2369978]: Terminated
2026-07-28T22:34:39-04:00 dcwasof2nexvue01 systemd[1]: nexvue-encode@7.service: Main process exited, code=exited, status=143/n/a
2026-07-28T22:34:39-04:00 dcwasof2nexvue01 systemd[1]: nexvue-encode@7.service: Failed with result 'exit-code'.
2026-07-28T22:34:39-04:00 dcwasof2nexvue01 systemd[1]: Stopped nexvue-encode@7.service - NexVUE encoder channel 7 (DeckLink -> MediaMTX).
2026-07-28T22:34:39-04:00 dcwasof2nexvue01 systemd[1]: nexvue-encode@7.service: Consumed 2min 18.530s CPU time.
-- Boot 7dc65741f33b4e2ba2f12ad984e68e0d --
2026-07-28T22:35:00-04:00 dcwasof2nexvue01 systemd[1]: Starting nexvue-encode@7.service - NexVUE encoder channel 7 (DeckLink -> MediaMTX)...
2026-07-28T22:35:00-04:00 dcwasof2nexvue01 systemd[1]: Started nexvue-encode@7.service - NexVUE encoder channel 7 (DeckLink -> MediaMTX).
2026-07-28T22:35:01-04:00 dcwasof2nexvue01 bash[2098]: [nexvue-encode] starting: device=7 path=ch7 deint=all hi=5000kbps lo=true(700kbps) audio=true layout=51_sap(8ch@384000bps embeds=1,2,3,4,5,6,7,8) captions=true enc=vah264enc
2026-07-28T22:35:01-04:00 dcwasof2nexvue01 bash[2098]: [nexvue-encode] publishing HI to rtsp://127.0.0.1:8554/ch7?jwt=eyJhbGciOiJSUzI1NiIsInR5cCI6IkpXVCIsImtpZCI6Ikk4TXU0UzdHbW9BIn0.eyJpYXQiOjE3ODUyOTAxNzAsImV4cCI6MjEwMDY1MDE3MCwiaXNzIjoibmV4dnVlLWVkZ2UiLCJzdWIiOiJuZXh2dWUtZW5jb2RlIiwibWVkaWFtdHhfcGVybWlzc2lvbnMiOlt7ImFjdGlvbiI6InB1Ymxpc2giLCJwYXRoIjoiIn0seyJhY3Rpb24iOiJhcGkifV19.dGbo3znxmuXcs3_azRaYNG80pB1vp-oq7x4cflOpM5QYkUzd8QIhtnHFL9y1IZRQ9Yrm_eop48Fb8PuJU8CS3nhVThA02zuUiLwqFsWDJupZg5IUsTOdymybYfqvifwH8QZj66_uFC83Abjt6JCJhKBSMLqpKWNdAPDUl3elTsQ9UGzLUc0ScesumgW11t_cp6cxGWwVb96bnfGv8lt3GnawjEwchpEGMQjkJRKsgM4L_xpqDzwseUjti8CSDsUZWuIku-Qct7UOnd7PX1e5OhXLclURiq_8VXssuw22t2UxgZzHLL7D0-7XwJ4bVobLrG3unzbiNepAGrAvtyNn1w, LO to rtsp://127.0.0.1:8554/ch7lo?jwt=eyJhbGciOiJSUzI1NiIsInR5cCI6IkpXVCIsImtpZCI6Ikk4TXU0UzdHbW9BIn0.eyJpYXQiOjE3ODUyOTAxNzAsImV4cCI6MjEwMDY1MDE3MCwiaXNzIjoibmV4dnVlLWVkZ2UiLCJzdWIiOiJuZXh2dWUtZW5jb2RlIiwibWVkaWFtdHhfcGVybWlzc2lvbnMiOlt7ImFjdGlvbiI6InB1Ymxpc2giLCJwYXRoIjoiIn0seyJhY3Rpb24iOiJhcGkifV19.dGbo3znxmuXcs3_azRaYNG80pB1vp-oq7x4cflOpM5QYkUzd8QIhtnHFL9y1IZRQ9Yrm_eop48Fb8PuJU8CS3nhVThA02zuUiLwqFsWDJupZg5IUsTOdymybYfqvifwH8QZj66_uFC83Abjt6JCJhKBSMLqpKWNdAPDUl3elTsQ9UGzLUc0ScesumgW11t_cp6cxGWwVb96bnfGv8lt3GnawjEwchpEGMQjkJRKsgM4L_xpqDzwseUjti8CSDsUZWuIku-Qct7UOnd7PX1e5OhXLclURiq_8VXssuw22t2UxgZzHLL7D0-7XwJ4bVobLrG3unzbiNepAGrAvtyNn1w
2026-07-28T22:35:01-04:00 dcwasof2nexvue01 bash[2615]: Setting pipeline to PAUSED ...
2026-07-28T22:35:01-04:00 dcwasof2nexvue01 bash[2615]: Pipeline is live and does not need PREROLL ...
2026-07-28T22:35:01-04:00 dcwasof2nexvue01 bash[2615]: Got context from element 'vah264enc1': gst.va.display.handle=context, gst-display=(GstObject)"\(GstVaDisplayDrm\)\ vadisplaydrm2", description=(string)"Intel\(R\)\ Gen\ Graphics", path=(string)/dev/dri/renderD128;
2026-07-28T22:35:01-04:00 dcwasof2nexvue01 bash[2615]: Progress: (open) Opening Stream
2026-07-28T22:35:01-04:00 dcwasof2nexvue01 bash[2615]: Progress: (open) Opening Stream
2026-07-28T22:35:01-04:00 dcwasof2nexvue01 bash[2615]: Progress: (connect) Connecting to rtsp://127.0.0.1:8554/ch7lo?jwt=eyJhbGciOiJSUzI1NiIsInR5cCI6IkpXVCIsImtpZCI6Ikk4TXU0UzdHbW9BIn0.eyJpYXQiOjE3ODUyOTAxNzAsImV4cCI6MjEwMDY1MDE3MCwiaXNzIjoibmV4dnVlLWVkZ2UiLCJzdWIiOiJuZXh2dWUtZW5jb2RlIiwibWVkaWFtdHhfcGVybWlzc2lvbnMiOlt7ImFjdGlvbiI6InB1Ymxpc2giLCJwYXRoIjoiIn0seyJhY3Rpb24iOiJhcGkifV19.dGbo3znxmuXcs3_azRaYNG80pB1vp-oq7x4cflOpM5QYkUzd8QIhtnHFL9y1IZRQ9Yrm_eop48Fb8PuJU8CS3nhVThA02zuUiLwqFsWDJupZg5IUsTOdymybYfqvifwH8QZj66_uFC83Abjt6JCJhKBSMLqpKWNdAPDUl3elTsQ9UGzLUc0ScesumgW11t_cp6cxGWwVb96bnfGv8lt3GnawjEwchpEGMQjkJRKsgM4L_xpqDzwseUjti8CSDsUZWuIku-Qct7UOnd7PX1e5OhXLclURiq_8VXssuw22t2UxgZzHLL7D0-7XwJ4bVobLrG3unzbiNepAGrAvtyNn1w
2026-07-28T22:35:01-04:00 dcwasof2nexvue01 bash[2615]: Progress: (connect) Connecting to rtsp://127.0.0.1:8554/ch7?jwt=eyJhbGciOiJSUzI1NiIsInR5cCI6IkpXVCIsImtpZCI6Ikk4TXU0UzdHbW9BIn0.eyJpYXQiOjE3ODUyOTAxNzAsImV4cCI6MjEwMDY1MDE3MCwiaXNzIjoibmV4dnVlLWVkZ2UiLCJzdWIiOiJuZXh2dWUtZW5jb2RlIiwibWVkaWFtdHhfcGVybWlzc2lvbnMiOlt7ImFjdGlvbiI6InB1Ymxpc2giLCJwYXRoIjoiIn0seyJhY3Rpb24iOiJhcGkifV19.dGbo3znxmuXcs3_azRaYNG80pB1vp-oq7x4cflOpM5QYkUzd8QIhtnHFL9y1IZRQ9Yrm_eop48Fb8PuJU8CS3nhVThA02zuUiLwqFsWDJupZg5IUsTOdymybYfqvifwH8QZj66_uFC83Abjt6JCJhKBSMLqpKWNdAPDUl3elTsQ9UGzLUc0ScesumgW11t_cp6cxGWwVb96bnfGv8lt3GnawjEwchpEGMQjkJRKsgM4L_xpqDzwseUjti8CSDsUZWuIku-Qct7UOnd7PX1e5OhXLclURiq_8VXssuw22t2UxgZzHLL7D0-7XwJ4bVobLrG3unzbiNepAGrAvtyNn1w
2026-07-28T22:35:01-04:00 dcwasof2nexvue01 bash[2615]: Pipeline is PREROLLED ...
2026-07-28T22:35:01-04:00 dcwasof2nexvue01 bash[2615]: Prerolled, waiting for progress to finish...
2026-07-28T22:35:01-04:00 dcwasof2nexvue01 bash[2615]: Progress: (open) Retrieving server options
2026-07-28T22:35:01-04:00 dcwasof2nexvue01 bash[2615]: Progress: (open) Retrieving server options
2026-07-28T22:35:01-04:00 dcwasof2nexvue01 bash[2615]: Progress: (open) Opened Stream
2026-07-28T22:35:01-04:00 dcwasof2nexvue01 bash[2615]: Setting pipeline to PLAYING ...
2026-07-28T22:35:01-04:00 dcwasof2nexvue01 bash[2615]: Progress: (open) Opened Stream
2026-07-28T22:35:01-04:00 dcwasof2nexvue01 bash[2615]: New clock: GstSystemClock
2026-07-28T22:35:01-04:00 dcwasof2nexvue01 bash[2615]: Progress: (request) Sending RECORD request
2026-07-28T22:35:01-04:00 dcwasof2nexvue01 bash[2615]: Progress: (request) Sending RECORD request
2026-07-28T22:35:01-04:00 dcwasof2nexvue01 bash[2615]: WARNING: from element /GstPipeline:pipeline0/GstDecklinkVideoSrc:decklinkvideosrc0: Signal lost
2026-07-28T22:35:01-04:00 dcwasof2nexvue01 bash[2615]: Additional debug info:
2026-07-28T22:35:01-04:00 dcwasof2nexvue01 bash[2615]: ../sys/decklink/gstdecklinkvideosrc.cpp(1283): gst_decklink_video_src_create (): /GstPipeline:pipeline0/GstDecklinkVideoSrc:decklinkvideosrc0:
2026-07-28T22:35:01-04:00 dcwasof2nexvue01 bash[2615]: No input source was detected - video frames invalid
2026-07-28T22:35:01-04:00 dcwasof2nexvue01 bash[2615]: Redistribute latency...
2026-07-28T22:35:01-04:00 dcwasof2nexvue01 bash[2615]: Redistribute latency...
2026-07-28T22:35:01-04:00 dcwasof2nexvue01 bash[2615]: Redistribute latency...
2026-07-28T22:35:01-04:00 dcwasof2nexvue01 bash[2615]: Progress: (record) Sending server stream info
2026-07-28T22:35:01-04:00 dcwasof2nexvue01 bash[2615]: Redistribute latency...
2026-07-28T22:35:01-04:00 dcwasof2nexvue01 bash[2615]: Progress: (request) SETUP stream 1
2026-07-28T22:35:01-04:00 dcwasof2nexvue01 bash[2615]: Progress: (record) Sending server stream info
2026-07-28T22:35:01-04:00 dcwasof2nexvue01 bash[2615]: Progress: (request) SETUP stream 1
2026-07-28T22:35:01-04:00 dcwasof2nexvue01 bash[2615]: Redistribute latency...
2026-07-28T22:35:01-04:00 dcwasof2nexvue01 bash[2615]: Redistribute latency...
2026-07-28T22:35:01-04:00 dcwasof2nexvue01 bash[2615]: Redistribute latency...
2026-07-28T22:35:01-04:00 dcwasof2nexvue01 bash[2615]: Redistribute latency...
2026-07-28T22:35:02-04:00 dcwasof2nexvue01 bash[2615]: INFO:
2026-07-28T22:35:02-04:00 dcwasof2nexvue01 bash[2615]: ../sys/decklink/gstdecklinkvideosrc.cpp(1300): gst_decklink_video_src_create (): /GstPipeline:pipeline0/GstDecklinkVideoSrc:decklinkvideosrc0:
2026-07-28T22:35:02-04:00 dcwasof2nexvue01 bash[2615]: Input source detected
2026-07-28T22:35:02-04:00 dcwasof2nexvue01 bash[2615]: Redistribute latency...
2026-07-28T22:35:02-04:00 dcwasof2nexvue01 bash[2615]: Progress: (request) SETUP stream 0
2026-07-28T22:35:02-04:00 dcwasof2nexvue01 bash[2615]: Progress: (request) SETUP stream 0
2026-07-28T22:35:02-04:00 dcwasof2nexvue01 bash[2615]: Redistribute latency...
2026-07-28T22:35:02-04:00 dcwasof2nexvue01 bash[2615]: Redistribute latency...
2026-07-28T22:35:02-04:00 dcwasof2nexvue01 bash[2615]: Redistribute latency...
2026-07-28T22:35:02-04:00 dcwasof2nexvue01 bash[2615]: Redistribute latency...
2026-07-28T22:35:03-04:00 dcwasof2nexvue01 bash[2615]: Progress: (record) Starting recording
2026-07-28T22:35:03-04:00 dcwasof2nexvue01 bash[2615]: Progress: (record) Starting recording
2026-07-28T22:35:03-04:00 dcwasof2nexvue01 bash[2615]: Redistribute latency...
2026-07-28T22:35:03-04:00 dcwasof2nexvue01 bash[2615]: Redistribute latency...
2026-07-28T22:35:04-04:00 dcwasof2nexvue01 bash[2615]: WARNING: from element /GstPipeline:pipeline0/GstDecklinkVideoSrc:decklinkvideosrc0: Dropped 37 old frames from 0:00:01.187354907 to 0:00:02.388554907
2026-07-28T22:35:04-04:00 dcwasof2nexvue01 bash[2615]: Additional debug info:
2026-07-28T22:35:04-04:00 dcwasof2nexvue01 bash[2615]: ../sys/decklink/gstdecklinkvideosrc.cpp(925): gst_decklink_video_src_got_frame (): /GstPipeline:pipeline0/GstDecklinkVideoSrc:decklinkvideosrc0
2026-07-28T22:35:05-04:00 dcwasof2nexvue01 bash[2615]: Redistribute latency...
2026-07-28T22:35:05-04:00 dcwasof2nexvue01 bash[2615]: Redistribute latency...
2026-07-28T22:35:06-04:00 dcwasof2nexvue01 bash[2615]: Redistribute latency...
2026-07-28T22:35:06-04:00 dcwasof2nexvue01 bash[2615]: Redistribute latency...
2026-07-28T22:37:28-04:00 dcwasof2nexvue01 systemd[1]: Stopping nexvue-encode@7.service - NexVUE encoder channel 7 (DeckLink -> MediaMTX)...
2026-07-28T22:37:28-04:00 dcwasof2nexvue01 bash[2098]: Terminated
2026-07-28T22:37:28-04:00 dcwasof2nexvue01 systemd[1]: nexvue-encode@7.service: Main process exited, code=exited, status=143/n/a
2026-07-28T22:37:28-04:00 dcwasof2nexvue01 systemd[1]: nexvue-encode@7.service: Failed with result 'exit-code'.
2026-07-28T22:37:28-04:00 dcwasof2nexvue01 systemd[1]: Stopped nexvue-encode@7.service - NexVUE encoder channel 7 (DeckLink -> MediaMTX).
2026-07-28T22:37:28-04:00 dcwasof2nexvue01 systemd[1]: nexvue-encode@7.service: Consumed 1min 54.649s CPU time.
2026-07-28T22:37:28-04:00 dcwasof2nexvue01 systemd[1]: Starting nexvue-encode@7.service - NexVUE encoder channel 7 (DeckLink -> MediaMTX)...
2026-07-28T22:37:28-04:00 dcwasof2nexvue01 systemd[1]: Started nexvue-encode@7.service - NexVUE encoder channel 7 (DeckLink -> MediaMTX).
2026-07-28T22:37:29-04:00 dcwasof2nexvue01 bash[6128]: [nexvue-encode] starting: device=7 path=ch7 deint=all hi=5000kbps lo=false(1200kbps) audio=true layout=51_sap(8ch@384000bps embeds=1,2,3,4,5,6,7,8) captions=true enc=vah264enc
2026-07-28T22:37:29-04:00 dcwasof2nexvue01 bash[6128]: [nexvue-encode] publishing HI to rtsp://127.0.0.1:8554/ch7?jwt=eyJhbGciOiJSUzI1NiIsInR5cCI6IkpXVCIsImtpZCI6Ikk4TXU0UzdHbW9BIn0.eyJpYXQiOjE3ODUyOTAxNzAsImV4cCI6MjEwMDY1MDE3MCwiaXNzIjoibmV4dnVlLWVkZ2UiLCJzdWIiOiJuZXh2dWUtZW5jb2RlIiwibWVkaWFtdHhfcGVybWlzc2lvbnMiOlt7ImFjdGlvbiI6InB1Ymxpc2giLCJwYXRoIjoiIn0seyJhY3Rpb24iOiJhcGkifV19.dGbo3znxmuXcs3_azRaYNG80pB1vp-oq7x4cflOpM5QYkUzd8QIhtnHFL9y1IZRQ9Yrm_eop48Fb8PuJU8CS3nhVThA02zuUiLwqFsWDJupZg5IUsTOdymybYfqvifwH8QZj66_uFC83Abjt6JCJhKBSMLqpKWNdAPDUl3elTsQ9UGzLUc0ScesumgW11t_cp6cxGWwVb96bnfGv8lt3GnawjEwchpEGMQjkJRKsgM4L_xpqDzwseUjti8CSDsUZWuIku-Qct7UOnd7PX1e5OhXLclURiq_8VXssuw22t2UxgZzHLL7D0-7XwJ4bVobLrG3unzbiNepAGrAvtyNn1w
2026-07-28T22:37:29-04:00 dcwasof2nexvue01 bash[6269]: Setting pipeline to PAUSED ...
2026-07-28T22:37:29-04:00 dcwasof2nexvue01 bash[6269]: Pipeline is live and does not need PREROLL ...
2026-07-28T22:37:29-04:00 dcwasof2nexvue01 bash[6269]: Got context from element 'vah264enc0': gst.va.display.handle=context, gst-display=(GstObject)"\(GstVaDisplayDrm\)\ vadisplaydrm2", description=(string)"Intel\(R\)\ Gen\ Graphics", path=(string)/dev/dri/renderD128;
2026-07-28T22:37:29-04:00 dcwasof2nexvue01 bash[6269]: Progress: (open) Opening Stream
2026-07-28T22:37:29-04:00 dcwasof2nexvue01 bash[6269]: Progress: (connect) Connecting to rtsp://127.0.0.1:8554/ch7?jwt=eyJhbGciOiJSUzI1NiIsInR5cCI6IkpXVCIsImtpZCI6Ikk4TXU0UzdHbW9BIn0.eyJpYXQiOjE3ODUyOTAxNzAsImV4cCI6MjEwMDY1MDE3MCwiaXNzIjoibmV4dnVlLWVkZ2UiLCJzdWIiOiJuZXh2dWUtZW5jb2RlIiwibWVkaWFtdHhfcGVybWlzc2lvbnMiOlt7ImFjdGlvbiI6InB1Ymxpc2giLCJwYXRoIjoiIn0seyJhY3Rpb24iOiJhcGkifV19.dGbo3znxmuXcs3_azRaYNG80pB1vp-oq7x4cflOpM5QYkUzd8QIhtnHFL9y1IZRQ9Yrm_eop48Fb8PuJU8CS3nhVThA02zuUiLwqFsWDJupZg5IUsTOdymybYfqvifwH8QZj66_uFC83Abjt6JCJhKBSMLqpKWNdAPDUl3elTsQ9UGzLUc0ScesumgW11t_cp6cxGWwVb96bnfGv8lt3GnawjEwchpEGMQjkJRKsgM4L_xpqDzwseUjti8CSDsUZWuIku-Qct7UOnd7PX1e5OhXLclURiq_8VXssuw22t2UxgZzHLL7D0-7XwJ4bVobLrG3unzbiNepAGrAvtyNn1w
2026-07-28T22:37:29-04:00 dcwasof2nexvue01 bash[6269]: Pipeline is PREROLLED ...
2026-07-28T22:37:29-04:00 dcwasof2nexvue01 bash[6269]: Prerolled, waiting for progress to finish...
2026-07-28T22:37:29-04:00 dcwasof2nexvue01 bash[6269]: Progress: (open) Retrieving server options
2026-07-28T22:37:29-04:00 dcwasof2nexvue01 bash[6269]: Progress: (open) Opened Stream
2026-07-28T22:37:29-04:00 dcwasof2nexvue01 bash[6269]: Setting pipeline to PLAYING ...
2026-07-28T22:37:29-04:00 dcwasof2nexvue01 bash[6269]: New clock: GstSystemClock
2026-07-28T22:37:29-04:00 dcwasof2nexvue01 bash[6269]: Progress: (request) Sending RECORD request
2026-07-28T22:37:29-04:00 dcwasof2nexvue01 bash[6269]: WARNING: from element /GstPipeline:pipeline0/GstDecklinkVideoSrc:decklinkvideosrc0: Signal lost
2026-07-28T22:37:29-04:00 dcwasof2nexvue01 bash[6269]: Additional debug info:
2026-07-28T22:37:29-04:00 dcwasof2nexvue01 bash[6269]: ../sys/decklink/gstdecklinkvideosrc.cpp(1283): gst_decklink_video_src_create (): /GstPipeline:pipeline0/GstDecklinkVideoSrc:decklinkvideosrc0:
2026-07-28T22:37:29-04:00 dcwasof2nexvue01 bash[6269]: No input source was detected - video frames invalid
2026-07-28T22:37:29-04:00 dcwasof2nexvue01 bash[6269]: Redistribute latency...
2026-07-28T22:37:29-04:00 dcwasof2nexvue01 bash[6269]: Redistribute latency...
2026-07-28T22:37:29-04:00 dcwasof2nexvue01 bash[6269]: Redistribute latency...
2026-07-28T22:37:29-04:00 dcwasof2nexvue01 bash[6269]: Progress: (record) Sending server stream info
2026-07-28T22:37:29-04:00 dcwasof2nexvue01 bash[6269]: Progress: (request) SETUP stream 1
2026-07-28T22:37:29-04:00 dcwasof2nexvue01 bash[6269]: Redistribute latency...
2026-07-28T22:37:29-04:00 dcwasof2nexvue01 bash[6269]: Redistribute latency...
2026-07-28T22:37:30-04:00 dcwasof2nexvue01 bash[6269]: Progress: (request) SETUP stream 0
2026-07-28T22:37:30-04:00 dcwasof2nexvue01 bash[6269]: Redistribute latency...
2026-07-28T22:37:30-04:00 dcwasof2nexvue01 bash[6269]: Redistribute latency...
2026-07-28T22:37:31-04:00 dcwasof2nexvue01 bash[6269]: Progress: (record) Starting recording
2026-07-28T22:37:31-04:00 dcwasof2nexvue01 bash[6269]: Redistribute latency...
2026-07-28T22:37:31-04:00 dcwasof2nexvue01 bash[6269]: INFO:
2026-07-28T22:37:31-04:00 dcwasof2nexvue01 bash[6269]: ../sys/decklink/gstdecklinkvideosrc.cpp(1300): gst_decklink_video_src_create (): /GstPipeline:pipeline0/GstDecklinkVideoSrc:decklinkvideosrc0:
2026-07-28T22:37:31-04:00 dcwasof2nexvue01 bash[6269]: Input source detected
2026-07-28T22:37:31-04:00 dcwasof2nexvue01 bash[6269]: Redistribute latency...
2026-07-28T22:37:31-04:00 dcwasof2nexvue01 bash[6269]: WARNING: from element /GstPipeline:pipeline0/GstDecklinkVideoSrc:decklinkvideosrc0: Dropped 58 old frames from 0:00:00.124307969 to 0:00:02.049301971
2026-07-28T22:37:31-04:00 dcwasof2nexvue01 bash[6269]: Additional debug info:
2026-07-28T22:37:31-04:00 dcwasof2nexvue01 bash[6269]: ../sys/decklink/gstdecklinkvideosrc.cpp(925): gst_decklink_video_src_got_frame (): /GstPipeline:pipeline0/GstDecklinkVideoSrc:decklinkvideosrc0
2026-07-28T22:37:32-04:00 dcwasof2nexvue01 bash[6269]: Redistribute latency...
2026-07-28T22:37:33-04:00 dcwasof2nexvue01 bash[6269]: Redistribute latency...
2026-07-28T22:39:49-04:00 dcwasof2nexvue01 systemd[1]: Stopping nexvue-encode@7.service - NexVUE encoder channel 7 (DeckLink -> MediaMTX)...
2026-07-28T22:39:49-04:00 dcwasof2nexvue01 bash[6128]: Terminated
2026-07-28T22:39:49-04:00 dcwasof2nexvue01 systemd[1]: nexvue-encode@7.service: Main process exited, code=exited, status=143/n/a
2026-07-28T22:39:49-04:00 dcwasof2nexvue01 systemd[1]: nexvue-encode@7.service: Failed with result 'exit-code'.
2026-07-28T22:39:49-04:00 dcwasof2nexvue01 systemd[1]: Stopped nexvue-encode@7.service - NexVUE encoder channel 7 (DeckLink -> MediaMTX).
2026-07-28T22:39:49-04:00 dcwasof2nexvue01 systemd[1]: nexvue-encode@7.service: Consumed 1min 1.578s CPU time.
2026-07-28T22:51:57-04:00 dcwasof2nexvue01 systemd[1]: Starting nexvue-encode@7.service - NexVUE encoder channel 7 (DeckLink -> MediaMTX)...
2026-07-28T22:51:57-04:00 dcwasof2nexvue01 systemd[1]: Started nexvue-encode@7.service - NexVUE encoder channel 7 (DeckLink -> MediaMTX).
2026-07-28T22:51:57-04:00 dcwasof2nexvue01 bash[27082]: [nexvue-encode] starting: device=7 path=ch7 deint=all hi=5000kbps lo=false(1200kbps) audio=true layout=51_sap(8ch@384000bps embeds=1,2,3,4,5,6,7,8) captions=true enc=vah264enc
2026-07-28T22:51:57-04:00 dcwasof2nexvue01 bash[27082]: [nexvue-encode] publishing HI to rtsp://127.0.0.1:8554/ch7?jwt=eyJhbGciOiJSUzI1NiIsInR5cCI6IkpXVCIsImtpZCI6Ikk4TXU0UzdHbW9BIn0.eyJpYXQiOjE3ODUyOTAxNzAsImV4cCI6MjEwMDY1MDE3MCwiaXNzIjoibmV4dnVlLWVkZ2UiLCJzdWIiOiJuZXh2dWUtZW5jb2RlIiwibWVkaWFtdHhfcGVybWlzc2lvbnMiOlt7ImFjdGlvbiI6InB1Ymxpc2giLCJwYXRoIjoiIn0seyJhY3Rpb24iOiJhcGkifV19.dGbo3znxmuXcs3_azRaYNG80pB1vp-oq7x4cflOpM5QYkUzd8QIhtnHFL9y1IZRQ9Yrm_eop48Fb8PuJU8CS3nhVThA02zuUiLwqFsWDJupZg5IUsTOdymybYfqvifwH8QZj66_uFC83Abjt6JCJhKBSMLqpKWNdAPDUl3elTsQ9UGzLUc0ScesumgW11t_cp6cxGWwVb96bnfGv8lt3GnawjEwchpEGMQjkJRKsgM4L_xpqDzwseUjti8CSDsUZWuIku-Qct7UOnd7PX1e5OhXLclURiq_8VXssuw22t2UxgZzHLL7D0-7XwJ4bVobLrG3unzbiNepAGrAvtyNn1w
2026-07-28T22:51:57-04:00 dcwasof2nexvue01 bash[27210]: Setting pipeline to PAUSED ...
2026-07-28T22:51:57-04:00 dcwasof2nexvue01 bash[27210]: Pipeline is live and does not need PREROLL ...
2026-07-28T22:51:57-04:00 dcwasof2nexvue01 bash[27210]: Got context from element 'vah264enc0': gst.va.display.handle=context, gst-display=(GstObject)"\(GstVaDisplayDrm\)\ vadisplaydrm2", description=(string)"Intel\(R\)\ Gen\ Graphics", path=(string)/dev/dri/renderD128;
2026-07-28T22:51:57-04:00 dcwasof2nexvue01 bash[27210]: Progress: (open) Opening Stream
2026-07-28T22:51:57-04:00 dcwasof2nexvue01 bash[27210]: Progress: (connect) Connecting to rtsp://127.0.0.1:8554/ch7?jwt=eyJhbGciOiJSUzI1NiIsInR5cCI6IkpXVCIsImtpZCI6Ikk4TXU0UzdHbW9BIn0.eyJpYXQiOjE3ODUyOTAxNzAsImV4cCI6MjEwMDY1MDE3MCwiaXNzIjoibmV4dnVlLWVkZ2UiLCJzdWIiOiJuZXh2dWUtZW5jb2RlIiwibWVkaWFtdHhfcGVybWlzc2lvbnMiOlt7ImFjdGlvbiI6InB1Ymxpc2giLCJwYXRoIjoiIn0seyJhY3Rpb24iOiJhcGkifV19.dGbo3znxmuXcs3_azRaYNG80pB1vp-oq7x4cflOpM5QYkUzd8QIhtnHFL9y1IZRQ9Yrm_eop48Fb8PuJU8CS3nhVThA02zuUiLwqFsWDJupZg5IUsTOdymybYfqvifwH8QZj66_uFC83Abjt6JCJhKBSMLqpKWNdAPDUl3elTsQ9UGzLUc0ScesumgW11t_cp6cxGWwVb96bnfGv8lt3GnawjEwchpEGMQjkJRKsgM4L_xpqDzwseUjti8CSDsUZWuIku-Qct7UOnd7PX1e5OhXLclURiq_8VXssuw22t2UxgZzHLL7D0-7XwJ4bVobLrG3unzbiNepAGrAvtyNn1w
2026-07-28T22:51:57-04:00 dcwasof2nexvue01 bash[27210]: Pipeline is PREROLLED ...
2026-07-28T22:51:57-04:00 dcwasof2nexvue01 bash[27210]: Prerolled, waiting for progress to finish...
2026-07-28T22:51:57-04:00 dcwasof2nexvue01 bash[27210]: Progress: (open) Retrieving server options
2026-07-28T22:51:57-04:00 dcwasof2nexvue01 bash[27210]: Progress: (open) Opened Stream
2026-07-28T22:51:57-04:00 dcwasof2nexvue01 bash[27210]: Setting pipeline to PLAYING ...
2026-07-28T22:51:57-04:00 dcwasof2nexvue01 bash[27210]: New clock: GstSystemClock
2026-07-28T22:51:57-04:00 dcwasof2nexvue01 bash[27210]: Progress: (request) Sending RECORD request
2026-07-28T22:51:57-04:00 dcwasof2nexvue01 bash[27210]: WARNING: from element /GstPipeline:pipeline0/GstDecklinkVideoSrc:decklinkvideosrc0: Signal lost
2026-07-28T22:51:57-04:00 dcwasof2nexvue01 bash[27210]: Additional debug info:
2026-07-28T22:51:57-04:00 dcwasof2nexvue01 bash[27210]: ../sys/decklink/gstdecklinkvideosrc.cpp(1283): gst_decklink_video_src_create (): /GstPipeline:pipeline0/GstDecklinkVideoSrc:decklinkvideosrc0:
2026-07-28T22:51:57-04:00 dcwasof2nexvue01 bash[27210]: No input source was detected - video frames invalid
2026-07-28T22:51:57-04:00 dcwasof2nexvue01 bash[27210]: Redistribute latency...
2026-07-28T22:51:57-04:00 dcwasof2nexvue01 bash[27210]: Redistribute latency...
2026-07-28T22:51:57-04:00 dcwasof2nexvue01 bash[27210]: Redistribute latency...
2026-07-28T22:51:57-04:00 dcwasof2nexvue01 bash[27210]: Progress: (record) Sending server stream info
2026-07-28T22:51:57-04:00 dcwasof2nexvue01 bash[27210]: Progress: (request) SETUP stream 1
2026-07-28T22:51:57-04:00 dcwasof2nexvue01 bash[27210]: Redistribute latency...
2026-07-28T22:51:57-04:00 dcwasof2nexvue01 bash[27210]: Redistribute latency...
2026-07-28T22:51:58-04:00 dcwasof2nexvue01 bash[27210]: Progress: (request) SETUP stream 0
2026-07-28T22:51:58-04:00 dcwasof2nexvue01 bash[27210]: Redistribute latency...
2026-07-28T22:51:58-04:00 dcwasof2nexvue01 bash[27210]: Redistribute latency...
2026-07-28T22:51:59-04:00 dcwasof2nexvue01 bash[27210]: Progress: (record) Starting recording
2026-07-28T22:51:59-04:00 dcwasof2nexvue01 bash[27210]: Redistribute latency...
2026-07-28T22:51:59-04:00 dcwasof2nexvue01 bash[27210]: INFO:
2026-07-28T22:51:59-04:00 dcwasof2nexvue01 bash[27210]: ../sys/decklink/gstdecklinkvideosrc.cpp(1300): gst_decklink_video_src_create (): /GstPipeline:pipeline0/GstDecklinkVideoSrc:decklinkvideosrc0:
2026-07-28T22:51:59-04:00 dcwasof2nexvue01 bash[27210]: Input source detected
2026-07-28T22:51:59-04:00 dcwasof2nexvue01 bash[27210]: Redistribute latency...
2026-07-28T22:51:59-04:00 dcwasof2nexvue01 bash[27210]: WARNING: from element /GstPipeline:pipeline0/GstDecklinkVideoSrc:decklinkvideosrc0: Dropped 58 old frames from 0:00:00.126323698 to 0:00:02.079986018
2026-07-28T22:51:59-04:00 dcwasof2nexvue01 bash[27210]: Additional debug info:
2026-07-28T22:51:59-04:00 dcwasof2nexvue01 bash[27210]: ../sys/decklink/gstdecklinkvideosrc.cpp(925): gst_decklink_video_src_got_frame (): /GstPipeline:pipeline0/GstDecklinkVideoSrc:decklinkvideosrc0
2026-07-28T22:52:01-04:00 dcwasof2nexvue01 bash[27210]: Redistribute latency...
2026-07-28T22:52:02-04:00 dcwasof2nexvue01 bash[27210]: Redistribute latency...
