2026-07-28T22:31:43-04:00 dcwasof2nexvue01 systemd[1]: Starting nexvue-encode@4.service - NexVUE encoder channel 4 (DeckLink -> MediaMTX)...
2026-07-28T22:31:43-04:00 dcwasof2nexvue01 systemd[1]: Started nexvue-encode@4.service - NexVUE encoder channel 4 (DeckLink -> MediaMTX).
2026-07-28T22:31:44-04:00 dcwasof2nexvue01 bash[2369523]: [nexvue-encode] starting: device=4 path=ch4 deint=all hi=5000kbps lo=true(700kbps) audio=true layout=51_sap(8ch@384000bps embeds=1,2,3,4,5,6,7,8) captions=true enc=vah264enc
2026-07-28T22:31:44-04:00 dcwasof2nexvue01 bash[2369523]: [nexvue-encode] publishing HI to rtsp://127.0.0.1:8554/ch4?jwt=eyJhbGciOiJSUzI1NiIsInR5cCI6IkpXVCIsImtpZCI6Ikk4TXU0UzdHbW9BIn0.eyJpYXQiOjE3ODUyOTAxNzAsImV4cCI6MjEwMDY1MDE3MCwiaXNzIjoibmV4dnVlLWVkZ2UiLCJzdWIiOiJuZXh2dWUtZW5jb2RlIiwibWVkaWFtdHhfcGVybWlzc2lvbnMiOlt7ImFjdGlvbiI6InB1Ymxpc2giLCJwYXRoIjoiIn0seyJhY3Rpb24iOiJhcGkifV19.dGbo3znxmuXcs3_azRaYNG80pB1vp-oq7x4cflOpM5QYkUzd8QIhtnHFL9y1IZRQ9Yrm_eop48Fb8PuJU8CS3nhVThA02zuUiLwqFsWDJupZg5IUsTOdymybYfqvifwH8QZj66_uFC83Abjt6JCJhKBSMLqpKWNdAPDUl3elTsQ9UGzLUc0ScesumgW11t_cp6cxGWwVb96bnfGv8lt3GnawjEwchpEGMQjkJRKsgM4L_xpqDzwseUjti8CSDsUZWuIku-Qct7UOnd7PX1e5OhXLclURiq_8VXssuw22t2UxgZzHLL7D0-7XwJ4bVobLrG3unzbiNepAGrAvtyNn1w, LO to rtsp://127.0.0.1:8554/ch4lo?jwt=eyJhbGciOiJSUzI1NiIsInR5cCI6IkpXVCIsImtpZCI6Ikk4TXU0UzdHbW9BIn0.eyJpYXQiOjE3ODUyOTAxNzAsImV4cCI6MjEwMDY1MDE3MCwiaXNzIjoibmV4dnVlLWVkZ2UiLCJzdWIiOiJuZXh2dWUtZW5jb2RlIiwibWVkaWFtdHhfcGVybWlzc2lvbnMiOlt7ImFjdGlvbiI6InB1Ymxpc2giLCJwYXRoIjoiIn0seyJhY3Rpb24iOiJhcGkifV19.dGbo3znxmuXcs3_azRaYNG80pB1vp-oq7x4cflOpM5QYkUzd8QIhtnHFL9y1IZRQ9Yrm_eop48Fb8PuJU8CS3nhVThA02zuUiLwqFsWDJupZg5IUsTOdymybYfqvifwH8QZj66_uFC83Abjt6JCJhKBSMLqpKWNdAPDUl3elTsQ9UGzLUc0ScesumgW11t_cp6cxGWwVb96bnfGv8lt3GnawjEwchpEGMQjkJRKsgM4L_xpqDzwseUjti8CSDsUZWuIku-Qct7UOnd7PX1e5OhXLclURiq_8VXssuw22t2UxgZzHLL7D0-7XwJ4bVobLrG3unzbiNepAGrAvtyNn1w
2026-07-28T22:31:44-04:00 dcwasof2nexvue01 bash[2369586]: Setting pipeline to PAUSED ...
2026-07-28T22:31:44-04:00 dcwasof2nexvue01 bash[2369586]: Pipeline is live and does not need PREROLL ...
2026-07-28T22:31:44-04:00 dcwasof2nexvue01 bash[2369586]: Got context from element 'vah264enc1': gst.va.display.handle=context, gst-display=(GstObject)"\(GstVaDisplayDrm\)\ vadisplaydrm2", description=(string)"Intel\(R\)\ Gen\ Graphics", path=(string)/dev/dri/renderD128;
2026-07-28T22:31:44-04:00 dcwasof2nexvue01 bash[2369586]: Progress: (open) Opening Stream
2026-07-28T22:31:44-04:00 dcwasof2nexvue01 bash[2369586]: Progress: (open) Opening Stream
2026-07-28T22:31:44-04:00 dcwasof2nexvue01 bash[2369586]: Progress: (connect) Connecting to rtsp://127.0.0.1:8554/ch4lo?jwt=eyJhbGciOiJSUzI1NiIsInR5cCI6IkpXVCIsImtpZCI6Ikk4TXU0UzdHbW9BIn0.eyJpYXQiOjE3ODUyOTAxNzAsImV4cCI6MjEwMDY1MDE3MCwiaXNzIjoibmV4dnVlLWVkZ2UiLCJzdWIiOiJuZXh2dWUtZW5jb2RlIiwibWVkaWFtdHhfcGVybWlzc2lvbnMiOlt7ImFjdGlvbiI6InB1Ymxpc2giLCJwYXRoIjoiIn0seyJhY3Rpb24iOiJhcGkifV19.dGbo3znxmuXcs3_azRaYNG80pB1vp-oq7x4cflOpM5QYkUzd8QIhtnHFL9y1IZRQ9Yrm_eop48Fb8PuJU8CS3nhVThA02zuUiLwqFsWDJupZg5IUsTOdymybYfqvifwH8QZj66_uFC83Abjt6JCJhKBSMLqpKWNdAPDUl3elTsQ9UGzLUc0ScesumgW11t_cp6cxGWwVb96bnfGv8lt3GnawjEwchpEGMQjkJRKsgM4L_xpqDzwseUjti8CSDsUZWuIku-Qct7UOnd7PX1e5OhXLclURiq_8VXssuw22t2UxgZzHLL7D0-7XwJ4bVobLrG3unzbiNepAGrAvtyNn1w
2026-07-28T22:31:44-04:00 dcwasof2nexvue01 bash[2369586]: Progress: (connect) Connecting to rtsp://127.0.0.1:8554/ch4?jwt=eyJhbGciOiJSUzI1NiIsInR5cCI6IkpXVCIsImtpZCI6Ikk4TXU0UzdHbW9BIn0.eyJpYXQiOjE3ODUyOTAxNzAsImV4cCI6MjEwMDY1MDE3MCwiaXNzIjoibmV4dnVlLWVkZ2UiLCJzdWIiOiJuZXh2dWUtZW5jb2RlIiwibWVkaWFtdHhfcGVybWlzc2lvbnMiOlt7ImFjdGlvbiI6InB1Ymxpc2giLCJwYXRoIjoiIn0seyJhY3Rpb24iOiJhcGkifV19.dGbo3znxmuXcs3_azRaYNG80pB1vp-oq7x4cflOpM5QYkUzd8QIhtnHFL9y1IZRQ9Yrm_eop48Fb8PuJU8CS3nhVThA02zuUiLwqFsWDJupZg5IUsTOdymybYfqvifwH8QZj66_uFC83Abjt6JCJhKBSMLqpKWNdAPDUl3elTsQ9UGzLUc0ScesumgW11t_cp6cxGWwVb96bnfGv8lt3GnawjEwchpEGMQjkJRKsgM4L_xpqDzwseUjti8CSDsUZWuIku-Qct7UOnd7PX1e5OhXLclURiq_8VXssuw22t2UxgZzHLL7D0-7XwJ4bVobLrG3unzbiNepAGrAvtyNn1w
2026-07-28T22:31:44-04:00 dcwasof2nexvue01 bash[2369586]: Pipeline is PREROLLED ...
2026-07-28T22:31:44-04:00 dcwasof2nexvue01 bash[2369586]: Prerolled, waiting for progress to finish...
2026-07-28T22:31:44-04:00 dcwasof2nexvue01 bash[2369586]: Progress: (open) Retrieving server options
2026-07-28T22:31:44-04:00 dcwasof2nexvue01 bash[2369586]: Progress: (open) Opened Stream
2026-07-28T22:31:44-04:00 dcwasof2nexvue01 bash[2369586]: Setting pipeline to PLAYING ...
2026-07-28T22:31:44-04:00 dcwasof2nexvue01 bash[2369586]: New clock: GstSystemClock
2026-07-28T22:31:44-04:00 dcwasof2nexvue01 bash[2369586]: Progress: (open) Retrieving server options
2026-07-28T22:31:44-04:00 dcwasof2nexvue01 bash[2369586]: Progress: (request) Sending RECORD request
2026-07-28T22:31:44-04:00 dcwasof2nexvue01 bash[2369586]: Progress: (request) Sending RECORD request
2026-07-28T22:31:44-04:00 dcwasof2nexvue01 bash[2369586]: Progress: (open) Opened Stream
2026-07-28T22:31:44-04:00 dcwasof2nexvue01 bash[2369586]: WARNING: from element /GstPipeline:pipeline0/GstDecklinkVideoSrc:decklinkvideosrc0: Signal lost
2026-07-28T22:31:44-04:00 dcwasof2nexvue01 bash[2369586]: Additional debug info:
2026-07-28T22:31:44-04:00 dcwasof2nexvue01 bash[2369586]: ../sys/decklink/gstdecklinkvideosrc.cpp(1283): gst_decklink_video_src_create (): /GstPipeline:pipeline0/GstDecklinkVideoSrc:decklinkvideosrc0:
2026-07-28T22:31:44-04:00 dcwasof2nexvue01 bash[2369586]: No input source was detected - video frames invalid
2026-07-28T22:31:44-04:00 dcwasof2nexvue01 bash[2369586]: Redistribute latency...
2026-07-28T22:31:44-04:00 dcwasof2nexvue01 bash[2369586]: Redistribute latency...
2026-07-28T22:31:44-04:00 dcwasof2nexvue01 bash[2369586]: Redistribute latency...
2026-07-28T22:31:44-04:00 dcwasof2nexvue01 bash[2369586]: Redistribute latency...
2026-07-28T22:31:44-04:00 dcwasof2nexvue01 bash[2369586]: Progress: (record) Sending server stream info
2026-07-28T22:31:44-04:00 dcwasof2nexvue01 bash[2369586]: Progress: (record) Sending server stream info
2026-07-28T22:31:44-04:00 dcwasof2nexvue01 bash[2369586]: Progress: (request) SETUP stream 1
2026-07-28T22:31:44-04:00 dcwasof2nexvue01 bash[2369586]: Progress: (request) SETUP stream 1
2026-07-28T22:31:44-04:00 dcwasof2nexvue01 bash[2369586]: Redistribute latency...
2026-07-28T22:31:44-04:00 dcwasof2nexvue01 bash[2369586]: Redistribute latency...
2026-07-28T22:31:44-04:00 dcwasof2nexvue01 bash[2369586]: Redistribute latency...
2026-07-28T22:31:44-04:00 dcwasof2nexvue01 bash[2369586]: Redistribute latency...
2026-07-28T22:31:44-04:00 dcwasof2nexvue01 bash[2369586]: INFO:
2026-07-28T22:31:44-04:00 dcwasof2nexvue01 bash[2369586]: ../sys/decklink/gstdecklinkvideosrc.cpp(1300): gst_decklink_video_src_create (): /GstPipeline:pipeline0/GstDecklinkVideoSrc:decklinkvideosrc0:
2026-07-28T22:31:44-04:00 dcwasof2nexvue01 bash[2369586]: Input source detected
2026-07-28T22:31:44-04:00 dcwasof2nexvue01 bash[2369586]: Redistribute latency...
2026-07-28T22:31:45-04:00 dcwasof2nexvue01 bash[2369586]: Progress: (request) SETUP stream 0
2026-07-28T22:31:45-04:00 dcwasof2nexvue01 bash[2369586]: Progress: (request) SETUP stream 0
2026-07-28T22:31:45-04:00 dcwasof2nexvue01 bash[2369586]: Redistribute latency...
2026-07-28T22:31:45-04:00 dcwasof2nexvue01 bash[2369586]: Redistribute latency...
2026-07-28T22:31:45-04:00 dcwasof2nexvue01 bash[2369586]: Redistribute latency...
2026-07-28T22:31:45-04:00 dcwasof2nexvue01 bash[2369586]: Redistribute latency...
2026-07-28T22:31:46-04:00 dcwasof2nexvue01 bash[2369586]: Progress: (record) Starting recording
2026-07-28T22:31:46-04:00 dcwasof2nexvue01 bash[2369586]: Progress: (record) Starting recording
2026-07-28T22:31:46-04:00 dcwasof2nexvue01 bash[2369586]: Redistribute latency...
2026-07-28T22:31:46-04:00 dcwasof2nexvue01 bash[2369586]: Redistribute latency...
2026-07-28T22:31:46-04:00 dcwasof2nexvue01 bash[2369586]: WARNING: from element /GstPipeline:pipeline0/GstDecklinkVideoSrc:decklinkvideosrc0: Dropped 67 old frames from 0:00:01.156638674 to 0:00:02.257739895
2026-07-28T22:31:46-04:00 dcwasof2nexvue01 bash[2369586]: Additional debug info:
2026-07-28T22:31:46-04:00 dcwasof2nexvue01 bash[2369586]: ../sys/decklink/gstdecklinkvideosrc.cpp(925): gst_decklink_video_src_got_frame (): /GstPipeline:pipeline0/GstDecklinkVideoSrc:decklinkvideosrc0
2026-07-28T22:31:47-04:00 dcwasof2nexvue01 bash[2369586]: Redistribute latency...
2026-07-28T22:31:47-04:00 dcwasof2nexvue01 bash[2369586]: Redistribute latency...
2026-07-28T22:31:47-04:00 dcwasof2nexvue01 bash[2369586]: Redistribute latency...
2026-07-28T22:31:48-04:00 dcwasof2nexvue01 bash[2369586]: Redistribute latency...
2026-07-28T22:34:39-04:00 dcwasof2nexvue01 systemd[1]: Stopping nexvue-encode@4.service - NexVUE encoder channel 4 (DeckLink -> MediaMTX)...
2026-07-28T22:34:39-04:00 dcwasof2nexvue01 bash[2369523]: Terminated
2026-07-28T22:34:39-04:00 dcwasof2nexvue01 systemd[1]: nexvue-encode@4.service: Main process exited, code=exited, status=143/n/a
2026-07-28T22:34:39-04:00 dcwasof2nexvue01 systemd[1]: nexvue-encode@4.service: Failed with result 'exit-code'.
2026-07-28T22:34:39-04:00 dcwasof2nexvue01 systemd[1]: Stopped nexvue-encode@4.service - NexVUE encoder channel 4 (DeckLink -> MediaMTX).
2026-07-28T22:34:39-04:00 dcwasof2nexvue01 systemd[1]: nexvue-encode@4.service: Consumed 1min 54.514s CPU time.
-- Boot 7dc65741f33b4e2ba2f12ad984e68e0d --
2026-07-28T22:35:00-04:00 dcwasof2nexvue01 systemd[1]: Starting nexvue-encode@4.service - NexVUE encoder channel 4 (DeckLink -> MediaMTX)...
2026-07-28T22:35:00-04:00 dcwasof2nexvue01 systemd[1]: Started nexvue-encode@4.service - NexVUE encoder channel 4 (DeckLink -> MediaMTX).
2026-07-28T22:35:01-04:00 dcwasof2nexvue01 bash[2095]: [nexvue-encode] starting: device=4 path=ch4 deint=all hi=5000kbps lo=true(700kbps) audio=true layout=51_sap(8ch@384000bps embeds=1,2,3,4,5,6,7,8) captions=true enc=vah264enc
2026-07-28T22:35:01-04:00 dcwasof2nexvue01 bash[2095]: [nexvue-encode] publishing HI to rtsp://127.0.0.1:8554/ch4?jwt=eyJhbGciOiJSUzI1NiIsInR5cCI6IkpXVCIsImtpZCI6Ikk4TXU0UzdHbW9BIn0.eyJpYXQiOjE3ODUyOTAxNzAsImV4cCI6MjEwMDY1MDE3MCwiaXNzIjoibmV4dnVlLWVkZ2UiLCJzdWIiOiJuZXh2dWUtZW5jb2RlIiwibWVkaWFtdHhfcGVybWlzc2lvbnMiOlt7ImFjdGlvbiI6InB1Ymxpc2giLCJwYXRoIjoiIn0seyJhY3Rpb24iOiJhcGkifV19.dGbo3znxmuXcs3_azRaYNG80pB1vp-oq7x4cflOpM5QYkUzd8QIhtnHFL9y1IZRQ9Yrm_eop48Fb8PuJU8CS3nhVThA02zuUiLwqFsWDJupZg5IUsTOdymybYfqvifwH8QZj66_uFC83Abjt6JCJhKBSMLqpKWNdAPDUl3elTsQ9UGzLUc0ScesumgW11t_cp6cxGWwVb96bnfGv8lt3GnawjEwchpEGMQjkJRKsgM4L_xpqDzwseUjti8CSDsUZWuIku-Qct7UOnd7PX1e5OhXLclURiq_8VXssuw22t2UxgZzHLL7D0-7XwJ4bVobLrG3unzbiNepAGrAvtyNn1w, LO to rtsp://127.0.0.1:8554/ch4lo?jwt=eyJhbGciOiJSUzI1NiIsInR5cCI6IkpXVCIsImtpZCI6Ikk4TXU0UzdHbW9BIn0.eyJpYXQiOjE3ODUyOTAxNzAsImV4cCI6MjEwMDY1MDE3MCwiaXNzIjoibmV4dnVlLWVkZ2UiLCJzdWIiOiJuZXh2dWUtZW5jb2RlIiwibWVkaWFtdHhfcGVybWlzc2lvbnMiOlt7ImFjdGlvbiI6InB1Ymxpc2giLCJwYXRoIjoiIn0seyJhY3Rpb24iOiJhcGkifV19.dGbo3znxmuXcs3_azRaYNG80pB1vp-oq7x4cflOpM5QYkUzd8QIhtnHFL9y1IZRQ9Yrm_eop48Fb8PuJU8CS3nhVThA02zuUiLwqFsWDJupZg5IUsTOdymybYfqvifwH8QZj66_uFC83Abjt6JCJhKBSMLqpKWNdAPDUl3elTsQ9UGzLUc0ScesumgW11t_cp6cxGWwVb96bnfGv8lt3GnawjEwchpEGMQjkJRKsgM4L_xpqDzwseUjti8CSDsUZWuIku-Qct7UOnd7PX1e5OhXLclURiq_8VXssuw22t2UxgZzHLL7D0-7XwJ4bVobLrG3unzbiNepAGrAvtyNn1w
2026-07-28T22:35:01-04:00 dcwasof2nexvue01 bash[2621]: Setting pipeline to PAUSED ...
2026-07-28T22:35:01-04:00 dcwasof2nexvue01 bash[2621]: Pipeline is live and does not need PREROLL ...
2026-07-28T22:35:01-04:00 dcwasof2nexvue01 bash[2621]: Got context from element 'vah264enc1': gst.va.display.handle=context, gst-display=(GstObject)"\(GstVaDisplayDrm\)\ vadisplaydrm2", description=(string)"Intel\(R\)\ Gen\ Graphics", path=(string)/dev/dri/renderD128;
2026-07-28T22:35:01-04:00 dcwasof2nexvue01 bash[2621]: Progress: (open) Opening Stream
2026-07-28T22:35:01-04:00 dcwasof2nexvue01 bash[2621]: Progress: (open) Opening Stream
2026-07-28T22:35:01-04:00 dcwasof2nexvue01 bash[2621]: Progress: (connect) Connecting to rtsp://127.0.0.1:8554/ch4lo?jwt=eyJhbGciOiJSUzI1NiIsInR5cCI6IkpXVCIsImtpZCI6Ikk4TXU0UzdHbW9BIn0.eyJpYXQiOjE3ODUyOTAxNzAsImV4cCI6MjEwMDY1MDE3MCwiaXNzIjoibmV4dnVlLWVkZ2UiLCJzdWIiOiJuZXh2dWUtZW5jb2RlIiwibWVkaWFtdHhfcGVybWlzc2lvbnMiOlt7ImFjdGlvbiI6InB1Ymxpc2giLCJwYXRoIjoiIn0seyJhY3Rpb24iOiJhcGkifV19.dGbo3znxmuXcs3_azRaYNG80pB1vp-oq7x4cflOpM5QYkUzd8QIhtnHFL9y1IZRQ9Yrm_eop48Fb8PuJU8CS3nhVThA02zuUiLwqFsWDJupZg5IUsTOdymybYfqvifwH8QZj66_uFC83Abjt6JCJhKBSMLqpKWNdAPDUl3elTsQ9UGzLUc0ScesumgW11t_cp6cxGWwVb96bnfGv8lt3GnawjEwchpEGMQjkJRKsgM4L_xpqDzwseUjti8CSDsUZWuIku-Qct7UOnd7PX1e5OhXLclURiq_8VXssuw22t2UxgZzHLL7D0-7XwJ4bVobLrG3unzbiNepAGrAvtyNn1w
2026-07-28T22:35:01-04:00 dcwasof2nexvue01 bash[2621]: Progress: (connect) Connecting to rtsp://127.0.0.1:8554/ch4?jwt=eyJhbGciOiJSUzI1NiIsInR5cCI6IkpXVCIsImtpZCI6Ikk4TXU0UzdHbW9BIn0.eyJpYXQiOjE3ODUyOTAxNzAsImV4cCI6MjEwMDY1MDE3MCwiaXNzIjoibmV4dnVlLWVkZ2UiLCJzdWIiOiJuZXh2dWUtZW5jb2RlIiwibWVkaWFtdHhfcGVybWlzc2lvbnMiOlt7ImFjdGlvbiI6InB1Ymxpc2giLCJwYXRoIjoiIn0seyJhY3Rpb24iOiJhcGkifV19.dGbo3znxmuXcs3_azRaYNG80pB1vp-oq7x4cflOpM5QYkUzd8QIhtnHFL9y1IZRQ9Yrm_eop48Fb8PuJU8CS3nhVThA02zuUiLwqFsWDJupZg5IUsTOdymybYfqvifwH8QZj66_uFC83Abjt6JCJhKBSMLqpKWNdAPDUl3elTsQ9UGzLUc0ScesumgW11t_cp6cxGWwVb96bnfGv8lt3GnawjEwchpEGMQjkJRKsgM4L_xpqDzwseUjti8CSDsUZWuIku-Qct7UOnd7PX1e5OhXLclURiq_8VXssuw22t2UxgZzHLL7D0-7XwJ4bVobLrG3unzbiNepAGrAvtyNn1w
2026-07-28T22:35:01-04:00 dcwasof2nexvue01 bash[2621]: Pipeline is PREROLLED ...
2026-07-28T22:35:01-04:00 dcwasof2nexvue01 bash[2621]: Prerolled, waiting for progress to finish...
2026-07-28T22:35:01-04:00 dcwasof2nexvue01 bash[2621]: Progress: (open) Retrieving server options
2026-07-28T22:35:01-04:00 dcwasof2nexvue01 bash[2621]: Progress: (open) Retrieving server options
2026-07-28T22:35:01-04:00 dcwasof2nexvue01 bash[2621]: Progress: (open) Opened Stream
2026-07-28T22:35:01-04:00 dcwasof2nexvue01 bash[2621]: Setting pipeline to PLAYING ...
2026-07-28T22:35:01-04:00 dcwasof2nexvue01 bash[2621]: Progress: (open) Opened Stream
2026-07-28T22:35:01-04:00 dcwasof2nexvue01 bash[2621]: New clock: GstSystemClock
2026-07-28T22:35:01-04:00 dcwasof2nexvue01 bash[2621]: Progress: (request) Sending RECORD request
2026-07-28T22:35:01-04:00 dcwasof2nexvue01 bash[2621]: Progress: (request) Sending RECORD request
2026-07-28T22:35:01-04:00 dcwasof2nexvue01 bash[2621]: WARNING: from element /GstPipeline:pipeline0/GstDecklinkVideoSrc:decklinkvideosrc0: Signal lost
2026-07-28T22:35:01-04:00 dcwasof2nexvue01 bash[2621]: Additional debug info:
2026-07-28T22:35:01-04:00 dcwasof2nexvue01 bash[2621]: ../sys/decklink/gstdecklinkvideosrc.cpp(1283): gst_decklink_video_src_create (): /GstPipeline:pipeline0/GstDecklinkVideoSrc:decklinkvideosrc0:
2026-07-28T22:35:01-04:00 dcwasof2nexvue01 bash[2621]: No input source was detected - video frames invalid
2026-07-28T22:35:01-04:00 dcwasof2nexvue01 bash[2621]: Redistribute latency...
2026-07-28T22:35:01-04:00 dcwasof2nexvue01 bash[2621]: Redistribute latency...
2026-07-28T22:35:01-04:00 dcwasof2nexvue01 bash[2621]: Redistribute latency...
2026-07-28T22:35:01-04:00 dcwasof2nexvue01 bash[2621]: Progress: (record) Sending server stream info
2026-07-28T22:35:01-04:00 dcwasof2nexvue01 bash[2621]: Progress: (request) SETUP stream 1
2026-07-28T22:35:01-04:00 dcwasof2nexvue01 bash[2621]: Redistribute latency...
2026-07-28T22:35:01-04:00 dcwasof2nexvue01 bash[2621]: Redistribute latency...
2026-07-28T22:35:01-04:00 dcwasof2nexvue01 bash[2621]: Redistribute latency...
2026-07-28T22:35:01-04:00 dcwasof2nexvue01 bash[2621]: Progress: (record) Sending server stream info
2026-07-28T22:35:01-04:00 dcwasof2nexvue01 bash[2621]: Progress: (request) SETUP stream 1
2026-07-28T22:35:01-04:00 dcwasof2nexvue01 bash[2621]: Redistribute latency...
2026-07-28T22:35:01-04:00 dcwasof2nexvue01 bash[2621]: Redistribute latency...
2026-07-28T22:35:02-04:00 dcwasof2nexvue01 bash[2621]: INFO:
2026-07-28T22:35:02-04:00 dcwasof2nexvue01 bash[2621]: ../sys/decklink/gstdecklinkvideosrc.cpp(1300): gst_decklink_video_src_create (): /GstPipeline:pipeline0/GstDecklinkVideoSrc:decklinkvideosrc0:
2026-07-28T22:35:02-04:00 dcwasof2nexvue01 bash[2621]: Input source detected
2026-07-28T22:35:02-04:00 dcwasof2nexvue01 bash[2621]: Redistribute latency...
2026-07-28T22:35:02-04:00 dcwasof2nexvue01 bash[2621]: Progress: (request) SETUP stream 0
2026-07-28T22:35:02-04:00 dcwasof2nexvue01 bash[2621]: Redistribute latency...
2026-07-28T22:35:02-04:00 dcwasof2nexvue01 bash[2621]: Redistribute latency...
2026-07-28T22:35:02-04:00 dcwasof2nexvue01 bash[2621]: Progress: (request) SETUP stream 0
2026-07-28T22:35:02-04:00 dcwasof2nexvue01 bash[2621]: Redistribute latency...
2026-07-28T22:35:02-04:00 dcwasof2nexvue01 bash[2621]: Redistribute latency...
2026-07-28T22:35:03-04:00 dcwasof2nexvue01 bash[2621]: Progress: (record) Starting recording
2026-07-28T22:35:03-04:00 dcwasof2nexvue01 bash[2621]: Redistribute latency...
2026-07-28T22:35:03-04:00 dcwasof2nexvue01 bash[2621]: Progress: (record) Starting recording
2026-07-28T22:35:03-04:00 dcwasof2nexvue01 bash[2621]: Redistribute latency...
2026-07-28T22:35:04-04:00 dcwasof2nexvue01 bash[2621]: WARNING: from element /GstPipeline:pipeline0/GstDecklinkVideoSrc:decklinkvideosrc0: Dropped 75 old frames from 0:00:01.168176632 to 0:00:02.402773358
2026-07-28T22:35:04-04:00 dcwasof2nexvue01 bash[2621]: Additional debug info:
2026-07-28T22:35:04-04:00 dcwasof2nexvue01 bash[2621]: ../sys/decklink/gstdecklinkvideosrc.cpp(925): gst_decklink_video_src_got_frame (): /GstPipeline:pipeline0/GstDecklinkVideoSrc:decklinkvideosrc0
2026-07-28T22:35:04-04:00 dcwasof2nexvue01 bash[2621]: WARNING: from element /GstPipeline:pipeline0/GstDecklinkVideoSrc:decklinkvideosrc0: Dropped 10 old frames from 0:00:02.436136377 to 0:00:02.586274011
2026-07-28T22:35:04-04:00 dcwasof2nexvue01 bash[2621]: Additional debug info:
2026-07-28T22:35:04-04:00 dcwasof2nexvue01 bash[2621]: ../sys/decklink/gstdecklinkvideosrc.cpp(925): gst_decklink_video_src_got_frame (): /GstPipeline:pipeline0/GstDecklinkVideoSrc:decklinkvideosrc0
2026-07-28T22:35:05-04:00 dcwasof2nexvue01 bash[2621]: Redistribute latency...
2026-07-28T22:35:06-04:00 dcwasof2nexvue01 bash[2621]: Redistribute latency...
2026-07-28T22:35:06-04:00 dcwasof2nexvue01 bash[2621]: Redistribute latency...
2026-07-28T22:35:06-04:00 dcwasof2nexvue01 bash[2621]: Redistribute latency...
2026-07-28T22:37:16-04:00 dcwasof2nexvue01 systemd[1]: Stopping nexvue-encode@4.service - NexVUE encoder channel 4 (DeckLink -> MediaMTX)...
2026-07-28T22:37:16-04:00 dcwasof2nexvue01 bash[2095]: Terminated
2026-07-28T22:37:16-04:00 dcwasof2nexvue01 systemd[1]: nexvue-encode@4.service: Main process exited, code=exited, status=143/n/a
2026-07-28T22:37:16-04:00 dcwasof2nexvue01 systemd[1]: nexvue-encode@4.service: Failed with result 'exit-code'.
2026-07-28T22:37:16-04:00 dcwasof2nexvue01 systemd[1]: Stopped nexvue-encode@4.service - NexVUE encoder channel 4 (DeckLink -> MediaMTX).
2026-07-28T22:37:16-04:00 dcwasof2nexvue01 systemd[1]: nexvue-encode@4.service: Consumed 1min 29.248s CPU time.
2026-07-28T22:37:16-04:00 dcwasof2nexvue01 systemd[1]: Starting nexvue-encode@4.service - NexVUE encoder channel 4 (DeckLink -> MediaMTX)...
2026-07-28T22:37:16-04:00 dcwasof2nexvue01 systemd[1]: Started nexvue-encode@4.service - NexVUE encoder channel 4 (DeckLink -> MediaMTX).
2026-07-28T22:37:16-04:00 dcwasof2nexvue01 bash[5335]: [nexvue-encode] starting: device=4 path=ch4 deint=all hi=5000kbps lo=false(1200kbps) audio=true layout=51_sap(8ch@384000bps embeds=1,2,3,4,5,6,7,8) captions=true enc=vah264enc
2026-07-28T22:37:16-04:00 dcwasof2nexvue01 bash[5335]: [nexvue-encode] publishing HI to rtsp://127.0.0.1:8554/ch4?jwt=eyJhbGciOiJSUzI1NiIsInR5cCI6IkpXVCIsImtpZCI6Ikk4TXU0UzdHbW9BIn0.eyJpYXQiOjE3ODUyOTAxNzAsImV4cCI6MjEwMDY1MDE3MCwiaXNzIjoibmV4dnVlLWVkZ2UiLCJzdWIiOiJuZXh2dWUtZW5jb2RlIiwibWVkaWFtdHhfcGVybWlzc2lvbnMiOlt7ImFjdGlvbiI6InB1Ymxpc2giLCJwYXRoIjoiIn0seyJhY3Rpb24iOiJhcGkifV19.dGbo3znxmuXcs3_azRaYNG80pB1vp-oq7x4cflOpM5QYkUzd8QIhtnHFL9y1IZRQ9Yrm_eop48Fb8PuJU8CS3nhVThA02zuUiLwqFsWDJupZg5IUsTOdymybYfqvifwH8QZj66_uFC83Abjt6JCJhKBSMLqpKWNdAPDUl3elTsQ9UGzLUc0ScesumgW11t_cp6cxGWwVb96bnfGv8lt3GnawjEwchpEGMQjkJRKsgM4L_xpqDzwseUjti8CSDsUZWuIku-Qct7UOnd7PX1e5OhXLclURiq_8VXssuw22t2UxgZzHLL7D0-7XwJ4bVobLrG3unzbiNepAGrAvtyNn1w
2026-07-28T22:37:16-04:00 dcwasof2nexvue01 bash[5458]: Setting pipeline to PAUSED ...
2026-07-28T22:37:16-04:00 dcwasof2nexvue01 bash[5458]: Pipeline is live and does not need PREROLL ...
2026-07-28T22:37:16-04:00 dcwasof2nexvue01 bash[5458]: Got context from element 'vah264enc0': gst.va.display.handle=context, gst-display=(GstObject)"\(GstVaDisplayDrm\)\ vadisplaydrm2", description=(string)"Intel\(R\)\ Gen\ Graphics", path=(string)/dev/dri/renderD128;
2026-07-28T22:37:16-04:00 dcwasof2nexvue01 bash[5458]: Progress: (open) Opening Stream
2026-07-28T22:37:16-04:00 dcwasof2nexvue01 bash[5458]: Progress: (connect) Connecting to rtsp://127.0.0.1:8554/ch4?jwt=eyJhbGciOiJSUzI1NiIsInR5cCI6IkpXVCIsImtpZCI6Ikk4TXU0UzdHbW9BIn0.eyJpYXQiOjE3ODUyOTAxNzAsImV4cCI6MjEwMDY1MDE3MCwiaXNzIjoibmV4dnVlLWVkZ2UiLCJzdWIiOiJuZXh2dWUtZW5jb2RlIiwibWVkaWFtdHhfcGVybWlzc2lvbnMiOlt7ImFjdGlvbiI6InB1Ymxpc2giLCJwYXRoIjoiIn0seyJhY3Rpb24iOiJhcGkifV19.dGbo3znxmuXcs3_azRaYNG80pB1vp-oq7x4cflOpM5QYkUzd8QIhtnHFL9y1IZRQ9Yrm_eop48Fb8PuJU8CS3nhVThA02zuUiLwqFsWDJupZg5IUsTOdymybYfqvifwH8QZj66_uFC83Abjt6JCJhKBSMLqpKWNdAPDUl3elTsQ9UGzLUc0ScesumgW11t_cp6cxGWwVb96bnfGv8lt3GnawjEwchpEGMQjkJRKsgM4L_xpqDzwseUjti8CSDsUZWuIku-Qct7UOnd7PX1e5OhXLclURiq_8VXssuw22t2UxgZzHLL7D0-7XwJ4bVobLrG3unzbiNepAGrAvtyNn1w
2026-07-28T22:37:16-04:00 dcwasof2nexvue01 bash[5458]: Pipeline is PREROLLED ...
2026-07-28T22:37:16-04:00 dcwasof2nexvue01 bash[5458]: Prerolled, waiting for progress to finish...
2026-07-28T22:37:16-04:00 dcwasof2nexvue01 bash[5458]: Progress: (open) Retrieving server options
2026-07-28T22:37:16-04:00 dcwasof2nexvue01 bash[5458]: Progress: (open) Opened Stream
2026-07-28T22:37:16-04:00 dcwasof2nexvue01 bash[5458]: Setting pipeline to PLAYING ...
2026-07-28T22:37:16-04:00 dcwasof2nexvue01 bash[5458]: New clock: GstSystemClock
2026-07-28T22:37:16-04:00 dcwasof2nexvue01 bash[5458]: Progress: (request) Sending RECORD request
2026-07-28T22:37:16-04:00 dcwasof2nexvue01 bash[5458]: WARNING: from element /GstPipeline:pipeline0/GstDecklinkVideoSrc:decklinkvideosrc0: Signal lost
2026-07-28T22:37:16-04:00 dcwasof2nexvue01 bash[5458]: Additional debug info:
2026-07-28T22:37:16-04:00 dcwasof2nexvue01 bash[5458]: ../sys/decklink/gstdecklinkvideosrc.cpp(1283): gst_decklink_video_src_create (): /GstPipeline:pipeline0/GstDecklinkVideoSrc:decklinkvideosrc0:
2026-07-28T22:37:16-04:00 dcwasof2nexvue01 bash[5458]: No input source was detected - video frames invalid
2026-07-28T22:37:16-04:00 dcwasof2nexvue01 bash[5458]: Redistribute latency...
2026-07-28T22:37:16-04:00 dcwasof2nexvue01 bash[5458]: Redistribute latency...
2026-07-28T22:37:16-04:00 dcwasof2nexvue01 bash[5458]: Redistribute latency...
2026-07-28T22:37:16-04:00 dcwasof2nexvue01 bash[5458]: Progress: (record) Sending server stream info
2026-07-28T22:37:16-04:00 dcwasof2nexvue01 bash[5458]: Progress: (request) SETUP stream 1
2026-07-28T22:37:16-04:00 dcwasof2nexvue01 bash[5458]: Redistribute latency...
2026-07-28T22:37:16-04:00 dcwasof2nexvue01 bash[5458]: Redistribute latency...
2026-07-28T22:37:17-04:00 dcwasof2nexvue01 bash[5458]: Progress: (request) SETUP stream 0
2026-07-28T22:37:17-04:00 dcwasof2nexvue01 bash[5458]: Redistribute latency...
2026-07-28T22:37:17-04:00 dcwasof2nexvue01 bash[5458]: Redistribute latency...
2026-07-28T22:37:18-04:00 dcwasof2nexvue01 bash[5458]: Progress: (record) Starting recording
2026-07-28T22:37:18-04:00 dcwasof2nexvue01 bash[5458]: Redistribute latency...
2026-07-28T22:37:18-04:00 dcwasof2nexvue01 bash[5458]: INFO:
2026-07-28T22:37:18-04:00 dcwasof2nexvue01 bash[5458]: ../sys/decklink/gstdecklinkvideosrc.cpp(1300): gst_decklink_video_src_create (): /GstPipeline:pipeline0/GstDecklinkVideoSrc:decklinkvideosrc0:
2026-07-28T22:37:18-04:00 dcwasof2nexvue01 bash[5458]: Input source detected
2026-07-28T22:37:18-04:00 dcwasof2nexvue01 bash[5458]: Redistribute latency...
2026-07-28T22:37:18-04:00 dcwasof2nexvue01 bash[5458]: WARNING: from element /GstPipeline:pipeline0/GstDecklinkVideoSrc:decklinkvideosrc0: Dropped 114 old frames from 0:00:00.160307677 to 0:00:02.167777027
2026-07-28T22:37:18-04:00 dcwasof2nexvue01 bash[5458]: Additional debug info:
2026-07-28T22:37:18-04:00 dcwasof2nexvue01 bash[5458]: ../sys/decklink/gstdecklinkvideosrc.cpp(925): gst_decklink_video_src_got_frame (): /GstPipeline:pipeline0/GstDecklinkVideoSrc:decklinkvideosrc0
2026-07-28T22:37:20-04:00 dcwasof2nexvue01 bash[5458]: Redistribute latency...
2026-07-28T22:37:21-04:00 dcwasof2nexvue01 bash[5458]: Redistribute latency...
2026-07-28T22:39:24-04:00 dcwasof2nexvue01 systemd[1]: Stopping nexvue-encode@4.service - NexVUE encoder channel 4 (DeckLink -> MediaMTX)...
2026-07-28T22:39:24-04:00 dcwasof2nexvue01 bash[5335]: Terminated
2026-07-28T22:39:24-04:00 dcwasof2nexvue01 systemd[1]: nexvue-encode@4.service: Main process exited, code=exited, status=143/n/a
2026-07-28T22:39:24-04:00 dcwasof2nexvue01 systemd[1]: nexvue-encode@4.service: Failed with result 'exit-code'.
2026-07-28T22:39:24-04:00 dcwasof2nexvue01 systemd[1]: Stopped nexvue-encode@4.service - NexVUE encoder channel 4 (DeckLink -> MediaMTX).
2026-07-28T22:39:24-04:00 dcwasof2nexvue01 systemd[1]: nexvue-encode@4.service: Consumed 1min 3.441s CPU time.
2026-07-28T22:51:49-04:00 dcwasof2nexvue01 systemd[1]: Starting nexvue-encode@4.service - NexVUE encoder channel 4 (DeckLink -> MediaMTX)...
2026-07-28T22:51:49-04:00 dcwasof2nexvue01 systemd[1]: Started nexvue-encode@4.service - NexVUE encoder channel 4 (DeckLink -> MediaMTX).
2026-07-28T22:51:50-04:00 dcwasof2nexvue01 bash[26211]: [nexvue-encode] starting: device=4 path=ch4 deint=all hi=5000kbps lo=false(1200kbps) audio=true layout=51_sap(8ch@384000bps embeds=1,2,3,4,5,6,7,8) captions=true enc=vah264enc
2026-07-28T22:51:50-04:00 dcwasof2nexvue01 bash[26211]: [nexvue-encode] publishing HI to rtsp://127.0.0.1:8554/ch4?jwt=eyJhbGciOiJSUzI1NiIsInR5cCI6IkpXVCIsImtpZCI6Ikk4TXU0UzdHbW9BIn0.eyJpYXQiOjE3ODUyOTAxNzAsImV4cCI6MjEwMDY1MDE3MCwiaXNzIjoibmV4dnVlLWVkZ2UiLCJzdWIiOiJuZXh2dWUtZW5jb2RlIiwibWVkaWFtdHhfcGVybWlzc2lvbnMiOlt7ImFjdGlvbiI6InB1Ymxpc2giLCJwYXRoIjoiIn0seyJhY3Rpb24iOiJhcGkifV19.dGbo3znxmuXcs3_azRaYNG80pB1vp-oq7x4cflOpM5QYkUzd8QIhtnHFL9y1IZRQ9Yrm_eop48Fb8PuJU8CS3nhVThA02zuUiLwqFsWDJupZg5IUsTOdymybYfqvifwH8QZj66_uFC83Abjt6JCJhKBSMLqpKWNdAPDUl3elTsQ9UGzLUc0ScesumgW11t_cp6cxGWwVb96bnfGv8lt3GnawjEwchpEGMQjkJRKsgM4L_xpqDzwseUjti8CSDsUZWuIku-Qct7UOnd7PX1e5OhXLclURiq_8VXssuw22t2UxgZzHLL7D0-7XwJ4bVobLrG3unzbiNepAGrAvtyNn1w
2026-07-28T22:51:50-04:00 dcwasof2nexvue01 bash[26406]: Setting pipeline to PAUSED ...
2026-07-28T22:51:50-04:00 dcwasof2nexvue01 bash[26406]: Pipeline is live and does not need PREROLL ...
2026-07-28T22:51:50-04:00 dcwasof2nexvue01 bash[26406]: Got context from element 'vah264enc0': gst.va.display.handle=context, gst-display=(GstObject)"\(GstVaDisplayDrm\)\ vadisplaydrm2", description=(string)"Intel\(R\)\ Gen\ Graphics", path=(string)/dev/dri/renderD128;
2026-07-28T22:51:50-04:00 dcwasof2nexvue01 bash[26406]: Progress: (open) Opening Stream
2026-07-28T22:51:50-04:00 dcwasof2nexvue01 bash[26406]: Progress: (connect) Connecting to rtsp://127.0.0.1:8554/ch4?jwt=eyJhbGciOiJSUzI1NiIsInR5cCI6IkpXVCIsImtpZCI6Ikk4TXU0UzdHbW9BIn0.eyJpYXQiOjE3ODUyOTAxNzAsImV4cCI6MjEwMDY1MDE3MCwiaXNzIjoibmV4dnVlLWVkZ2UiLCJzdWIiOiJuZXh2dWUtZW5jb2RlIiwibWVkaWFtdHhfcGVybWlzc2lvbnMiOlt7ImFjdGlvbiI6InB1Ymxpc2giLCJwYXRoIjoiIn0seyJhY3Rpb24iOiJhcGkifV19.dGbo3znxmuXcs3_azRaYNG80pB1vp-oq7x4cflOpM5QYkUzd8QIhtnHFL9y1IZRQ9Yrm_eop48Fb8PuJU8CS3nhVThA02zuUiLwqFsWDJupZg5IUsTOdymybYfqvifwH8QZj66_uFC83Abjt6JCJhKBSMLqpKWNdAPDUl3elTsQ9UGzLUc0ScesumgW11t_cp6cxGWwVb96bnfGv8lt3GnawjEwchpEGMQjkJRKsgM4L_xpqDzwseUjti8CSDsUZWuIku-Qct7UOnd7PX1e5OhXLclURiq_8VXssuw22t2UxgZzHLL7D0-7XwJ4bVobLrG3unzbiNepAGrAvtyNn1w
2026-07-28T22:51:50-04:00 dcwasof2nexvue01 bash[26406]: Pipeline is PREROLLED ...
2026-07-28T22:51:50-04:00 dcwasof2nexvue01 bash[26406]: Prerolled, waiting for progress to finish...
2026-07-28T22:51:50-04:00 dcwasof2nexvue01 bash[26406]: Progress: (open) Retrieving server options
2026-07-28T22:51:50-04:00 dcwasof2nexvue01 bash[26406]: Progress: (open) Opened Stream
2026-07-28T22:51:50-04:00 dcwasof2nexvue01 bash[26406]: Setting pipeline to PLAYING ...
2026-07-28T22:51:50-04:00 dcwasof2nexvue01 bash[26406]: New clock: GstSystemClock
2026-07-28T22:51:50-04:00 dcwasof2nexvue01 bash[26406]: Progress: (request) Sending RECORD request
2026-07-28T22:51:50-04:00 dcwasof2nexvue01 bash[26406]: WARNING: from element /GstPipeline:pipeline0/GstDecklinkVideoSrc:decklinkvideosrc0: Signal lost
2026-07-28T22:51:50-04:00 dcwasof2nexvue01 bash[26406]: Additional debug info:
2026-07-28T22:51:50-04:00 dcwasof2nexvue01 bash[26406]: ../sys/decklink/gstdecklinkvideosrc.cpp(1283): gst_decklink_video_src_create (): /GstPipeline:pipeline0/GstDecklinkVideoSrc:decklinkvideosrc0:
2026-07-28T22:51:50-04:00 dcwasof2nexvue01 bash[26406]: No input source was detected - video frames invalid
2026-07-28T22:51:50-04:00 dcwasof2nexvue01 bash[26406]: Redistribute latency...
2026-07-28T22:51:50-04:00 dcwasof2nexvue01 bash[26406]: Redistribute latency...
2026-07-28T22:51:50-04:00 dcwasof2nexvue01 bash[26406]: Redistribute latency...
2026-07-28T22:51:50-04:00 dcwasof2nexvue01 bash[26406]: Progress: (record) Sending server stream info
2026-07-28T22:51:50-04:00 dcwasof2nexvue01 bash[26406]: Progress: (request) SETUP stream 1
2026-07-28T22:51:50-04:00 dcwasof2nexvue01 bash[26406]: Redistribute latency...
2026-07-28T22:51:50-04:00 dcwasof2nexvue01 bash[26406]: Redistribute latency...
2026-07-28T22:51:51-04:00 dcwasof2nexvue01 bash[26406]: Progress: (request) SETUP stream 0
2026-07-28T22:51:51-04:00 dcwasof2nexvue01 bash[26406]: Redistribute latency...
2026-07-28T22:51:51-04:00 dcwasof2nexvue01 bash[26406]: Redistribute latency...
2026-07-28T22:51:52-04:00 dcwasof2nexvue01 bash[26406]: Progress: (record) Starting recording
2026-07-28T22:51:52-04:00 dcwasof2nexvue01 bash[26406]: Redistribute latency...
2026-07-28T22:51:52-04:00 dcwasof2nexvue01 bash[26406]: INFO:
2026-07-28T22:51:52-04:00 dcwasof2nexvue01 bash[26406]: ../sys/decklink/gstdecklinkvideosrc.cpp(1300): gst_decklink_video_src_create (): /GstPipeline:pipeline0/GstDecklinkVideoSrc:decklinkvideosrc0:
2026-07-28T22:51:52-04:00 dcwasof2nexvue01 bash[26406]: Input source detected
2026-07-28T22:51:52-04:00 dcwasof2nexvue01 bash[26406]: Redistribute latency...
2026-07-28T22:51:52-04:00 dcwasof2nexvue01 bash[26406]: WARNING: from element /GstPipeline:pipeline0/GstDecklinkVideoSrc:decklinkvideosrc0: Dropped 111 old frames from 0:00:00.127707269 to 0:00:02.103265098
2026-07-28T22:51:52-04:00 dcwasof2nexvue01 bash[26406]: Additional debug info:
2026-07-28T22:51:52-04:00 dcwasof2nexvue01 bash[26406]: ../sys/decklink/gstdecklinkvideosrc.cpp(925): gst_decklink_video_src_got_frame (): /GstPipeline:pipeline0/GstDecklinkVideoSrc:decklinkvideosrc0
2026-07-28T22:51:54-04:00 dcwasof2nexvue01 bash[26406]: Redistribute latency...
2026-07-28T22:51:54-04:00 dcwasof2nexvue01 bash[26406]: Redistribute latency...
